[0.076s] DEBUG:colcon:Command line arguments: ['/usr/bin/colcon', 'build', '--base-paths', 'src', '--symlink-install']
[0.076s] DEBUG:colcon:Parsed command line arguments: Namespace(log_base=None, log_level=None, verb_name='build', build_base='build', install_base='install', merge_install=False, symlink_install=True, test_result_base=None, continue_on_error=False, executor='parallel', parallel_workers=20, event_handlers=None, ignore_user_meta=False, metas=['./colcon.meta'], base_paths=['src'], packages_ignore=None, packages_ignore_regex=None, paths=None, packages_up_to=None, packages_up_to_regex=None, packages_above=None, packages_above_and_dependencies=None, packages_above_depth=None, packages_select_by_dep=None, packages_skip_by_dep=None, packages_skip_up_to=None, packages_select_build_failed=False, packages_skip_build_finished=False, packages_select_test_failures=False, packages_skip_test_passed=False, packages_select=None, packages_skip=None, packages_select_regex=None, packages_skip_regex=None, packages_start=None, packages_end=None, allow_overriding=[], cmake_args=None, cmake_target=None, cmake_target_skip_unavailable=False, cmake_clean_cache=False, cmake_clean_first=False, cmake_force_configure=False, ament_cmake_args=None, catkin_cmake_args=None, catkin_skip_building_tests=False, mixin_files=None, mixin=None, verb_parser=<colcon_mixin.mixin.mixin_argument.MixinArgumentDecorator object at 0x79348cb46bd0>, verb_extension=<colcon_core.verb.build.BuildVerb object at 0x79348caee7e0>, main=<bound method BuildVerb.main of <colcon_core.verb.build.BuildVerb object at 0x79348caee7e0>>, mixin_verb=('build',))
[0.097s] Level 1:colcon.colcon_core.package_discovery:discover_packages(colcon_meta) check parameters
[0.097s] Level 1:colcon.colcon_core.package_discovery:discover_packages(recursive) check parameters
[0.097s] Level 1:colcon.colcon_core.package_discovery:discover_packages(ignore) check parameters
[0.097s] Level 1:colcon.colcon_core.package_discovery:discover_packages(path) check parameters
[0.097s] Level 1:colcon.colcon_core.package_discovery:discover_packages(recursive) discover
[0.097s] INFO:colcon.colcon_core.package_discovery:Crawling recursively for packages in '/home/yuxuan/astra_robot_control/skill/ros_ws/src'
[0.097s] Level 1:colcon.colcon_core.package_identification:_identify(src) by extensions ['ignore', 'ignore_ament_install']
[0.097s] Level 1:colcon.colcon_core.package_identification:_identify(src) by extension 'ignore'
[0.097s] Level 1:colcon.colcon_core.package_identification:_identify(src) by extension 'ignore_ament_install'
[0.097s] Level 1:colcon.colcon_core.package_identification:_identify(src) by extensions ['colcon_pkg']
[0.097s] Level 1:colcon.colcon_core.package_identification:_identify(src) by extension 'colcon_pkg'
[0.097s] Level 1:colcon.colcon_core.package_identification:_identify(src) by extensions ['colcon_meta']
[0.097s] Level 1:colcon.colcon_core.package_identification:_identify(src) by extension 'colcon_meta'
[0.097s] Level 1:colcon.colcon_core.package_identification:_identify(src) by extensions ['ros']
[0.097s] Level 1:colcon.colcon_core.package_identification:_identify(src) by extension 'ros'
[0.112s] Level 1:colcon.colcon_core.package_identification:_identify(src) by extensions ['cmake', 'python']
[0.112s] Level 1:colcon.colcon_core.package_identification:_identify(src) by extension 'cmake'
[0.112s] Level 1:colcon.colcon_core.package_identification:_identify(src) by extension 'python'
[0.112s] Level 1:colcon.colcon_core.package_identification:_identify(src) by extensions ['python_setup_py']
[0.112s] Level 1:colcon.colcon_core.package_identification:_identify(src) by extension 'python_setup_py'
[0.112s] Level 1:colcon.colcon_core.package_identification:_identify(src/carm_a3t) by extensions ['ignore', 'ignore_ament_install']
[0.113s] Level 1:colcon.colcon_core.package_identification:_identify(src/carm_a3t) by extension 'ignore'
[0.113s] Level 1:colcon.colcon_core.package_identification:_identify(src/carm_a3t) by extension 'ignore_ament_install'
[0.113s] Level 1:colcon.colcon_core.package_identification:_identify(src/carm_a3t) by extensions ['colcon_pkg']
[0.113s] Level 1:colcon.colcon_core.package_identification:_identify(src/carm_a3t) by extension 'colcon_pkg'
[0.113s] Level 1:colcon.colcon_core.package_identification:_identify(src/carm_a3t) by extensions ['colcon_meta']
[0.113s] Level 1:colcon.colcon_core.package_identification:_identify(src/carm_a3t) by extension 'colcon_meta'
[0.113s] Level 1:colcon.colcon_core.package_identification:_identify(src/carm_a3t) by extensions ['ros']
[0.113s] Level 1:colcon.colcon_core.package_identification:_identify(src/carm_a3t) by extension 'ros'
[0.114s] DEBUG:colcon.colcon_core.package_identification:Package 'src/carm_a3t' with type 'ros.ament_cmake' and name 'carm_a3t'
[0.114s] Level 1:colcon.colcon_core.package_identification:_identify(src/insight_camera) by extensions ['ignore', 'ignore_ament_install']
[0.114s] Level 1:colcon.colcon_core.package_identification:_identify(src/insight_camera) by extension 'ignore'
[0.114s] Level 1:colcon.colcon_core.package_identification:_identify(src/insight_camera) by extension 'ignore_ament_install'
[0.114s] Level 1:colcon.colcon_core.package_identification:_identify(src/insight_camera) by extensions ['colcon_pkg']
[0.114s] Level 1:colcon.colcon_core.package_identification:_identify(src/insight_camera) by extension 'colcon_pkg'
[0.114s] Level 1:colcon.colcon_core.package_identification:_identify(src/insight_camera) by extensions ['colcon_meta']
[0.114s] Level 1:colcon.colcon_core.package_identification:_identify(src/insight_camera) by extension 'colcon_meta'
[0.114s] Level 1:colcon.colcon_core.package_identification:_identify(src/insight_camera) by extensions ['ros']
[0.114s] Level 1:colcon.colcon_core.package_identification:_identify(src/insight_camera) by extension 'ros'
[0.115s] DEBUG:colcon.colcon_core.package_identification:Package 'src/insight_camera' with type 'ros.ament_python' and name 'insight_camera'
[0.115s] Level 1:colcon.colcon_core.package_identification:_identify(src/robot_bringup) by extensions ['ignore', 'ignore_ament_install']
[0.115s] Level 1:colcon.colcon_core.package_identification:_identify(src/robot_bringup) by extension 'ignore'
[0.115s] Level 1:colcon.colcon_core.package_identification:_identify(src/robot_bringup) by extension 'ignore_ament_install'
[0.115s] Level 1:colcon.colcon_core.package_identification:_identify(src/robot_bringup) by extensions ['colcon_pkg']
[0.115s] Level 1:colcon.colcon_core.package_identification:_identify(src/robot_bringup) by extension 'colcon_pkg'
[0.115s] Level 1:colcon.colcon_core.package_identification:_identify(src/robot_bringup) by extensions ['colcon_meta']
[0.115s] Level 1:colcon.colcon_core.package_identification:_identify(src/robot_bringup) by extension 'colcon_meta'
[0.115s] Level 1:colcon.colcon_core.package_identification:_identify(src/robot_bringup) by extensions ['ros']
[0.115s] Level 1:colcon.colcon_core.package_identification:_identify(src/robot_bringup) by extension 'ros'
[0.115s] DEBUG:colcon.colcon_core.package_identification:Package 'src/robot_bringup' with type 'ros.ament_cmake' and name 'robot_bringup'
[0.115s] Level 1:colcon.colcon_core.package_identification:_identify(src/robot_execution) by extensions ['ignore', 'ignore_ament_install']
[0.115s] Level 1:colcon.colcon_core.package_identification:_identify(src/robot_execution) by extension 'ignore'
[0.115s] Level 1:colcon.colcon_core.package_identification:_identify(src/robot_execution) by extension 'ignore_ament_install'
[0.115s] Level 1:colcon.colcon_core.package_identification:_identify(src/robot_execution) by extensions ['colcon_pkg']
[0.115s] Level 1:colcon.colcon_core.package_identification:_identify(src/robot_execution) by extension 'colcon_pkg'
[0.115s] Level 1:colcon.colcon_core.package_identification:_identify(src/robot_execution) by extensions ['colcon_meta']
[0.115s] Level 1:colcon.colcon_core.package_identification:_identify(src/robot_execution) by extension 'colcon_meta'
[0.115s] Level 1:colcon.colcon_core.package_identification:_identify(src/robot_execution) by extensions ['ros']
[0.115s] Level 1:colcon.colcon_core.package_identification:_identify(src/robot_execution) by extension 'ros'
[0.115s] DEBUG:colcon.colcon_core.package_identification:Package 'src/robot_execution' with type 'ros.ament_cmake' and name 'robot_execution'
[0.115s] Level 1:colcon.colcon_core.package_identification:_identify(src/robot_interfaces) by extensions ['ignore', 'ignore_ament_install']
[0.116s] Level 1:colcon.colcon_core.package_identification:_identify(src/robot_interfaces) by extension 'ignore'
[0.116s] Level 1:colcon.colcon_core.package_identification:_identify(src/robot_interfaces) by extension 'ignore_ament_install'
[0.116s] Level 1:colcon.colcon_core.package_identification:_identify(src/robot_interfaces) by extensions ['colcon_pkg']
[0.116s] Level 1:colcon.colcon_core.package_identification:_identify(src/robot_interfaces) by extension 'colcon_pkg'
[0.116s] Level 1:colcon.colcon_core.package_identification:_identify(src/robot_interfaces) by extensions ['colcon_meta']
[0.116s] Level 1:colcon.colcon_core.package_identification:_identify(src/robot_interfaces) by extension 'colcon_meta'
[0.116s] Level 1:colcon.colcon_core.package_identification:_identify(src/robot_interfaces) by extensions ['ros']
[0.116s] Level 1:colcon.colcon_core.package_identification:_identify(src/robot_interfaces) by extension 'ros'
[0.116s] DEBUG:colcon.colcon_core.package_identification:Package 'src/robot_interfaces' with type 'ros.ament_cmake' and name 'robot_interfaces'
[0.116s] Level 1:colcon.colcon_core.package_discovery:discover_packages(recursive) using defaults
[0.127s] Level 1:colcon.colcon_core.package_discovery:discover_packages(prefix_path) check parameters
[0.127s] Level 1:colcon.colcon_core.package_discovery:discover_packages(prefix_path) discover
[0.129s] DEBUG:colcon.colcon_installed_package_information.package_discovery:Found 491 installed packages in /opt/ros/jazzy
[0.130s] Level 1:colcon.colcon_core.package_discovery:discover_packages(prefix_path) using defaults
[0.160s] Level 5:colcon.colcon_core.verb:set package 'carm_a3t' build argument 'cmake_args' from command line to 'None'
[0.160s] Level 5:colcon.colcon_core.verb:set package 'carm_a3t' build argument 'cmake_target' from command line to 'None'
[0.160s] Level 5:colcon.colcon_core.verb:set package 'carm_a3t' build argument 'cmake_target_skip_unavailable' from command line to 'False'
[0.160s] Level 5:colcon.colcon_core.verb:set package 'carm_a3t' build argument 'cmake_clean_cache' from command line to 'False'
[0.160s] Level 5:colcon.colcon_core.verb:set package 'carm_a3t' build argument 'cmake_clean_first' from command line to 'False'
[0.160s] Level 5:colcon.colcon_core.verb:set package 'carm_a3t' build argument 'cmake_force_configure' from command line to 'False'
[0.160s] Level 5:colcon.colcon_core.verb:set package 'carm_a3t' build argument 'ament_cmake_args' from command line to 'None'
[0.160s] Level 5:colcon.colcon_core.verb:set package 'carm_a3t' build argument 'catkin_cmake_args' from command line to 'None'
[0.160s] Level 5:colcon.colcon_core.verb:set package 'carm_a3t' build argument 'catkin_skip_building_tests' from command line to 'False'
[0.160s] DEBUG:colcon.colcon_core.verb:Building package 'carm_a3t' with the following arguments: {'ament_cmake_args': None, 'build_base': '/home/yuxuan/astra_robot_control/skill/ros_ws/build/carm_a3t', 'catkin_cmake_args': None, 'catkin_skip_building_tests': False, 'cmake_args': None, 'cmake_clean_cache': False, 'cmake_clean_first': False, 'cmake_force_configure': False, 'cmake_target': None, 'cmake_target_skip_unavailable': False, 'install_base': '/home/yuxuan/astra_robot_control/skill/ros_ws/install/carm_a3t', 'merge_install': False, 'path': '/home/yuxuan/astra_robot_control/skill/ros_ws/src/carm_a3t', 'symlink_install': True, 'test_result_base': None}
[0.160s] Level 5:colcon.colcon_core.verb:set package 'insight_camera' build argument 'cmake_args' from command line to 'None'
[0.160s] Level 5:colcon.colcon_core.verb:set package 'insight_camera' build argument 'cmake_target' from command line to 'None'
[0.160s] Level 5:colcon.colcon_core.verb:set package 'insight_camera' build argument 'cmake_target_skip_unavailable' from command line to 'False'
[0.160s] Level 5:colcon.colcon_core.verb:set package 'insight_camera' build argument 'cmake_clean_cache' from command line to 'False'
[0.160s] Level 5:colcon.colcon_core.verb:set package 'insight_camera' build argument 'cmake_clean_first' from command line to 'False'
[0.160s] Level 5:colcon.colcon_core.verb:set package 'insight_camera' build argument 'cmake_force_configure' from command line to 'False'
[0.160s] Level 5:colcon.colcon_core.verb:set package 'insight_camera' build argument 'ament_cmake_args' from command line to 'None'
[0.160s] Level 5:colcon.colcon_core.verb:set package 'insight_camera' build argument 'catkin_cmake_args' from command line to 'None'
[0.160s] Level 5:colcon.colcon_core.verb:set package 'insight_camera' build argument 'catkin_skip_building_tests' from command line to 'False'
[0.160s] DEBUG:colcon.colcon_core.verb:Building package 'insight_camera' with the following arguments: {'ament_cmake_args': None, 'build_base': '/home/yuxuan/astra_robot_control/skill/ros_ws/build/insight_camera', 'catkin_cmake_args': None, 'catkin_skip_building_tests': False, 'cmake_args': None, 'cmake_clean_cache': False, 'cmake_clean_first': False, 'cmake_force_configure': False, 'cmake_target': None, 'cmake_target_skip_unavailable': False, 'install_base': '/home/yuxuan/astra_robot_control/skill/ros_ws/install/insight_camera', 'merge_install': False, 'path': '/home/yuxuan/astra_robot_control/skill/ros_ws/src/insight_camera', 'symlink_install': True, 'test_result_base': None}
[0.161s] Level 5:colcon.colcon_core.verb:set package 'robot_interfaces' build argument 'cmake_args' from command line to 'None'
[0.161s] Level 5:colcon.colcon_core.verb:set package 'robot_interfaces' build argument 'cmake_target' from command line to 'None'
[0.161s] Level 5:colcon.colcon_core.verb:set package 'robot_interfaces' build argument 'cmake_target_skip_unavailable' from command line to 'False'
[0.161s] Level 5:colcon.colcon_core.verb:set package 'robot_interfaces' build argument 'cmake_clean_cache' from command line to 'False'
[0.161s] Level 5:colcon.colcon_core.verb:set package 'robot_interfaces' build argument 'cmake_clean_first' from command line to 'False'
[0.161s] Level 5:colcon.colcon_core.verb:set package 'robot_interfaces' build argument 'cmake_force_configure' from command line to 'False'
[0.161s] Level 5:colcon.colcon_core.verb:set package 'robot_interfaces' build argument 'ament_cmake_args' from command line to 'None'
[0.161s] Level 5:colcon.colcon_core.verb:set package 'robot_interfaces' build argument 'catkin_cmake_args' from command line to 'None'
[0.161s] Level 5:colcon.colcon_core.verb:set package 'robot_interfaces' build argument 'catkin_skip_building_tests' from command line to 'False'
[0.161s] DEBUG:colcon.colcon_core.verb:Building package 'robot_interfaces' with the following arguments: {'ament_cmake_args': None, 'build_base': '/home/yuxuan/astra_robot_control/skill/ros_ws/build/robot_interfaces', 'catkin_cmake_args': None, 'catkin_skip_building_tests': False, 'cmake_args': None, 'cmake_clean_cache': False, 'cmake_clean_first': False, 'cmake_force_configure': False, 'cmake_target': None, 'cmake_target_skip_unavailable': False, 'install_base': '/home/yuxuan/astra_robot_control/skill/ros_ws/install/robot_interfaces', 'merge_install': False, 'path': '/home/yuxuan/astra_robot_control/skill/ros_ws/src/robot_interfaces', 'symlink_install': True, 'test_result_base': None}
[0.161s] Level 5:colcon.colcon_core.verb:set package 'robot_execution' build argument 'cmake_args' from command line to 'None'
[0.161s] Level 5:colcon.colcon_core.verb:set package 'robot_execution' build argument 'cmake_target' from command line to 'None'
[0.161s] Level 5:colcon.colcon_core.verb:set package 'robot_execution' build argument 'cmake_target_skip_unavailable' from command line to 'False'
[0.161s] Level 5:colcon.colcon_core.verb:set package 'robot_execution' build argument 'cmake_clean_cache' from command line to 'False'
[0.161s] Level 5:colcon.colcon_core.verb:set package 'robot_execution' build argument 'cmake_clean_first' from command line to 'False'
[0.161s] Level 5:colcon.colcon_core.verb:set package 'robot_execution' build argument 'cmake_force_configure' from command line to 'False'
[0.161s] Level 5:colcon.colcon_core.verb:set package 'robot_execution' build argument 'ament_cmake_args' from command line to 'None'
[0.161s] Level 5:colcon.colcon_core.verb:set package 'robot_execution' build argument 'catkin_cmake_args' from command line to 'None'
[0.161s] Level 5:colcon.colcon_core.verb:set package 'robot_execution' build argument 'catkin_skip_building_tests' from command line to 'False'
[0.161s] DEBUG:colcon.colcon_core.verb:Building package 'robot_execution' with the following arguments: {'ament_cmake_args': None, 'build_base': '/home/yuxuan/astra_robot_control/skill/ros_ws/build/robot_execution', 'catkin_cmake_args': None, 'catkin_skip_building_tests': False, 'cmake_args': None, 'cmake_clean_cache': False, 'cmake_clean_first': False, 'cmake_force_configure': False, 'cmake_target': None, 'cmake_target_skip_unavailable': False, 'install_base': '/home/yuxuan/astra_robot_control/skill/ros_ws/install/robot_execution', 'merge_install': False, 'path': '/home/yuxuan/astra_robot_control/skill/ros_ws/src/robot_execution', 'symlink_install': True, 'test_result_base': None}
[0.161s] Level 5:colcon.colcon_core.verb:set package 'robot_bringup' build argument 'cmake_args' from command line to 'None'
[0.161s] Level 5:colcon.colcon_core.verb:set package 'robot_bringup' build argument 'cmake_target' from command line to 'None'
[0.161s] Level 5:colcon.colcon_core.verb:set package 'robot_bringup' build argument 'cmake_target_skip_unavailable' from command line to 'False'
[0.161s] Level 5:colcon.colcon_core.verb:set package 'robot_bringup' build argument 'cmake_clean_cache' from command line to 'False'
[0.161s] Level 5:colcon.colcon_core.verb:set package 'robot_bringup' build argument 'cmake_clean_first' from command line to 'False'
[0.161s] Level 5:colcon.colcon_core.verb:set package 'robot_bringup' build argument 'cmake_force_configure' from command line to 'False'
[0.161s] Level 5:colcon.colcon_core.verb:set package 'robot_bringup' build argument 'ament_cmake_args' from command line to 'None'
[0.161s] Level 5:colcon.colcon_core.verb:set package 'robot_bringup' build argument 'catkin_cmake_args' from command line to 'None'
[0.161s] Level 5:colcon.colcon_core.verb:set package 'robot_bringup' build argument 'catkin_skip_building_tests' from command line to 'False'
[0.161s] DEBUG:colcon.colcon_core.verb:Building package 'robot_bringup' with the following arguments: {'ament_cmake_args': None, 'build_base': '/home/yuxuan/astra_robot_control/skill/ros_ws/build/robot_bringup', 'catkin_cmake_args': None, 'catkin_skip_building_tests': False, 'cmake_args': None, 'cmake_clean_cache': False, 'cmake_clean_first': False, 'cmake_force_configure': False, 'cmake_target': None, 'cmake_target_skip_unavailable': False, 'install_base': '/home/yuxuan/astra_robot_control/skill/ros_ws/install/robot_bringup', 'merge_install': False, 'path': '/home/yuxuan/astra_robot_control/skill/ros_ws/src/robot_bringup', 'symlink_install': True, 'test_result_base': None}
[0.161s] INFO:colcon.colcon_core.executor:Executing jobs using 'parallel' executor
[0.162s] DEBUG:colcon.colcon_parallel_executor.executor.parallel:run_until_complete
[0.162s] INFO:colcon.colcon_ros.task.ament_cmake.build:Building ROS package in '/home/yuxuan/astra_robot_control/skill/ros_ws/src/robot_interfaces' with build type 'ament_cmake'
[0.162s] INFO:colcon.colcon_cmake.task.cmake.build:Building CMake package in '/home/yuxuan/astra_robot_control/skill/ros_ws/src/robot_interfaces'
[0.163s] INFO:colcon.colcon_core.plugin_system:Skipping extension 'colcon_core.shell.bat': Not used on non-Windows systems
[0.163s] INFO:colcon.colcon_core.shell:Skip shell extension 'powershell' for command environment: Not usable outside of PowerShell
[0.163s] DEBUG:colcon.colcon_core.shell:Skip shell extension 'dsv' for command environment
[0.166s] INFO:colcon.colcon_ros.task.ament_python.build:Building ROS package in '/home/yuxuan/astra_robot_control/skill/ros_ws/src/insight_camera' with build type 'ament_python'
[0.166s] Level 1:colcon.colcon_core.shell:create_environment_hook('insight_camera', 'ament_prefix_path')
[0.166s] INFO:colcon.colcon_core.shell:Creating environment hook '/home/yuxuan/astra_robot_control/skill/ros_ws/install/insight_camera/share/insight_camera/hook/ament_prefix_path.ps1'
[0.167s] INFO:colcon.colcon_core.shell:Creating environment descriptor '/home/yuxuan/astra_robot_control/skill/ros_ws/install/insight_camera/share/insight_camera/hook/ament_prefix_path.dsv'
[0.167s] INFO:colcon.colcon_core.shell:Creating environment hook '/home/yuxuan/astra_robot_control/skill/ros_ws/install/insight_camera/share/insight_camera/hook/ament_prefix_path.sh'
[0.167s] INFO:colcon.colcon_core.shell:Skip shell extension 'powershell' for command environment: Not usable outside of PowerShell
[0.167s] DEBUG:colcon.colcon_core.shell:Skip shell extension 'dsv' for command environment
[0.169s] INFO:colcon.colcon_ros.task.ament_cmake.build:Building ROS package in '/home/yuxuan/astra_robot_control/skill/ros_ws/src/carm_a3t' with build type 'ament_cmake'
[0.169s] INFO:colcon.colcon_cmake.task.cmake.build:Building CMake package in '/home/yuxuan/astra_robot_control/skill/ros_ws/src/carm_a3t'
[0.169s] INFO:colcon.colcon_core.shell:Skip shell extension 'powershell' for command environment: Not usable outside of PowerShell
[0.169s] DEBUG:colcon.colcon_core.shell:Skip shell extension 'dsv' for command environment
[0.186s] DEBUG:colcon.colcon_core.event_handler.log_command:Invoking command in '/home/yuxuan/astra_robot_control/skill/ros_ws/build/robot_interfaces': CMAKE_PREFIX_PATH=${CMAKE_PREFIX_PATH}:/opt/ros/jazzy DEBUGINFOD_URLS=https://debuginfod.ubuntu.com /usr/bin/cmake /home/yuxuan/astra_robot_control/skill/ros_ws/src/robot_interfaces -DAMENT_CMAKE_SYMLINK_INSTALL=1 -DCMAKE_INSTALL_PREFIX=/home/yuxuan/astra_robot_control/skill/ros_ws/install/robot_interfaces
[0.321s] INFO:colcon.colcon_core.task.python.build:Building Python package in '/home/yuxuan/astra_robot_control/skill/ros_ws/src/insight_camera'
[0.322s] INFO:colcon.colcon_core.shell:Skip shell extension 'powershell' for command environment: Not usable outside of PowerShell
[0.322s] DEBUG:colcon.colcon_core.shell:Skip shell extension 'dsv' for command environment
[0.326s] DEBUG:colcon.colcon_core.event_handler.log_command:Invoking command in '/home/yuxuan/astra_robot_control/skill/ros_ws/build/carm_a3t': CMAKE_PREFIX_PATH=${CMAKE_PREFIX_PATH}:/opt/ros/jazzy DEBUGINFOD_URLS=https://debuginfod.ubuntu.com /usr/bin/cmake /home/yuxuan/astra_robot_control/skill/ros_ws/src/carm_a3t -DAMENT_CMAKE_SYMLINK_INSTALL=1 -DCMAKE_INSTALL_PREFIX=/home/yuxuan/astra_robot_control/skill/ros_ws/install/carm_a3t
[0.735s] DEBUG:colcon.colcon_core.task.python.build:Available setuptools commands: clean, dist_info, test, upload_docs, build_ext, register, build_clib, install_scripts, egg_info, saveopts, bdist_egg, build_scripts, install_data, bdist, install, build, update_catalog, install_headers, extract_messages, alias, setopt, editable_wheel, compile_catalog, init_catalog, sdist, bdist_rpm, symlink_data, build_py, bdist_wheel, install_lib, easy_install, install_egg_info, bdist_dumb, upload, check, develop, rotate
[0.959s] DEBUG:colcon.colcon_core.task.python.build:Available setuptools 'develop' options: --quiet, --dry-run, --record, --egg-path, --index-url, --install-dir, --build-directory, --no-deps, --prefix, --upgrade, --no-user-cfg, --version, --multi-version, --optimize, --local-snapshots-ok, --allow-hosts, --uninstall, --user, --zip-ok, --always-copy, --force-installation-into-system-dir, --script-dir, --find-links, --editable, --site-dirs, --always-unzip, --exclude-scripts, --verbose, --install-layout, --no-find-links, --help
[0.960s] DEBUG:colcon.colcon_core.event_handler.log_command:Invoking command in '/home/yuxuan/astra_robot_control/skill/ros_ws/build/insight_camera': DEBUGINFOD_URLS=https://debuginfod.ubuntu.com PYTHONPATH=/home/yuxuan/astra_robot_control/skill/ros_ws/build/insight_camera/prefix_override:/usr/lib/python3/dist-packages/colcon_core/task/python/colcon_distutils_commands:/home/yuxuan/astra_robot_control/skill/ros_ws/install/insight_camera/lib/python3.12/site-packages:${PYTHONPATH} /usr/bin/python3 -W ignore:setup.py install is deprecated -W ignore:easy_install command is deprecated setup.py develop --editable --build-directory /home/yuxuan/astra_robot_control/skill/ros_ws/build/insight_camera/build --no-deps symlink_data
[1.283s] DEBUG:colcon.colcon_core.event_handler.log_command:Invoked command in '/home/yuxuan/astra_robot_control/skill/ros_ws/build/carm_a3t' returned '0': CMAKE_PREFIX_PATH=${CMAKE_PREFIX_PATH}:/opt/ros/jazzy DEBUGINFOD_URLS=https://debuginfod.ubuntu.com /usr/bin/cmake /home/yuxuan/astra_robot_control/skill/ros_ws/src/carm_a3t -DAMENT_CMAKE_SYMLINK_INSTALL=1 -DCMAKE_INSTALL_PREFIX=/home/yuxuan/astra_robot_control/skill/ros_ws/install/carm_a3t
[1.283s] DEBUG:colcon.colcon_core.event_handler.log_command:Invoking command in '/home/yuxuan/astra_robot_control/skill/ros_ws/build/carm_a3t': CMAKE_PREFIX_PATH=${CMAKE_PREFIX_PATH}:/opt/ros/jazzy DEBUGINFOD_URLS=https://debuginfod.ubuntu.com /usr/bin/cmake --build /home/yuxuan/astra_robot_control/skill/ros_ws/build/carm_a3t -- -j20 -l20
[1.319s] DEBUG:colcon.colcon_core.event_handler.log_command:Invoked command in '/home/yuxuan/astra_robot_control/skill/ros_ws/build/carm_a3t' returned '0': CMAKE_PREFIX_PATH=${CMAKE_PREFIX_PATH}:/opt/ros/jazzy DEBUGINFOD_URLS=https://debuginfod.ubuntu.com /usr/bin/cmake --build /home/yuxuan/astra_robot_control/skill/ros_ws/build/carm_a3t -- -j20 -l20
[1.326s] DEBUG:colcon.colcon_core.event_handler.log_command:Invoking command in '/home/yuxuan/astra_robot_control/skill/ros_ws/build/carm_a3t': CMAKE_PREFIX_PATH=${CMAKE_PREFIX_PATH}:/opt/ros/jazzy DEBUGINFOD_URLS=https://debuginfod.ubuntu.com /usr/bin/cmake --install /home/yuxuan/astra_robot_control/skill/ros_ws/build/carm_a3t
[1.400s] Level 1:colcon.colcon_core.shell:create_environment_hook('insight_camera', 'pythonpath_develop')
[1.400s] INFO:colcon.colcon_core.shell:Creating environment hook '/home/yuxuan/astra_robot_control/skill/ros_ws/build/insight_camera/share/insight_camera/hook/pythonpath_develop.ps1'
[1.401s] DEBUG:colcon.colcon_core.event_handler.log_command:Invoked command in '/home/yuxuan/astra_robot_control/skill/ros_ws/build/insight_camera' returned '0': DEBUGINFOD_URLS=https://debuginfod.ubuntu.com PYTHONPATH=/home/yuxuan/astra_robot_control/skill/ros_ws/build/insight_camera/prefix_override:/usr/lib/python3/dist-packages/colcon_core/task/python/colcon_distutils_commands:/home/yuxuan/astra_robot_control/skill/ros_ws/install/insight_camera/lib/python3.12/site-packages:${PYTHONPATH} /usr/bin/python3 -W ignore:setup.py install is deprecated -W ignore:easy_install command is deprecated setup.py develop --editable --build-directory /home/yuxuan/astra_robot_control/skill/ros_ws/build/insight_camera/build --no-deps symlink_data
[1.402s] INFO:colcon.colcon_core.shell:Creating environment descriptor '/home/yuxuan/astra_robot_control/skill/ros_ws/build/insight_camera/share/insight_camera/hook/pythonpath_develop.dsv'
[1.402s] INFO:colcon.colcon_core.shell:Creating environment hook '/home/yuxuan/astra_robot_control/skill/ros_ws/build/insight_camera/share/insight_camera/hook/pythonpath_develop.sh'
[1.403s] Level 1:colcon.colcon_core.environment:checking '/home/yuxuan/astra_robot_control/skill/ros_ws/install/insight_camera' for CMake module files
[1.404s] Level 1:colcon.colcon_core.environment:checking '/home/yuxuan/astra_robot_control/skill/ros_ws/install/insight_camera' for CMake config files
[1.404s] Level 1:colcon.colcon_core.environment:checking '/home/yuxuan/astra_robot_control/skill/ros_ws/install/insight_camera/lib'
[1.404s] Level 1:colcon.colcon_core.environment:checking '/home/yuxuan/astra_robot_control/skill/ros_ws/install/insight_camera/bin'
[1.404s] Level 1:colcon.colcon_core.environment:checking '/home/yuxuan/astra_robot_control/skill/ros_ws/install/insight_camera/lib/pkgconfig/insight_camera.pc'
[1.405s] Level 1:colcon.colcon_core.environment:checking '/home/yuxuan/astra_robot_control/skill/ros_ws/install/insight_camera/lib/python3.12/site-packages'
[1.405s] Level 1:colcon.colcon_core.shell:create_environment_hook('insight_camera', 'pythonpath')
[1.405s] INFO:colcon.colcon_core.shell:Creating environment hook '/home/yuxuan/astra_robot_control/skill/ros_ws/install/insight_camera/share/insight_camera/hook/pythonpath.ps1'
[1.405s] INFO:colcon.colcon_core.shell:Creating environment descriptor '/home/yuxuan/astra_robot_control/skill/ros_ws/install/insight_camera/share/insight_camera/hook/pythonpath.dsv'
[1.405s] INFO:colcon.colcon_core.shell:Creating environment hook '/home/yuxuan/astra_robot_control/skill/ros_ws/install/insight_camera/share/insight_camera/hook/pythonpath.sh'
[1.405s] Level 1:colcon.colcon_core.environment:checking '/home/yuxuan/astra_robot_control/skill/ros_ws/install/insight_camera/bin'
[1.406s] Level 1:colcon.colcon_core.environment:create_environment_scripts_only(insight_camera)
[1.406s] INFO:colcon.colcon_core.shell:Creating package script '/home/yuxuan/astra_robot_control/skill/ros_ws/install/insight_camera/share/insight_camera/package.ps1'
[1.406s] INFO:colcon.colcon_core.shell:Creating package descriptor '/home/yuxuan/astra_robot_control/skill/ros_ws/install/insight_camera/share/insight_camera/package.dsv'
[1.407s] INFO:colcon.colcon_core.shell:Creating package script '/home/yuxuan/astra_robot_control/skill/ros_ws/install/insight_camera/share/insight_camera/package.sh'
[1.407s] INFO:colcon.colcon_core.shell:Creating package script '/home/yuxuan/astra_robot_control/skill/ros_ws/install/insight_camera/share/insight_camera/package.bash'
[1.407s] INFO:colcon.colcon_core.shell:Creating package script '/home/yuxuan/astra_robot_control/skill/ros_ws/install/insight_camera/share/insight_camera/package.zsh'
[1.407s] Level 1:colcon.colcon_core.environment:create_file_with_runtime_dependencies(/home/yuxuan/astra_robot_control/skill/ros_ws/install/insight_camera/share/colcon-core/packages/insight_camera)
[1.569s] Level 1:colcon.colcon_core.environment:create_environment_scripts_only(carm_a3t)
[1.570s] Level 1:colcon.colcon_core.environment:checking '/home/yuxuan/astra_robot_control/skill/ros_ws/install/carm_a3t' for CMake module files
[1.570s] DEBUG:colcon.colcon_core.event_handler.log_command:Invoked command in '/home/yuxuan/astra_robot_control/skill/ros_ws/build/carm_a3t' returned '0': CMAKE_PREFIX_PATH=${CMAKE_PREFIX_PATH}:/opt/ros/jazzy DEBUGINFOD_URLS=https://debuginfod.ubuntu.com /usr/bin/cmake --install /home/yuxuan/astra_robot_control/skill/ros_ws/build/carm_a3t
[1.570s] Level 1:colcon.colcon_core.environment:checking '/home/yuxuan/astra_robot_control/skill/ros_ws/install/carm_a3t' for CMake config files
[1.571s] Level 1:colcon.colcon_core.shell:create_environment_hook('carm_a3t', 'cmake_prefix_path')
[1.571s] INFO:colcon.colcon_core.shell:Creating environment hook '/home/yuxuan/astra_robot_control/skill/ros_ws/install/carm_a3t/share/carm_a3t/hook/cmake_prefix_path.ps1'
[1.571s] INFO:colcon.colcon_core.shell:Creating environment descriptor '/home/yuxuan/astra_robot_control/skill/ros_ws/install/carm_a3t/share/carm_a3t/hook/cmake_prefix_path.dsv'
[1.571s] INFO:colcon.colcon_core.shell:Creating environment hook '/home/yuxuan/astra_robot_control/skill/ros_ws/install/carm_a3t/share/carm_a3t/hook/cmake_prefix_path.sh'
[1.572s] Level 1:colcon.colcon_core.environment:checking '/home/yuxuan/astra_robot_control/skill/ros_ws/install/carm_a3t/bin'
[1.572s] Level 1:colcon.colcon_core.environment:checking '/home/yuxuan/astra_robot_control/skill/ros_ws/install/carm_a3t/lib/pkgconfig/carm_a3t.pc'
[1.572s] Level 1:colcon.colcon_core.environment:checking '/home/yuxuan/astra_robot_control/skill/ros_ws/install/carm_a3t/lib/python3.12/site-packages'
[1.572s] Level 1:colcon.colcon_core.environment:checking '/home/yuxuan/astra_robot_control/skill/ros_ws/install/carm_a3t/bin'
[1.572s] INFO:colcon.colcon_core.shell:Creating package script '/home/yuxuan/astra_robot_control/skill/ros_ws/install/carm_a3t/share/carm_a3t/package.ps1'
[1.572s] INFO:colcon.colcon_core.shell:Creating package descriptor '/home/yuxuan/astra_robot_control/skill/ros_ws/install/carm_a3t/share/carm_a3t/package.dsv'
[1.573s] INFO:colcon.colcon_core.shell:Creating package script '/home/yuxuan/astra_robot_control/skill/ros_ws/install/carm_a3t/share/carm_a3t/package.sh'
[1.573s] INFO:colcon.colcon_core.shell:Creating package script '/home/yuxuan/astra_robot_control/skill/ros_ws/install/carm_a3t/share/carm_a3t/package.bash'
[1.573s] INFO:colcon.colcon_core.shell:Creating package script '/home/yuxuan/astra_robot_control/skill/ros_ws/install/carm_a3t/share/carm_a3t/package.zsh'
[1.573s] Level 1:colcon.colcon_core.environment:create_file_with_runtime_dependencies(/home/yuxuan/astra_robot_control/skill/ros_ws/install/carm_a3t/share/colcon-core/packages/carm_a3t)
[1.574s] Level 1:colcon.colcon_core.environment:create_environment_scripts_only(carm_a3t)
[1.574s] Level 1:colcon.colcon_core.environment:checking '/home/yuxuan/astra_robot_control/skill/ros_ws/install/carm_a3t' for CMake module files
[1.574s] Level 1:colcon.colcon_core.environment:checking '/home/yuxuan/astra_robot_control/skill/ros_ws/install/carm_a3t' for CMake config files
[1.574s] Level 1:colcon.colcon_core.shell:create_environment_hook('carm_a3t', 'cmake_prefix_path')
[1.574s] INFO:colcon.colcon_core.shell:Creating environment hook '/home/yuxuan/astra_robot_control/skill/ros_ws/install/carm_a3t/share/carm_a3t/hook/cmake_prefix_path.ps1'
[1.574s] INFO:colcon.colcon_core.shell:Creating environment descriptor '/home/yuxuan/astra_robot_control/skill/ros_ws/install/carm_a3t/share/carm_a3t/hook/cmake_prefix_path.dsv'
[1.575s] INFO:colcon.colcon_core.shell:Creating environment hook '/home/yuxuan/astra_robot_control/skill/ros_ws/install/carm_a3t/share/carm_a3t/hook/cmake_prefix_path.sh'
[1.575s] Level 1:colcon.colcon_core.environment:checking '/home/yuxuan/astra_robot_control/skill/ros_ws/install/carm_a3t/bin'
[1.575s] Level 1:colcon.colcon_core.environment:checking '/home/yuxuan/astra_robot_control/skill/ros_ws/install/carm_a3t/lib/pkgconfig/carm_a3t.pc'
[1.575s] Level 1:colcon.colcon_core.environment:checking '/home/yuxuan/astra_robot_control/skill/ros_ws/install/carm_a3t/lib/python3.12/site-packages'
[1.575s] Level 1:colcon.colcon_core.environment:checking '/home/yuxuan/astra_robot_control/skill/ros_ws/install/carm_a3t/bin'
[1.575s] INFO:colcon.colcon_core.shell:Creating package script '/home/yuxuan/astra_robot_control/skill/ros_ws/install/carm_a3t/share/carm_a3t/package.ps1'
[1.576s] INFO:colcon.colcon_core.shell:Creating package descriptor '/home/yuxuan/astra_robot_control/skill/ros_ws/install/carm_a3t/share/carm_a3t/package.dsv'
[1.576s] INFO:colcon.colcon_core.shell:Creating package script '/home/yuxuan/astra_robot_control/skill/ros_ws/install/carm_a3t/share/carm_a3t/package.sh'
[1.576s] INFO:colcon.colcon_core.shell:Creating package script '/home/yuxuan/astra_robot_control/skill/ros_ws/install/carm_a3t/share/carm_a3t/package.bash'
[1.576s] INFO:colcon.colcon_core.shell:Creating package script '/home/yuxuan/astra_robot_control/skill/ros_ws/install/carm_a3t/share/carm_a3t/package.zsh'
[1.576s] Level 1:colcon.colcon_core.environment:create_file_with_runtime_dependencies(/home/yuxuan/astra_robot_control/skill/ros_ws/install/carm_a3t/share/colcon-core/packages/carm_a3t)
[2.883s] DEBUG:colcon.colcon_core.event_handler.log_command:Invoked command in '/home/yuxuan/astra_robot_control/skill/ros_ws/build/robot_interfaces' returned '0': CMAKE_PREFIX_PATH=${CMAKE_PREFIX_PATH}:/opt/ros/jazzy DEBUGINFOD_URLS=https://debuginfod.ubuntu.com /usr/bin/cmake /home/yuxuan/astra_robot_control/skill/ros_ws/src/robot_interfaces -DAMENT_CMAKE_SYMLINK_INSTALL=1 -DCMAKE_INSTALL_PREFIX=/home/yuxuan/astra_robot_control/skill/ros_ws/install/robot_interfaces
[2.883s] DEBUG:colcon.colcon_core.event_handler.log_command:Invoking command in '/home/yuxuan/astra_robot_control/skill/ros_ws/build/robot_interfaces': CMAKE_PREFIX_PATH=${CMAKE_PREFIX_PATH}:/opt/ros/jazzy DEBUGINFOD_URLS=https://debuginfod.ubuntu.com /usr/bin/cmake --build /home/yuxuan/astra_robot_control/skill/ros_ws/build/robot_interfaces -- -j20 -l20
[5.671s] DEBUG:colcon.colcon_core.event_handler.log_command:Invoked command in '/home/yuxuan/astra_robot_control/skill/ros_ws/build/robot_interfaces' returned '0': CMAKE_PREFIX_PATH=${CMAKE_PREFIX_PATH}:/opt/ros/jazzy DEBUGINFOD_URLS=https://debuginfod.ubuntu.com /usr/bin/cmake --build /home/yuxuan/astra_robot_control/skill/ros_ws/build/robot_interfaces -- -j20 -l20
[5.672s] DEBUG:colcon.colcon_core.event_handler.log_command:Invoking command in '/home/yuxuan/astra_robot_control/skill/ros_ws/build/robot_interfaces': CMAKE_PREFIX_PATH=${CMAKE_PREFIX_PATH}:/opt/ros/jazzy DEBUGINFOD_URLS=https://debuginfod.ubuntu.com /usr/bin/cmake --install /home/yuxuan/astra_robot_control/skill/ros_ws/build/robot_interfaces
[6.286s] Level 1:colcon.colcon_core.environment:create_environment_scripts_only(robot_interfaces)
[6.286s] Level 1:colcon.colcon_core.environment:checking '/home/yuxuan/astra_robot_control/skill/ros_ws/install/robot_interfaces' for CMake module files
[6.286s] DEBUG:colcon.colcon_core.event_handler.log_command:Invoked command in '/home/yuxuan/astra_robot_control/skill/ros_ws/build/robot_interfaces' returned '0': CMAKE_PREFIX_PATH=${CMAKE_PREFIX_PATH}:/opt/ros/jazzy DEBUGINFOD_URLS=https://debuginfod.ubuntu.com /usr/bin/cmake --install /home/yuxuan/astra_robot_control/skill/ros_ws/build/robot_interfaces
[6.287s] Level 1:colcon.colcon_core.environment:checking '/home/yuxuan/astra_robot_control/skill/ros_ws/install/robot_interfaces' for CMake config files
[6.287s] Level 1:colcon.colcon_core.shell:create_environment_hook('robot_interfaces', 'cmake_prefix_path')
[6.288s] INFO:colcon.colcon_core.shell:Creating environment hook '/home/yuxuan/astra_robot_control/skill/ros_ws/install/robot_interfaces/share/robot_interfaces/hook/cmake_prefix_path.ps1'
[6.288s] INFO:colcon.colcon_core.shell:Creating environment descriptor '/home/yuxuan/astra_robot_control/skill/ros_ws/install/robot_interfaces/share/robot_interfaces/hook/cmake_prefix_path.dsv'
[6.288s] INFO:colcon.colcon_core.shell:Creating environment hook '/home/yuxuan/astra_robot_control/skill/ros_ws/install/robot_interfaces/share/robot_interfaces/hook/cmake_prefix_path.sh'
[6.288s] Level 1:colcon.colcon_core.environment:checking '/home/yuxuan/astra_robot_control/skill/ros_ws/install/robot_interfaces/lib'
[6.288s] Level 1:colcon.colcon_core.shell:create_environment_hook('robot_interfaces', 'ld_library_path_lib')
[6.288s] INFO:colcon.colcon_core.shell:Creating environment hook '/home/yuxuan/astra_robot_control/skill/ros_ws/install/robot_interfaces/share/robot_interfaces/hook/ld_library_path_lib.ps1'
[6.289s] INFO:colcon.colcon_core.shell:Creating environment descriptor '/home/yuxuan/astra_robot_control/skill/ros_ws/install/robot_interfaces/share/robot_interfaces/hook/ld_library_path_lib.dsv'
[6.289s] INFO:colcon.colcon_core.shell:Creating environment hook '/home/yuxuan/astra_robot_control/skill/ros_ws/install/robot_interfaces/share/robot_interfaces/hook/ld_library_path_lib.sh'
[6.289s] Level 1:colcon.colcon_core.environment:checking '/home/yuxuan/astra_robot_control/skill/ros_ws/install/robot_interfaces/bin'
[6.289s] Level 1:colcon.colcon_core.environment:checking '/home/yuxuan/astra_robot_control/skill/ros_ws/install/robot_interfaces/lib/pkgconfig/robot_interfaces.pc'
[6.289s] Level 1:colcon.colcon_core.environment:checking '/home/yuxuan/astra_robot_control/skill/ros_ws/install/robot_interfaces/lib/python3.12/site-packages'
[6.289s] Level 1:colcon.colcon_core.shell:create_environment_hook('robot_interfaces', 'pythonpath')
[6.289s] INFO:colcon.colcon_core.shell:Creating environment hook '/home/yuxuan/astra_robot_control/skill/ros_ws/install/robot_interfaces/share/robot_interfaces/hook/pythonpath.ps1'
[6.289s] INFO:colcon.colcon_core.shell:Creating environment descriptor '/home/yuxuan/astra_robot_control/skill/ros_ws/install/robot_interfaces/share/robot_interfaces/hook/pythonpath.dsv'
[6.289s] INFO:colcon.colcon_core.shell:Creating environment hook '/home/yuxuan/astra_robot_control/skill/ros_ws/install/robot_interfaces/share/robot_interfaces/hook/pythonpath.sh'
[6.290s] Level 1:colcon.colcon_core.environment:checking '/home/yuxuan/astra_robot_control/skill/ros_ws/install/robot_interfaces/bin'
[6.290s] INFO:colcon.colcon_core.shell:Creating package script '/home/yuxuan/astra_robot_control/skill/ros_ws/install/robot_interfaces/share/robot_interfaces/package.ps1'
[6.290s] INFO:colcon.colcon_core.shell:Creating package descriptor '/home/yuxuan/astra_robot_control/skill/ros_ws/install/robot_interfaces/share/robot_interfaces/package.dsv'
[6.290s] INFO:colcon.colcon_core.shell:Creating package script '/home/yuxuan/astra_robot_control/skill/ros_ws/install/robot_interfaces/share/robot_interfaces/package.sh'
[6.290s] INFO:colcon.colcon_core.shell:Creating package script '/home/yuxuan/astra_robot_control/skill/ros_ws/install/robot_interfaces/share/robot_interfaces/package.bash'
[6.291s] INFO:colcon.colcon_core.shell:Creating package script '/home/yuxuan/astra_robot_control/skill/ros_ws/install/robot_interfaces/share/robot_interfaces/package.zsh'
[6.291s] Level 1:colcon.colcon_core.environment:create_file_with_runtime_dependencies(/home/yuxuan/astra_robot_control/skill/ros_ws/install/robot_interfaces/share/colcon-core/packages/robot_interfaces)
[6.291s] Level 1:colcon.colcon_core.environment:create_environment_scripts_only(robot_interfaces)
[6.291s] Level 1:colcon.colcon_core.environment:checking '/home/yuxuan/astra_robot_control/skill/ros_ws/install/robot_interfaces' for CMake module files
[6.291s] Level 1:colcon.colcon_core.environment:checking '/home/yuxuan/astra_robot_control/skill/ros_ws/install/robot_interfaces' for CMake config files
[6.292s] Level 1:colcon.colcon_core.shell:create_environment_hook('robot_interfaces', 'cmake_prefix_path')
[6.292s] INFO:colcon.colcon_core.shell:Creating environment hook '/home/yuxuan/astra_robot_control/skill/ros_ws/install/robot_interfaces/share/robot_interfaces/hook/cmake_prefix_path.ps1'
[6.292s] INFO:colcon.colcon_core.shell:Creating environment descriptor '/home/yuxuan/astra_robot_control/skill/ros_ws/install/robot_interfaces/share/robot_interfaces/hook/cmake_prefix_path.dsv'
[6.292s] INFO:colcon.colcon_core.shell:Creating environment hook '/home/yuxuan/astra_robot_control/skill/ros_ws/install/robot_interfaces/share/robot_interfaces/hook/cmake_prefix_path.sh'
[6.292s] Level 1:colcon.colcon_core.environment:checking '/home/yuxuan/astra_robot_control/skill/ros_ws/install/robot_interfaces/lib'
[6.292s] Level 1:colcon.colcon_core.shell:create_environment_hook('robot_interfaces', 'ld_library_path_lib')
[6.292s] INFO:colcon.colcon_core.shell:Creating environment hook '/home/yuxuan/astra_robot_control/skill/ros_ws/install/robot_interfaces/share/robot_interfaces/hook/ld_library_path_lib.ps1'
[6.292s] INFO:colcon.colcon_core.shell:Creating environment descriptor '/home/yuxuan/astra_robot_control/skill/ros_ws/install/robot_interfaces/share/robot_interfaces/hook/ld_library_path_lib.dsv'
[6.293s] INFO:colcon.colcon_core.shell:Creating environment hook '/home/yuxuan/astra_robot_control/skill/ros_ws/install/robot_interfaces/share/robot_interfaces/hook/ld_library_path_lib.sh'
[6.293s] Level 1:colcon.colcon_core.environment:checking '/home/yuxuan/astra_robot_control/skill/ros_ws/install/robot_interfaces/bin'
[6.293s] Level 1:colcon.colcon_core.environment:checking '/home/yuxuan/astra_robot_control/skill/ros_ws/install/robot_interfaces/lib/pkgconfig/robot_interfaces.pc'
[6.293s] Level 1:colcon.colcon_core.environment:checking '/home/yuxuan/astra_robot_control/skill/ros_ws/install/robot_interfaces/lib/python3.12/site-packages'
[6.293s] Level 1:colcon.colcon_core.shell:create_environment_hook('robot_interfaces', 'pythonpath')
[6.293s] INFO:colcon.colcon_core.shell:Creating environment hook '/home/yuxuan/astra_robot_control/skill/ros_ws/install/robot_interfaces/share/robot_interfaces/hook/pythonpath.ps1'
[6.293s] INFO:colcon.colcon_core.shell:Creating environment descriptor '/home/yuxuan/astra_robot_control/skill/ros_ws/install/robot_interfaces/share/robot_interfaces/hook/pythonpath.dsv'
[6.293s] INFO:colcon.colcon_core.shell:Creating environment hook '/home/yuxuan/astra_robot_control/skill/ros_ws/install/robot_interfaces/share/robot_interfaces/hook/pythonpath.sh'
[6.293s] Level 1:colcon.colcon_core.environment:checking '/home/yuxuan/astra_robot_control/skill/ros_ws/install/robot_interfaces/bin'
[6.294s] INFO:colcon.colcon_core.shell:Creating package script '/home/yuxuan/astra_robot_control/skill/ros_ws/install/robot_interfaces/share/robot_interfaces/package.ps1'
[6.294s] INFO:colcon.colcon_core.shell:Creating package descriptor '/home/yuxuan/astra_robot_control/skill/ros_ws/install/robot_interfaces/share/robot_interfaces/package.dsv'
[6.294s] INFO:colcon.colcon_core.shell:Creating package script '/home/yuxuan/astra_robot_control/skill/ros_ws/install/robot_interfaces/share/robot_interfaces/package.sh'
[6.294s] INFO:colcon.colcon_core.shell:Creating package script '/home/yuxuan/astra_robot_control/skill/ros_ws/install/robot_interfaces/share/robot_interfaces/package.bash'
[6.294s] INFO:colcon.colcon_core.shell:Creating package script '/home/yuxuan/astra_robot_control/skill/ros_ws/install/robot_interfaces/share/robot_interfaces/package.zsh'
[6.295s] Level 1:colcon.colcon_core.environment:create_file_with_runtime_dependencies(/home/yuxuan/astra_robot_control/skill/ros_ws/install/robot_interfaces/share/colcon-core/packages/robot_interfaces)
[6.295s] INFO:colcon.colcon_ros.task.ament_cmake.build:Building ROS package in '/home/yuxuan/astra_robot_control/skill/ros_ws/src/robot_execution' with build type 'ament_cmake'
[6.295s] INFO:colcon.colcon_cmake.task.cmake.build:Building CMake package in '/home/yuxuan/astra_robot_control/skill/ros_ws/src/robot_execution'
[6.295s] INFO:colcon.colcon_core.shell:Skip shell extension 'powershell' for command environment: Not usable outside of PowerShell
[6.295s] DEBUG:colcon.colcon_core.shell:Skip shell extension 'dsv' for command environment
[6.303s] DEBUG:colcon.colcon_core.event_handler.log_command:Invoking command in '/home/yuxuan/astra_robot_control/skill/ros_ws/build/robot_execution': AMENT_PREFIX_PATH=/home/yuxuan/astra_robot_control/skill/ros_ws/install/robot_interfaces:${AMENT_PREFIX_PATH} CMAKE_PREFIX_PATH=/home/yuxuan/astra_robot_control/skill/ros_ws/install/robot_interfaces:/opt/ros/jazzy/opt/gz_sim_vendor:/opt/ros/jazzy/opt/gz_sensors_vendor:/opt/ros/jazzy/opt/gz_physics_vendor:/opt/ros/jazzy/opt/sdformat_vendor:/opt/ros/jazzy/opt/gz_gui_vendor:/opt/ros/jazzy/opt/gz_transport_vendor:/opt/ros/jazzy/opt/gz_rendering_vendor:/opt/ros/jazzy/opt/gz_plugin_vendor:/opt/ros/jazzy/opt/gz_fuel_tools_vendor:/opt/ros/jazzy/opt/gz_msgs_vendor:/opt/ros/jazzy/opt/gz_common_vendor:/opt/ros/jazzy/opt/gz_math_vendor:/opt/ros/jazzy/opt/gz_utils_vendor:/opt/ros/jazzy/opt/gz_tools_vendor:/opt/ros/jazzy/opt/gz_ogre_next_vendor:/opt/ros/jazzy/opt/gz_dartsim_vendor:/opt/ros/jazzy/opt/gz_cmake_vendor:/opt/ros/jazzy DEBUGINFOD_URLS=https://debuginfod.ubuntu.com LD_LIBRARY_PATH=/home/yuxuan/astra_robot_control/skill/ros_ws/install/robot_interfaces/lib:${LD_LIBRARY_PATH} PYTHONPATH=/home/yuxuan/astra_robot_control/skill/ros_ws/install/robot_interfaces/lib/python3.12/site-packages:${PYTHONPATH} /usr/bin/cmake /home/yuxuan/astra_robot_control/skill/ros_ws/src/robot_execution -DAMENT_CMAKE_SYMLINK_INSTALL=1 -DCMAKE_INSTALL_PREFIX=/home/yuxuan/astra_robot_control/skill/ros_ws/install/robot_execution
[7.225s] DEBUG:colcon.colcon_core.event_handler.log_command:Invoked command in '/home/yuxuan/astra_robot_control/skill/ros_ws/build/robot_execution' returned '0': AMENT_PREFIX_PATH=/home/yuxuan/astra_robot_control/skill/ros_ws/install/robot_interfaces:${AMENT_PREFIX_PATH} CMAKE_PREFIX_PATH=/home/yuxuan/astra_robot_control/skill/ros_ws/install/robot_interfaces:/opt/ros/jazzy/opt/gz_sim_vendor:/opt/ros/jazzy/opt/gz_sensors_vendor:/opt/ros/jazzy/opt/gz_physics_vendor:/opt/ros/jazzy/opt/sdformat_vendor:/opt/ros/jazzy/opt/gz_gui_vendor:/opt/ros/jazzy/opt/gz_transport_vendor:/opt/ros/jazzy/opt/gz_rendering_vendor:/opt/ros/jazzy/opt/gz_plugin_vendor:/opt/ros/jazzy/opt/gz_fuel_tools_vendor:/opt/ros/jazzy/opt/gz_msgs_vendor:/opt/ros/jazzy/opt/gz_common_vendor:/opt/ros/jazzy/opt/gz_math_vendor:/opt/ros/jazzy/opt/gz_utils_vendor:/opt/ros/jazzy/opt/gz_tools_vendor:/opt/ros/jazzy/opt/gz_ogre_next_vendor:/opt/ros/jazzy/opt/gz_dartsim_vendor:/opt/ros/jazzy/opt/gz_cmake_vendor:/opt/ros/jazzy DEBUGINFOD_URLS=https://debuginfod.ubuntu.com LD_LIBRARY_PATH=/home/yuxuan/astra_robot_control/skill/ros_ws/install/robot_interfaces/lib:${LD_LIBRARY_PATH} PYTHONPATH=/home/yuxuan/astra_robot_control/skill/ros_ws/install/robot_interfaces/lib/python3.12/site-packages:${PYTHONPATH} /usr/bin/cmake /home/yuxuan/astra_robot_control/skill/ros_ws/src/robot_execution -DAMENT_CMAKE_SYMLINK_INSTALL=1 -DCMAKE_INSTALL_PREFIX=/home/yuxuan/astra_robot_control/skill/ros_ws/install/robot_execution
[7.226s] DEBUG:colcon.colcon_core.event_handler.log_command:Invoking command in '/home/yuxuan/astra_robot_control/skill/ros_ws/build/robot_execution': AMENT_PREFIX_PATH=/home/yuxuan/astra_robot_control/skill/ros_ws/install/robot_interfaces:${AMENT_PREFIX_PATH} CMAKE_PREFIX_PATH=/home/yuxuan/astra_robot_control/skill/ros_ws/install/robot_interfaces:/opt/ros/jazzy/opt/gz_sim_vendor:/opt/ros/jazzy/opt/gz_sensors_vendor:/opt/ros/jazzy/opt/gz_physics_vendor:/opt/ros/jazzy/opt/sdformat_vendor:/opt/ros/jazzy/opt/gz_gui_vendor:/opt/ros/jazzy/opt/gz_transport_vendor:/opt/ros/jazzy/opt/gz_rendering_vendor:/opt/ros/jazzy/opt/gz_plugin_vendor:/opt/ros/jazzy/opt/gz_fuel_tools_vendor:/opt/ros/jazzy/opt/gz_msgs_vendor:/opt/ros/jazzy/opt/gz_common_vendor:/opt/ros/jazzy/opt/gz_math_vendor:/opt/ros/jazzy/opt/gz_utils_vendor:/opt/ros/jazzy/opt/gz_tools_vendor:/opt/ros/jazzy/opt/gz_ogre_next_vendor:/opt/ros/jazzy/opt/gz_dartsim_vendor:/opt/ros/jazzy/opt/gz_cmake_vendor:/opt/ros/jazzy DEBUGINFOD_URLS=https://debuginfod.ubuntu.com LD_LIBRARY_PATH=/home/yuxuan/astra_robot_control/skill/ros_ws/install/robot_interfaces/lib:${LD_LIBRARY_PATH} PYTHONPATH=/home/yuxuan/astra_robot_control/skill/ros_ws/install/robot_interfaces/lib/python3.12/site-packages:${PYTHONPATH} /usr/bin/cmake --build /home/yuxuan/astra_robot_control/skill/ros_ws/build/robot_execution -- -j20 -l20
[11.926s] DEBUG:colcon.colcon_core.event_handler.log_command:Invoked command in '/home/yuxuan/astra_robot_control/skill/ros_ws/build/robot_execution' returned '0': AMENT_PREFIX_PATH=/home/yuxuan/astra_robot_control/skill/ros_ws/install/robot_interfaces:${AMENT_PREFIX_PATH} CMAKE_PREFIX_PATH=/home/yuxuan/astra_robot_control/skill/ros_ws/install/robot_interfaces:/opt/ros/jazzy/opt/gz_sim_vendor:/opt/ros/jazzy/opt/gz_sensors_vendor:/opt/ros/jazzy/opt/gz_physics_vendor:/opt/ros/jazzy/opt/sdformat_vendor:/opt/ros/jazzy/opt/gz_gui_vendor:/opt/ros/jazzy/opt/gz_transport_vendor:/opt/ros/jazzy/opt/gz_rendering_vendor:/opt/ros/jazzy/opt/gz_plugin_vendor:/opt/ros/jazzy/opt/gz_fuel_tools_vendor:/opt/ros/jazzy/opt/gz_msgs_vendor:/opt/ros/jazzy/opt/gz_common_vendor:/opt/ros/jazzy/opt/gz_math_vendor:/opt/ros/jazzy/opt/gz_utils_vendor:/opt/ros/jazzy/opt/gz_tools_vendor:/opt/ros/jazzy/opt/gz_ogre_next_vendor:/opt/ros/jazzy/opt/gz_dartsim_vendor:/opt/ros/jazzy/opt/gz_cmake_vendor:/opt/ros/jazzy DEBUGINFOD_URLS=https://debuginfod.ubuntu.com LD_LIBRARY_PATH=/home/yuxuan/astra_robot_control/skill/ros_ws/install/robot_interfaces/lib:${LD_LIBRARY_PATH} PYTHONPATH=/home/yuxuan/astra_robot_control/skill/ros_ws/install/robot_interfaces/lib/python3.12/site-packages:${PYTHONPATH} /usr/bin/cmake --build /home/yuxuan/astra_robot_control/skill/ros_ws/build/robot_execution -- -j20 -l20
[11.927s] DEBUG:colcon.colcon_core.event_handler.log_command:Invoking command in '/home/yuxuan/astra_robot_control/skill/ros_ws/build/robot_execution': AMENT_PREFIX_PATH=/home/yuxuan/astra_robot_control/skill/ros_ws/install/robot_interfaces:${AMENT_PREFIX_PATH} CMAKE_PREFIX_PATH=/home/yuxuan/astra_robot_control/skill/ros_ws/install/robot_interfaces:/opt/ros/jazzy/opt/gz_sim_vendor:/opt/ros/jazzy/opt/gz_sensors_vendor:/opt/ros/jazzy/opt/gz_physics_vendor:/opt/ros/jazzy/opt/sdformat_vendor:/opt/ros/jazzy/opt/gz_gui_vendor:/opt/ros/jazzy/opt/gz_transport_vendor:/opt/ros/jazzy/opt/gz_rendering_vendor:/opt/ros/jazzy/opt/gz_plugin_vendor:/opt/ros/jazzy/opt/gz_fuel_tools_vendor:/opt/ros/jazzy/opt/gz_msgs_vendor:/opt/ros/jazzy/opt/gz_common_vendor:/opt/ros/jazzy/opt/gz_math_vendor:/opt/ros/jazzy/opt/gz_utils_vendor:/opt/ros/jazzy/opt/gz_tools_vendor:/opt/ros/jazzy/opt/gz_ogre_next_vendor:/opt/ros/jazzy/opt/gz_dartsim_vendor:/opt/ros/jazzy/opt/gz_cmake_vendor:/opt/ros/jazzy DEBUGINFOD_URLS=https://debuginfod.ubuntu.com LD_LIBRARY_PATH=/home/yuxuan/astra_robot_control/skill/ros_ws/install/robot_interfaces/lib:${LD_LIBRARY_PATH} PYTHONPATH=/home/yuxuan/astra_robot_control/skill/ros_ws/install/robot_interfaces/lib/python3.12/site-packages:${PYTHONPATH} /usr/bin/cmake --install /home/yuxuan/astra_robot_control/skill/ros_ws/build/robot_execution
[12.031s] Level 1:colcon.colcon_core.environment:create_environment_scripts_only(robot_execution)
[12.032s] Level 1:colcon.colcon_core.environment:checking '/home/yuxuan/astra_robot_control/skill/ros_ws/install/robot_execution' for CMake module files
[12.032s] DEBUG:colcon.colcon_core.event_handler.log_command:Invoked command in '/home/yuxuan/astra_robot_control/skill/ros_ws/build/robot_execution' returned '0': AMENT_PREFIX_PATH=/home/yuxuan/astra_robot_control/skill/ros_ws/install/robot_interfaces:${AMENT_PREFIX_PATH} CMAKE_PREFIX_PATH=/home/yuxuan/astra_robot_control/skill/ros_ws/install/robot_interfaces:/opt/ros/jazzy/opt/gz_sim_vendor:/opt/ros/jazzy/opt/gz_sensors_vendor:/opt/ros/jazzy/opt/gz_physics_vendor:/opt/ros/jazzy/opt/sdformat_vendor:/opt/ros/jazzy/opt/gz_gui_vendor:/opt/ros/jazzy/opt/gz_transport_vendor:/opt/ros/jazzy/opt/gz_rendering_vendor:/opt/ros/jazzy/opt/gz_plugin_vendor:/opt/ros/jazzy/opt/gz_fuel_tools_vendor:/opt/ros/jazzy/opt/gz_msgs_vendor:/opt/ros/jazzy/opt/gz_common_vendor:/opt/ros/jazzy/opt/gz_math_vendor:/opt/ros/jazzy/opt/gz_utils_vendor:/opt/ros/jazzy/opt/gz_tools_vendor:/opt/ros/jazzy/opt/gz_ogre_next_vendor:/opt/ros/jazzy/opt/gz_dartsim_vendor:/opt/ros/jazzy/opt/gz_cmake_vendor:/opt/ros/jazzy DEBUGINFOD_URLS=https://debuginfod.ubuntu.com LD_LIBRARY_PATH=/home/yuxuan/astra_robot_control/skill/ros_ws/install/robot_interfaces/lib:${LD_LIBRARY_PATH} PYTHONPATH=/home/yuxuan/astra_robot_control/skill/ros_ws/install/robot_interfaces/lib/python3.12/site-packages:${PYTHONPATH} /usr/bin/cmake --install /home/yuxuan/astra_robot_control/skill/ros_ws/build/robot_execution
[12.032s] Level 1:colcon.colcon_core.environment:checking '/home/yuxuan/astra_robot_control/skill/ros_ws/install/robot_execution' for CMake config files
[12.032s] Level 1:colcon.colcon_core.shell:create_environment_hook('robot_execution', 'cmake_prefix_path')
[12.032s] INFO:colcon.colcon_core.shell:Creating environment hook '/home/yuxuan/astra_robot_control/skill/ros_ws/install/robot_execution/share/robot_execution/hook/cmake_prefix_path.ps1'
[12.033s] INFO:colcon.colcon_core.shell:Creating environment descriptor '/home/yuxuan/astra_robot_control/skill/ros_ws/install/robot_execution/share/robot_execution/hook/cmake_prefix_path.dsv'
[12.033s] INFO:colcon.colcon_core.shell:Creating environment hook '/home/yuxuan/astra_robot_control/skill/ros_ws/install/robot_execution/share/robot_execution/hook/cmake_prefix_path.sh'
[12.033s] Level 1:colcon.colcon_core.environment:checking '/home/yuxuan/astra_robot_control/skill/ros_ws/install/robot_execution/lib'
[12.033s] Level 1:colcon.colcon_core.environment:checking '/home/yuxuan/astra_robot_control/skill/ros_ws/install/robot_execution/bin'
[12.033s] Level 1:colcon.colcon_core.environment:checking '/home/yuxuan/astra_robot_control/skill/ros_ws/install/robot_execution/lib/pkgconfig/robot_execution.pc'
[12.033s] Level 1:colcon.colcon_core.environment:checking '/home/yuxuan/astra_robot_control/skill/ros_ws/install/robot_execution/lib/python3.12/site-packages'
[12.034s] Level 1:colcon.colcon_core.environment:checking '/home/yuxuan/astra_robot_control/skill/ros_ws/install/robot_execution/bin'
[12.034s] INFO:colcon.colcon_core.shell:Creating package script '/home/yuxuan/astra_robot_control/skill/ros_ws/install/robot_execution/share/robot_execution/package.ps1'
[12.034s] INFO:colcon.colcon_core.shell:Creating package descriptor '/home/yuxuan/astra_robot_control/skill/ros_ws/install/robot_execution/share/robot_execution/package.dsv'
[12.034s] INFO:colcon.colcon_core.shell:Creating package script '/home/yuxuan/astra_robot_control/skill/ros_ws/install/robot_execution/share/robot_execution/package.sh'
[12.034s] INFO:colcon.colcon_core.shell:Creating package script '/home/yuxuan/astra_robot_control/skill/ros_ws/install/robot_execution/share/robot_execution/package.bash'
[12.034s] INFO:colcon.colcon_core.shell:Creating package script '/home/yuxuan/astra_robot_control/skill/ros_ws/install/robot_execution/share/robot_execution/package.zsh'
[12.035s] Level 1:colcon.colcon_core.environment:create_file_with_runtime_dependencies(/home/yuxuan/astra_robot_control/skill/ros_ws/install/robot_execution/share/colcon-core/packages/robot_execution)
[12.035s] Level 1:colcon.colcon_core.environment:create_environment_scripts_only(robot_execution)
[12.035s] Level 1:colcon.colcon_core.environment:checking '/home/yuxuan/astra_robot_control/skill/ros_ws/install/robot_execution' for CMake module files
[12.035s] Level 1:colcon.colcon_core.environment:checking '/home/yuxuan/astra_robot_control/skill/ros_ws/install/robot_execution' for CMake config files
[12.035s] Level 1:colcon.colcon_core.shell:create_environment_hook('robot_execution', 'cmake_prefix_path')
[12.035s] INFO:colcon.colcon_core.shell:Creating environment hook '/home/yuxuan/astra_robot_control/skill/ros_ws/install/robot_execution/share/robot_execution/hook/cmake_prefix_path.ps1'
[12.036s] INFO:colcon.colcon_core.shell:Creating environment descriptor '/home/yuxuan/astra_robot_control/skill/ros_ws/install/robot_execution/share/robot_execution/hook/cmake_prefix_path.dsv'
[12.036s] INFO:colcon.colcon_core.shell:Creating environment hook '/home/yuxuan/astra_robot_control/skill/ros_ws/install/robot_execution/share/robot_execution/hook/cmake_prefix_path.sh'
[12.036s] Level 1:colcon.colcon_core.environment:checking '/home/yuxuan/astra_robot_control/skill/ros_ws/install/robot_execution/lib'
[12.036s] Level 1:colcon.colcon_core.environment:checking '/home/yuxuan/astra_robot_control/skill/ros_ws/install/robot_execution/bin'
[12.036s] Level 1:colcon.colcon_core.environment:checking '/home/yuxuan/astra_robot_control/skill/ros_ws/install/robot_execution/lib/pkgconfig/robot_execution.pc'
[12.036s] Level 1:colcon.colcon_core.environment:checking '/home/yuxuan/astra_robot_control/skill/ros_ws/install/robot_execution/lib/python3.12/site-packages'
[12.036s] Level 1:colcon.colcon_core.environment:checking '/home/yuxuan/astra_robot_control/skill/ros_ws/install/robot_execution/bin'
[12.037s] INFO:colcon.colcon_core.shell:Creating package script '/home/yuxuan/astra_robot_control/skill/ros_ws/install/robot_execution/share/robot_execution/package.ps1'
[12.037s] INFO:colcon.colcon_core.shell:Creating package descriptor '/home/yuxuan/astra_robot_control/skill/ros_ws/install/robot_execution/share/robot_execution/package.dsv'
[12.037s] INFO:colcon.colcon_core.shell:Creating package script '/home/yuxuan/astra_robot_control/skill/ros_ws/install/robot_execution/share/robot_execution/package.sh'
[12.037s] INFO:colcon.colcon_core.shell:Creating package script '/home/yuxuan/astra_robot_control/skill/ros_ws/install/robot_execution/share/robot_execution/package.bash'
[12.037s] INFO:colcon.colcon_core.shell:Creating package script '/home/yuxuan/astra_robot_control/skill/ros_ws/install/robot_execution/share/robot_execution/package.zsh'
[12.037s] Level 1:colcon.colcon_core.environment:create_file_with_runtime_dependencies(/home/yuxuan/astra_robot_control/skill/ros_ws/install/robot_execution/share/colcon-core/packages/robot_execution)
[12.038s] INFO:colcon.colcon_ros.task.ament_cmake.build:Building ROS package in '/home/yuxuan/astra_robot_control/skill/ros_ws/src/robot_bringup' with build type 'ament_cmake'
[12.038s] INFO:colcon.colcon_cmake.task.cmake.build:Building CMake package in '/home/yuxuan/astra_robot_control/skill/ros_ws/src/robot_bringup'
[12.038s] INFO:colcon.colcon_core.shell:Skip shell extension 'powershell' for command environment: Not usable outside of PowerShell
[12.038s] DEBUG:colcon.colcon_core.shell:Skip shell extension 'dsv' for command environment
[12.046s] DEBUG:colcon.colcon_core.event_handler.log_command:Invoking command in '/home/yuxuan/astra_robot_control/skill/ros_ws/build/robot_bringup': AMENT_PREFIX_PATH=/home/yuxuan/astra_robot_control/skill/ros_ws/install/robot_execution:/home/yuxuan/astra_robot_control/skill/ros_ws/install/robot_interfaces:/home/yuxuan/astra_robot_control/skill/ros_ws/install/insight_camera:${AMENT_PREFIX_PATH} CMAKE_PREFIX_PATH=/home/yuxuan/astra_robot_control/skill/ros_ws/install/robot_execution:/home/yuxuan/astra_robot_control/skill/ros_ws/install/robot_interfaces:/opt/ros/jazzy/opt/gz_sim_vendor:/opt/ros/jazzy/opt/gz_sensors_vendor:/opt/ros/jazzy/opt/gz_physics_vendor:/opt/ros/jazzy/opt/sdformat_vendor:/opt/ros/jazzy/opt/gz_gui_vendor:/opt/ros/jazzy/opt/gz_transport_vendor:/opt/ros/jazzy/opt/gz_rendering_vendor:/opt/ros/jazzy/opt/gz_plugin_vendor:/opt/ros/jazzy/opt/gz_fuel_tools_vendor:/opt/ros/jazzy/opt/gz_msgs_vendor:/opt/ros/jazzy/opt/gz_common_vendor:/opt/ros/jazzy/opt/gz_math_vendor:/opt/ros/jazzy/opt/gz_utils_vendor:/opt/ros/jazzy/opt/gz_tools_vendor:/opt/ros/jazzy/opt/gz_ogre_next_vendor:/opt/ros/jazzy/opt/gz_dartsim_vendor:/opt/ros/jazzy/opt/gz_cmake_vendor:/opt/ros/jazzy DEBUGINFOD_URLS=https://debuginfod.ubuntu.com LD_LIBRARY_PATH=/home/yuxuan/astra_robot_control/skill/ros_ws/install/robot_interfaces/lib:${LD_LIBRARY_PATH} PYTHONPATH=/home/yuxuan/astra_robot_control/skill/ros_ws/install/robot_interfaces/lib/python3.12/site-packages:/home/yuxuan/astra_robot_control/skill/ros_ws/build/insight_camera:/home/yuxuan/astra_robot_control/skill/ros_ws/install/insight_camera/lib/python3.12/site-packages:${PYTHONPATH} /usr/bin/cmake /home/yuxuan/astra_robot_control/skill/ros_ws/src/robot_bringup -DAMENT_CMAKE_SYMLINK_INSTALL=1 -DCMAKE_INSTALL_PREFIX=/home/yuxuan/astra_robot_control/skill/ros_ws/install/robot_bringup
[12.563s] DEBUG:colcon.colcon_core.event_handler.log_command:Invoked command in '/home/yuxuan/astra_robot_control/skill/ros_ws/build/robot_bringup' returned '0': AMENT_PREFIX_PATH=/home/yuxuan/astra_robot_control/skill/ros_ws/install/robot_execution:/home/yuxuan/astra_robot_control/skill/ros_ws/install/robot_interfaces:/home/yuxuan/astra_robot_control/skill/ros_ws/install/insight_camera:${AMENT_PREFIX_PATH} CMAKE_PREFIX_PATH=/home/yuxuan/astra_robot_control/skill/ros_ws/install/robot_execution:/home/yuxuan/astra_robot_control/skill/ros_ws/install/robot_interfaces:/opt/ros/jazzy/opt/gz_sim_vendor:/opt/ros/jazzy/opt/gz_sensors_vendor:/opt/ros/jazzy/opt/gz_physics_vendor:/opt/ros/jazzy/opt/sdformat_vendor:/opt/ros/jazzy/opt/gz_gui_vendor:/opt/ros/jazzy/opt/gz_transport_vendor:/opt/ros/jazzy/opt/gz_rendering_vendor:/opt/ros/jazzy/opt/gz_plugin_vendor:/opt/ros/jazzy/opt/gz_fuel_tools_vendor:/opt/ros/jazzy/opt/gz_msgs_vendor:/opt/ros/jazzy/opt/gz_common_vendor:/opt/ros/jazzy/opt/gz_math_vendor:/opt/ros/jazzy/opt/gz_utils_vendor:/opt/ros/jazzy/opt/gz_tools_vendor:/opt/ros/jazzy/opt/gz_ogre_next_vendor:/opt/ros/jazzy/opt/gz_dartsim_vendor:/opt/ros/jazzy/opt/gz_cmake_vendor:/opt/ros/jazzy DEBUGINFOD_URLS=https://debuginfod.ubuntu.com LD_LIBRARY_PATH=/home/yuxuan/astra_robot_control/skill/ros_ws/install/robot_interfaces/lib:${LD_LIBRARY_PATH} PYTHONPATH=/home/yuxuan/astra_robot_control/skill/ros_ws/install/robot_interfaces/lib/python3.12/site-packages:/home/yuxuan/astra_robot_control/skill/ros_ws/build/insight_camera:/home/yuxuan/astra_robot_control/skill/ros_ws/install/insight_camera/lib/python3.12/site-packages:${PYTHONPATH} /usr/bin/cmake /home/yuxuan/astra_robot_control/skill/ros_ws/src/robot_bringup -DAMENT_CMAKE_SYMLINK_INSTALL=1 -DCMAKE_INSTALL_PREFIX=/home/yuxuan/astra_robot_control/skill/ros_ws/install/robot_bringup
[12.563s] DEBUG:colcon.colcon_core.event_handler.log_command:Invoking command in '/home/yuxuan/astra_robot_control/skill/ros_ws/build/robot_bringup': AMENT_PREFIX_PATH=/home/yuxuan/astra_robot_control/skill/ros_ws/install/robot_execution:/home/yuxuan/astra_robot_control/skill/ros_ws/install/robot_interfaces:/home/yuxuan/astra_robot_control/skill/ros_ws/install/insight_camera:${AMENT_PREFIX_PATH} CMAKE_PREFIX_PATH=/home/yuxuan/astra_robot_control/skill/ros_ws/install/robot_execution:/home/yuxuan/astra_robot_control/skill/ros_ws/install/robot_interfaces:/opt/ros/jazzy/opt/gz_sim_vendor:/opt/ros/jazzy/opt/gz_sensors_vendor:/opt/ros/jazzy/opt/gz_physics_vendor:/opt/ros/jazzy/opt/sdformat_vendor:/opt/ros/jazzy/opt/gz_gui_vendor:/opt/ros/jazzy/opt/gz_transport_vendor:/opt/ros/jazzy/opt/gz_rendering_vendor:/opt/ros/jazzy/opt/gz_plugin_vendor:/opt/ros/jazzy/opt/gz_fuel_tools_vendor:/opt/ros/jazzy/opt/gz_msgs_vendor:/opt/ros/jazzy/opt/gz_common_vendor:/opt/ros/jazzy/opt/gz_math_vendor:/opt/ros/jazzy/opt/gz_utils_vendor:/opt/ros/jazzy/opt/gz_tools_vendor:/opt/ros/jazzy/opt/gz_ogre_next_vendor:/opt/ros/jazzy/opt/gz_dartsim_vendor:/opt/ros/jazzy/opt/gz_cmake_vendor:/opt/ros/jazzy DEBUGINFOD_URLS=https://debuginfod.ubuntu.com LD_LIBRARY_PATH=/home/yuxuan/astra_robot_control/skill/ros_ws/install/robot_interfaces/lib:${LD_LIBRARY_PATH} PYTHONPATH=/home/yuxuan/astra_robot_control/skill/ros_ws/install/robot_interfaces/lib/python3.12/site-packages:/home/yuxuan/astra_robot_control/skill/ros_ws/build/insight_camera:/home/yuxuan/astra_robot_control/skill/ros_ws/install/insight_camera/lib/python3.12/site-packages:${PYTHONPATH} /usr/bin/cmake --build /home/yuxuan/astra_robot_control/skill/ros_ws/build/robot_bringup -- -j20 -l20
[12.594s] DEBUG:colcon.colcon_core.event_handler.log_command:Invoked command in '/home/yuxuan/astra_robot_control/skill/ros_ws/build/robot_bringup' returned '0': AMENT_PREFIX_PATH=/home/yuxuan/astra_robot_control/skill/ros_ws/install/robot_execution:/home/yuxuan/astra_robot_control/skill/ros_ws/install/robot_interfaces:/home/yuxuan/astra_robot_control/skill/ros_ws/install/insight_camera:${AMENT_PREFIX_PATH} CMAKE_PREFIX_PATH=/home/yuxuan/astra_robot_control/skill/ros_ws/install/robot_execution:/home/yuxuan/astra_robot_control/skill/ros_ws/install/robot_interfaces:/opt/ros/jazzy/opt/gz_sim_vendor:/opt/ros/jazzy/opt/gz_sensors_vendor:/opt/ros/jazzy/opt/gz_physics_vendor:/opt/ros/jazzy/opt/sdformat_vendor:/opt/ros/jazzy/opt/gz_gui_vendor:/opt/ros/jazzy/opt/gz_transport_vendor:/opt/ros/jazzy/opt/gz_rendering_vendor:/opt/ros/jazzy/opt/gz_plugin_vendor:/opt/ros/jazzy/opt/gz_fuel_tools_vendor:/opt/ros/jazzy/opt/gz_msgs_vendor:/opt/ros/jazzy/opt/gz_common_vendor:/opt/ros/jazzy/opt/gz_math_vendor:/opt/ros/jazzy/opt/gz_utils_vendor:/opt/ros/jazzy/opt/gz_tools_vendor:/opt/ros/jazzy/opt/gz_ogre_next_vendor:/opt/ros/jazzy/opt/gz_dartsim_vendor:/opt/ros/jazzy/opt/gz_cmake_vendor:/opt/ros/jazzy DEBUGINFOD_URLS=https://debuginfod.ubuntu.com LD_LIBRARY_PATH=/home/yuxuan/astra_robot_control/skill/ros_ws/install/robot_interfaces/lib:${LD_LIBRARY_PATH} PYTHONPATH=/home/yuxuan/astra_robot_control/skill/ros_ws/install/robot_interfaces/lib/python3.12/site-packages:/home/yuxuan/astra_robot_control/skill/ros_ws/build/insight_camera:/home/yuxuan/astra_robot_control/skill/ros_ws/install/insight_camera/lib/python3.12/site-packages:${PYTHONPATH} /usr/bin/cmake --build /home/yuxuan/astra_robot_control/skill/ros_ws/build/robot_bringup -- -j20 -l20
[12.595s] DEBUG:colcon.colcon_core.event_handler.log_command:Invoking command in '/home/yuxuan/astra_robot_control/skill/ros_ws/build/robot_bringup': AMENT_PREFIX_PATH=/home/yuxuan/astra_robot_control/skill/ros_ws/install/robot_execution:/home/yuxuan/astra_robot_control/skill/ros_ws/install/robot_interfaces:/home/yuxuan/astra_robot_control/skill/ros_ws/install/insight_camera:${AMENT_PREFIX_PATH} CMAKE_PREFIX_PATH=/home/yuxuan/astra_robot_control/skill/ros_ws/install/robot_execution:/home/yuxuan/astra_robot_control/skill/ros_ws/install/robot_interfaces:/opt/ros/jazzy/opt/gz_sim_vendor:/opt/ros/jazzy/opt/gz_sensors_vendor:/opt/ros/jazzy/opt/gz_physics_vendor:/opt/ros/jazzy/opt/sdformat_vendor:/opt/ros/jazzy/opt/gz_gui_vendor:/opt/ros/jazzy/opt/gz_transport_vendor:/opt/ros/jazzy/opt/gz_rendering_vendor:/opt/ros/jazzy/opt/gz_plugin_vendor:/opt/ros/jazzy/opt/gz_fuel_tools_vendor:/opt/ros/jazzy/opt/gz_msgs_vendor:/opt/ros/jazzy/opt/gz_common_vendor:/opt/ros/jazzy/opt/gz_math_vendor:/opt/ros/jazzy/opt/gz_utils_vendor:/opt/ros/jazzy/opt/gz_tools_vendor:/opt/ros/jazzy/opt/gz_ogre_next_vendor:/opt/ros/jazzy/opt/gz_dartsim_vendor:/opt/ros/jazzy/opt/gz_cmake_vendor:/opt/ros/jazzy DEBUGINFOD_URLS=https://debuginfod.ubuntu.com LD_LIBRARY_PATH=/home/yuxuan/astra_robot_control/skill/ros_ws/install/robot_interfaces/lib:${LD_LIBRARY_PATH} PYTHONPATH=/home/yuxuan/astra_robot_control/skill/ros_ws/install/robot_interfaces/lib/python3.12/site-packages:/home/yuxuan/astra_robot_control/skill/ros_ws/build/insight_camera:/home/yuxuan/astra_robot_control/skill/ros_ws/install/insight_camera/lib/python3.12/site-packages:${PYTHONPATH} /usr/bin/cmake --install /home/yuxuan/astra_robot_control/skill/ros_ws/build/robot_bringup
[12.714s] Level 1:colcon.colcon_core.environment:create_environment_scripts_only(robot_bringup)
[12.714s] Level 1:colcon.colcon_core.environment:checking '/home/yuxuan/astra_robot_control/skill/ros_ws/install/robot_bringup' for CMake module files
[12.715s] DEBUG:colcon.colcon_core.event_handler.log_command:Invoked command in '/home/yuxuan/astra_robot_control/skill/ros_ws/build/robot_bringup' returned '0': AMENT_PREFIX_PATH=/home/yuxuan/astra_robot_control/skill/ros_ws/install/robot_execution:/home/yuxuan/astra_robot_control/skill/ros_ws/install/robot_interfaces:/home/yuxuan/astra_robot_control/skill/ros_ws/install/insight_camera:${AMENT_PREFIX_PATH} CMAKE_PREFIX_PATH=/home/yuxuan/astra_robot_control/skill/ros_ws/install/robot_execution:/home/yuxuan/astra_robot_control/skill/ros_ws/install/robot_interfaces:/opt/ros/jazzy/opt/gz_sim_vendor:/opt/ros/jazzy/opt/gz_sensors_vendor:/opt/ros/jazzy/opt/gz_physics_vendor:/opt/ros/jazzy/opt/sdformat_vendor:/opt/ros/jazzy/opt/gz_gui_vendor:/opt/ros/jazzy/opt/gz_transport_vendor:/opt/ros/jazzy/opt/gz_rendering_vendor:/opt/ros/jazzy/opt/gz_plugin_vendor:/opt/ros/jazzy/opt/gz_fuel_tools_vendor:/opt/ros/jazzy/opt/gz_msgs_vendor:/opt/ros/jazzy/opt/gz_common_vendor:/opt/ros/jazzy/opt/gz_math_vendor:/opt/ros/jazzy/opt/gz_utils_vendor:/opt/ros/jazzy/opt/gz_tools_vendor:/opt/ros/jazzy/opt/gz_ogre_next_vendor:/opt/ros/jazzy/opt/gz_dartsim_vendor:/opt/ros/jazzy/opt/gz_cmake_vendor:/opt/ros/jazzy DEBUGINFOD_URLS=https://debuginfod.ubuntu.com LD_LIBRARY_PATH=/home/yuxuan/astra_robot_control/skill/ros_ws/install/robot_interfaces/lib:${LD_LIBRARY_PATH} PYTHONPATH=/home/yuxuan/astra_robot_control/skill/ros_ws/install/robot_interfaces/lib/python3.12/site-packages:/home/yuxuan/astra_robot_control/skill/ros_ws/build/insight_camera:/home/yuxuan/astra_robot_control/skill/ros_ws/install/insight_camera/lib/python3.12/site-packages:${PYTHONPATH} /usr/bin/cmake --install /home/yuxuan/astra_robot_control/skill/ros_ws/build/robot_bringup
[12.715s] Level 1:colcon.colcon_core.environment:checking '/home/yuxuan/astra_robot_control/skill/ros_ws/install/robot_bringup' for CMake config files
[12.715s] Level 1:colcon.colcon_core.shell:create_environment_hook('robot_bringup', 'cmake_prefix_path')
[12.715s] INFO:colcon.colcon_core.shell:Creating environment hook '/home/yuxuan/astra_robot_control/skill/ros_ws/install/robot_bringup/share/robot_bringup/hook/cmake_prefix_path.ps1'
[12.716s] INFO:colcon.colcon_core.shell:Creating environment descriptor '/home/yuxuan/astra_robot_control/skill/ros_ws/install/robot_bringup/share/robot_bringup/hook/cmake_prefix_path.dsv'
[12.716s] INFO:colcon.colcon_core.shell:Creating environment hook '/home/yuxuan/astra_robot_control/skill/ros_ws/install/robot_bringup/share/robot_bringup/hook/cmake_prefix_path.sh'
[12.716s] Level 1:colcon.colcon_core.environment:checking '/home/yuxuan/astra_robot_control/skill/ros_ws/install/robot_bringup/bin'
[12.716s] Level 1:colcon.colcon_core.environment:checking '/home/yuxuan/astra_robot_control/skill/ros_ws/install/robot_bringup/lib/pkgconfig/robot_bringup.pc'
[12.716s] Level 1:colcon.colcon_core.environment:checking '/home/yuxuan/astra_robot_control/skill/ros_ws/install/robot_bringup/lib/python3.12/site-packages'
[12.717s] Level 1:colcon.colcon_core.environment:checking '/home/yuxuan/astra_robot_control/skill/ros_ws/install/robot_bringup/bin'
[12.717s] INFO:colcon.colcon_core.shell:Creating package script '/home/yuxuan/astra_robot_control/skill/ros_ws/install/robot_bringup/share/robot_bringup/package.ps1'
[12.717s] INFO:colcon.colcon_core.shell:Creating package descriptor '/home/yuxuan/astra_robot_control/skill/ros_ws/install/robot_bringup/share/robot_bringup/package.dsv'
[12.717s] INFO:colcon.colcon_core.shell:Creating package script '/home/yuxuan/astra_robot_control/skill/ros_ws/install/robot_bringup/share/robot_bringup/package.sh'
[12.717s] INFO:colcon.colcon_core.shell:Creating package script '/home/yuxuan/astra_robot_control/skill/ros_ws/install/robot_bringup/share/robot_bringup/package.bash'
[12.717s] INFO:colcon.colcon_core.shell:Creating package script '/home/yuxuan/astra_robot_control/skill/ros_ws/install/robot_bringup/share/robot_bringup/package.zsh'
[12.718s] Level 1:colcon.colcon_core.environment:create_file_with_runtime_dependencies(/home/yuxuan/astra_robot_control/skill/ros_ws/install/robot_bringup/share/colcon-core/packages/robot_bringup)
[12.718s] Level 1:colcon.colcon_core.environment:create_environment_scripts_only(robot_bringup)
[12.718s] Level 1:colcon.colcon_core.environment:checking '/home/yuxuan/astra_robot_control/skill/ros_ws/install/robot_bringup' for CMake module files
[12.718s] Level 1:colcon.colcon_core.environment:checking '/home/yuxuan/astra_robot_control/skill/ros_ws/install/robot_bringup' for CMake config files
[12.718s] Level 1:colcon.colcon_core.shell:create_environment_hook('robot_bringup', 'cmake_prefix_path')
[12.719s] INFO:colcon.colcon_core.shell:Creating environment hook '/home/yuxuan/astra_robot_control/skill/ros_ws/install/robot_bringup/share/robot_bringup/hook/cmake_prefix_path.ps1'
[12.719s] INFO:colcon.colcon_core.shell:Creating environment descriptor '/home/yuxuan/astra_robot_control/skill/ros_ws/install/robot_bringup/share/robot_bringup/hook/cmake_prefix_path.dsv'
[12.719s] INFO:colcon.colcon_core.shell:Creating environment hook '/home/yuxuan/astra_robot_control/skill/ros_ws/install/robot_bringup/share/robot_bringup/hook/cmake_prefix_path.sh'
[12.719s] Level 1:colcon.colcon_core.environment:checking '/home/yuxuan/astra_robot_control/skill/ros_ws/install/robot_bringup/bin'
[12.719s] Level 1:colcon.colcon_core.environment:checking '/home/yuxuan/astra_robot_control/skill/ros_ws/install/robot_bringup/lib/pkgconfig/robot_bringup.pc'
[12.719s] Level 1:colcon.colcon_core.environment:checking '/home/yuxuan/astra_robot_control/skill/ros_ws/install/robot_bringup/lib/python3.12/site-packages'
[12.720s] Level 1:colcon.colcon_core.environment:checking '/home/yuxuan/astra_robot_control/skill/ros_ws/install/robot_bringup/bin'
[12.720s] INFO:colcon.colcon_core.shell:Creating package script '/home/yuxuan/astra_robot_control/skill/ros_ws/install/robot_bringup/share/robot_bringup/package.ps1'
[12.720s] INFO:colcon.colcon_core.shell:Creating package descriptor '/home/yuxuan/astra_robot_control/skill/ros_ws/install/robot_bringup/share/robot_bringup/package.dsv'
[12.721s] INFO:colcon.colcon_core.shell:Creating package script '/home/yuxuan/astra_robot_control/skill/ros_ws/install/robot_bringup/share/robot_bringup/package.sh'
[12.721s] INFO:colcon.colcon_core.shell:Creating package script '/home/yuxuan/astra_robot_control/skill/ros_ws/install/robot_bringup/share/robot_bringup/package.bash'
[12.721s] INFO:colcon.colcon_core.shell:Creating package script '/home/yuxuan/astra_robot_control/skill/ros_ws/install/robot_bringup/share/robot_bringup/package.zsh'
[12.721s] Level 1:colcon.colcon_core.environment:create_file_with_runtime_dependencies(/home/yuxuan/astra_robot_control/skill/ros_ws/install/robot_bringup/share/colcon-core/packages/robot_bringup)
[12.721s] DEBUG:colcon.colcon_parallel_executor.executor.parallel:closing loop
[12.722s] DEBUG:colcon.colcon_parallel_executor.executor.parallel:loop closed
[12.722s] DEBUG:colcon.colcon_parallel_executor.executor.parallel:run_until_complete finished with '0'
[12.722s] DEBUG:colcon.colcon_core.event_reactor:joining thread
[12.726s] INFO:colcon.colcon_core.plugin_system:Skipping extension 'colcon_notification.desktop_notification.terminal_notifier': Not used on non-Darwin systems
[12.727s] INFO:colcon.colcon_core.plugin_system:Skipping extension 'colcon_notification.desktop_notification.win32': Not used on non-Windows systems
[12.727s] INFO:colcon.colcon_notification.desktop_notification:Sending desktop notification using 'notify2'
[12.738s] DEBUG:colcon.colcon_core.event_reactor:joined thread
[12.738s] INFO:colcon.colcon_core.shell:Creating prefix script '/home/yuxuan/astra_robot_control/skill/ros_ws/install/local_setup.ps1'
[12.739s] INFO:colcon.colcon_core.shell:Creating prefix util module '/home/yuxuan/astra_robot_control/skill/ros_ws/install/_local_setup_util_ps1.py'
[12.740s] INFO:colcon.colcon_core.shell:Creating prefix chain script '/home/yuxuan/astra_robot_control/skill/ros_ws/install/setup.ps1'
[12.740s] INFO:colcon.colcon_core.shell:Creating prefix script '/home/yuxuan/astra_robot_control/skill/ros_ws/install/local_setup.sh'
[12.741s] INFO:colcon.colcon_core.shell:Creating prefix util module '/home/yuxuan/astra_robot_control/skill/ros_ws/install/_local_setup_util_sh.py'
[12.741s] INFO:colcon.colcon_core.shell:Creating prefix chain script '/home/yuxuan/astra_robot_control/skill/ros_ws/install/setup.sh'
[12.741s] INFO:colcon.colcon_core.shell:Creating prefix script '/home/yuxuan/astra_robot_control/skill/ros_ws/install/local_setup.bash'
[12.742s] INFO:colcon.colcon_core.shell:Creating prefix chain script '/home/yuxuan/astra_robot_control/skill/ros_ws/install/setup.bash'
[12.742s] INFO:colcon.colcon_core.shell:Creating prefix script '/home/yuxuan/astra_robot_control/skill/ros_ws/install/local_setup.zsh'
[12.742s] INFO:colcon.colcon_core.shell:Creating prefix chain script '/home/yuxuan/astra_robot_control/skill/ros_ws/install/setup.zsh'
