[0.007s] Invoking command in '/home/yuxuan/astra_robot_control/skill/ros_ws/build/robot_execution': AMENT_PREFIX_PATH=/home/yuxuan/astra_robot_control/skill/ros_ws/install/robot_interfaces:${AMENT_PREFIX_PATH} CMAKE_PREFIX_PATH=/home/yuxuan/astra_robot_control/skill/ros_ws/install/robot_interfaces:/opt/ros/jazzy/opt/gz_sim_vendor:/opt/ros/jazzy/opt/gz_sensors_vendor:/opt/ros/jazzy/opt/gz_physics_vendor:/opt/ros/jazzy/opt/sdformat_vendor:/opt/ros/jazzy/opt/gz_gui_vendor:/opt/ros/jazzy/opt/gz_transport_vendor:/opt/ros/jazzy/opt/gz_rendering_vendor:/opt/ros/jazzy/opt/gz_plugin_vendor:/opt/ros/jazzy/opt/gz_fuel_tools_vendor:/opt/ros/jazzy/opt/gz_msgs_vendor:/opt/ros/jazzy/opt/gz_common_vendor:/opt/ros/jazzy/opt/gz_math_vendor:/opt/ros/jazzy/opt/gz_utils_vendor:/opt/ros/jazzy/opt/gz_tools_vendor:/opt/ros/jazzy/opt/gz_ogre_next_vendor:/opt/ros/jazzy/opt/gz_dartsim_vendor:/opt/ros/jazzy/opt/gz_cmake_vendor:/opt/ros/jazzy DEBUGINFOD_URLS=https://debuginfod.ubuntu.com LD_LIBRARY_PATH=/home/yuxuan/astra_robot_control/skill/ros_ws/install/robot_interfaces/lib:${LD_LIBRARY_PATH} PYTHONPATH=/home/yuxuan/astra_robot_control/skill/ros_ws/install/robot_interfaces/lib/python3.12/site-packages:${PYTHONPATH} /usr/bin/cmake /home/yuxuan/astra_robot_control/skill/ros_ws/src/robot_execution -DAMENT_CMAKE_SYMLINK_INSTALL=1 -DCMAKE_INSTALL_PREFIX=/home/yuxuan/astra_robot_control/skill/ros_ws/install/robot_execution
[0.044s] -- The C compiler identification is GNU 13.3.0
[0.081s] -- The CXX compiler identification is GNU 13.3.0
[0.092s] -- Detecting C compiler ABI info
[0.155s] -- Detecting C compiler ABI info - done
[0.161s] -- Check for working C compiler: /usr/bin/cc - skipped
[0.161s] -- Detecting C compile features
[0.161s] -- Detecting C compile features - done
[0.168s] -- Detecting CXX compiler ABI info
[0.234s] -- Detecting CXX compiler ABI info - done
[0.240s] -- Check for working CXX compiler: /usr/bin/c++ - skipped
[0.240s] -- Detecting CXX compile features
[0.241s] -- Detecting CXX compile features - done
[0.243s] -- Found ament_cmake: 2.5.6 (/opt/ros/jazzy/share/ament_cmake/cmake)
[0.346s] -- Found Python3: /usr/bin/python3 (found version "3.12.3") found components: Interpreter 
[0.393s] -- Override CMake install command with custom implementation using symlinks instead of copying resources
[0.426s] -- Found rclcpp: 28.1.21 (/opt/ros/jazzy/share/rclcpp/cmake)
[0.454s] -- Found rosidl_generator_c: 4.6.9 (/opt/ros/jazzy/share/rosidl_generator_c/cmake)
[0.463s] -- Found rosidl_generator_cpp: 4.6.9 (/opt/ros/jazzy/share/rosidl_generator_cpp/cmake)
[0.473s] -- Using all available rosidl_typesupport_c: rosidl_typesupport_fastrtps_c;rosidl_typesupport_introspection_c
[0.484s] -- Using all available rosidl_typesupport_cpp: rosidl_typesupport_fastrtps_cpp;rosidl_typesupport_introspection_cpp
[0.536s] -- Found rmw_implementation_cmake: 7.3.3 (/opt/ros/jazzy/share/rmw_implementation_cmake/cmake)
[0.538s] -- Found rmw_fastrtps_cpp: 8.4.4 (/opt/ros/jazzy/share/rmw_fastrtps_cpp/cmake)
[0.595s] -- Found OpenSSL: /usr/lib/x86_64-linux-gnu/libcrypto.so (found version "3.0.13")  
[0.610s] -- Found FastRTPS: /opt/ros/jazzy/include (Required is at least version "2.13") 
[0.627s] -- Using RMW implementation 'rmw_fastrtps_cpp' as default
[0.682s] -- Found rclcpp_action: 28.1.21 (/opt/ros/jazzy/share/rclcpp_action/cmake)
[0.709s] -- Found robot_interfaces: 0.1.0 (/home/yuxuan/astra_robot_control/skill/ros_ws/install/robot_interfaces/share/robot_interfaces/cmake)
[0.744s] -- Found sensor_msgs: 5.3.8 (/opt/ros/jazzy/share/sensor_msgs/cmake)
[0.760s] -- Found std_srvs: 5.3.8 (/opt/ros/jazzy/share/std_srvs/cmake)
[0.773s] -- Found ament_cmake_gtest: 2.5.6 (/opt/ros/jazzy/share/ament_cmake_gtest/cmake)
[0.774s] -- Found gtest sources under '/opt/ros/jazzy/src/gtest_vendor': C++ tests using 'Google Test' will be built
[0.776s] -- Performing Test CMAKE_HAVE_LIBC_PTHREAD
[0.843s] -- Performing Test CMAKE_HAVE_LIBC_PTHREAD - Success
[0.844s] -- Found Threads: TRUE  
[0.902s] -- Configuring done (0.9s)
[0.915s] -- Generating done (0.0s)
[0.918s] -- Build files have been written to: /home/yuxuan/astra_robot_control/skill/ros_ws/build/robot_execution
[0.929s] Invoked command in '/home/yuxuan/astra_robot_control/skill/ros_ws/build/robot_execution' returned '0': AMENT_PREFIX_PATH=/home/yuxuan/astra_robot_control/skill/ros_ws/install/robot_interfaces:${AMENT_PREFIX_PATH} CMAKE_PREFIX_PATH=/home/yuxuan/astra_robot_control/skill/ros_ws/install/robot_interfaces:/opt/ros/jazzy/opt/gz_sim_vendor:/opt/ros/jazzy/opt/gz_sensors_vendor:/opt/ros/jazzy/opt/gz_physics_vendor:/opt/ros/jazzy/opt/sdformat_vendor:/opt/ros/jazzy/opt/gz_gui_vendor:/opt/ros/jazzy/opt/gz_transport_vendor:/opt/ros/jazzy/opt/gz_rendering_vendor:/opt/ros/jazzy/opt/gz_plugin_vendor:/opt/ros/jazzy/opt/gz_fuel_tools_vendor:/opt/ros/jazzy/opt/gz_msgs_vendor:/opt/ros/jazzy/opt/gz_common_vendor:/opt/ros/jazzy/opt/gz_math_vendor:/opt/ros/jazzy/opt/gz_utils_vendor:/opt/ros/jazzy/opt/gz_tools_vendor:/opt/ros/jazzy/opt/gz_ogre_next_vendor:/opt/ros/jazzy/opt/gz_dartsim_vendor:/opt/ros/jazzy/opt/gz_cmake_vendor:/opt/ros/jazzy DEBUGINFOD_URLS=https://debuginfod.ubuntu.com LD_LIBRARY_PATH=/home/yuxuan/astra_robot_control/skill/ros_ws/install/robot_interfaces/lib:${LD_LIBRARY_PATH} PYTHONPATH=/home/yuxuan/astra_robot_control/skill/ros_ws/install/robot_interfaces/lib/python3.12/site-packages:${PYTHONPATH} /usr/bin/cmake /home/yuxuan/astra_robot_control/skill/ros_ws/src/robot_execution -DAMENT_CMAKE_SYMLINK_INSTALL=1 -DCMAKE_INSTALL_PREFIX=/home/yuxuan/astra_robot_control/skill/ros_ws/install/robot_execution
[0.930s] Invoking command in '/home/yuxuan/astra_robot_control/skill/ros_ws/build/robot_execution': AMENT_PREFIX_PATH=/home/yuxuan/astra_robot_control/skill/ros_ws/install/robot_interfaces:${AMENT_PREFIX_PATH} CMAKE_PREFIX_PATH=/home/yuxuan/astra_robot_control/skill/ros_ws/install/robot_interfaces:/opt/ros/jazzy/opt/gz_sim_vendor:/opt/ros/jazzy/opt/gz_sensors_vendor:/opt/ros/jazzy/opt/gz_physics_vendor:/opt/ros/jazzy/opt/sdformat_vendor:/opt/ros/jazzy/opt/gz_gui_vendor:/opt/ros/jazzy/opt/gz_transport_vendor:/opt/ros/jazzy/opt/gz_rendering_vendor:/opt/ros/jazzy/opt/gz_plugin_vendor:/opt/ros/jazzy/opt/gz_fuel_tools_vendor:/opt/ros/jazzy/opt/gz_msgs_vendor:/opt/ros/jazzy/opt/gz_common_vendor:/opt/ros/jazzy/opt/gz_math_vendor:/opt/ros/jazzy/opt/gz_utils_vendor:/opt/ros/jazzy/opt/gz_tools_vendor:/opt/ros/jazzy/opt/gz_ogre_next_vendor:/opt/ros/jazzy/opt/gz_dartsim_vendor:/opt/ros/jazzy/opt/gz_cmake_vendor:/opt/ros/jazzy DEBUGINFOD_URLS=https://debuginfod.ubuntu.com LD_LIBRARY_PATH=/home/yuxuan/astra_robot_control/skill/ros_ws/install/robot_interfaces/lib:${LD_LIBRARY_PATH} PYTHONPATH=/home/yuxuan/astra_robot_control/skill/ros_ws/install/robot_interfaces/lib/python3.12/site-packages:${PYTHONPATH} /usr/bin/cmake --build /home/yuxuan/astra_robot_control/skill/ros_ws/build/robot_execution -- -j20 -l20
[0.975s] [ 37%] Building CXX object gtest/CMakeFiles/gtest.dir/src/gtest-all.cc.o
[0.975s] [ 37%] Building CXX object gtest/CMakeFiles/gtest_main.dir/src/gtest_main.cc.o
[0.975s] [ 37%] Building CXX object CMakeFiles/execution_node.dir/src/execution_node.cpp.o
[1.488s] [ 50%] Linking CXX static library libgtest_main.a
[1.518s] [ 50%] Built target gtest_main
[3.190s] [ 62%] Linking CXX static library libgtest.a
[3.239s] [ 62%] Built target gtest
[3.255s] [ 75%] Building CXX object CMakeFiles/test_validation.dir/test/test_validation.cpp.o
[3.855s] [ 87%] Linking CXX executable test_validation
[3.947s] [ 87%] Built target test_validation
[5.400s] [100%] Linking CXX executable execution_node
[5.622s] [100%] Built target execution_node
[5.631s] Invoked command in '/home/yuxuan/astra_robot_control/skill/ros_ws/build/robot_execution' returned '0': AMENT_PREFIX_PATH=/home/yuxuan/astra_robot_control/skill/ros_ws/install/robot_interfaces:${AMENT_PREFIX_PATH} CMAKE_PREFIX_PATH=/home/yuxuan/astra_robot_control/skill/ros_ws/install/robot_interfaces:/opt/ros/jazzy/opt/gz_sim_vendor:/opt/ros/jazzy/opt/gz_sensors_vendor:/opt/ros/jazzy/opt/gz_physics_vendor:/opt/ros/jazzy/opt/sdformat_vendor:/opt/ros/jazzy/opt/gz_gui_vendor:/opt/ros/jazzy/opt/gz_transport_vendor:/opt/ros/jazzy/opt/gz_rendering_vendor:/opt/ros/jazzy/opt/gz_plugin_vendor:/opt/ros/jazzy/opt/gz_fuel_tools_vendor:/opt/ros/jazzy/opt/gz_msgs_vendor:/opt/ros/jazzy/opt/gz_common_vendor:/opt/ros/jazzy/opt/gz_math_vendor:/opt/ros/jazzy/opt/gz_utils_vendor:/opt/ros/jazzy/opt/gz_tools_vendor:/opt/ros/jazzy/opt/gz_ogre_next_vendor:/opt/ros/jazzy/opt/gz_dartsim_vendor:/opt/ros/jazzy/opt/gz_cmake_vendor:/opt/ros/jazzy DEBUGINFOD_URLS=https://debuginfod.ubuntu.com LD_LIBRARY_PATH=/home/yuxuan/astra_robot_control/skill/ros_ws/install/robot_interfaces/lib:${LD_LIBRARY_PATH} PYTHONPATH=/home/yuxuan/astra_robot_control/skill/ros_ws/install/robot_interfaces/lib/python3.12/site-packages:${PYTHONPATH} /usr/bin/cmake --build /home/yuxuan/astra_robot_control/skill/ros_ws/build/robot_execution -- -j20 -l20
[5.632s] Invoking command in '/home/yuxuan/astra_robot_control/skill/ros_ws/build/robot_execution': AMENT_PREFIX_PATH=/home/yuxuan/astra_robot_control/skill/ros_ws/install/robot_interfaces:${AMENT_PREFIX_PATH} CMAKE_PREFIX_PATH=/home/yuxuan/astra_robot_control/skill/ros_ws/install/robot_interfaces:/opt/ros/jazzy/opt/gz_sim_vendor:/opt/ros/jazzy/opt/gz_sensors_vendor:/opt/ros/jazzy/opt/gz_physics_vendor:/opt/ros/jazzy/opt/sdformat_vendor:/opt/ros/jazzy/opt/gz_gui_vendor:/opt/ros/jazzy/opt/gz_transport_vendor:/opt/ros/jazzy/opt/gz_rendering_vendor:/opt/ros/jazzy/opt/gz_plugin_vendor:/opt/ros/jazzy/opt/gz_fuel_tools_vendor:/opt/ros/jazzy/opt/gz_msgs_vendor:/opt/ros/jazzy/opt/gz_common_vendor:/opt/ros/jazzy/opt/gz_math_vendor:/opt/ros/jazzy/opt/gz_utils_vendor:/opt/ros/jazzy/opt/gz_tools_vendor:/opt/ros/jazzy/opt/gz_ogre_next_vendor:/opt/ros/jazzy/opt/gz_dartsim_vendor:/opt/ros/jazzy/opt/gz_cmake_vendor:/opt/ros/jazzy DEBUGINFOD_URLS=https://debuginfod.ubuntu.com LD_LIBRARY_PATH=/home/yuxuan/astra_robot_control/skill/ros_ws/install/robot_interfaces/lib:${LD_LIBRARY_PATH} PYTHONPATH=/home/yuxuan/astra_robot_control/skill/ros_ws/install/robot_interfaces/lib/python3.12/site-packages:${PYTHONPATH} /usr/bin/cmake --install /home/yuxuan/astra_robot_control/skill/ros_ws/build/robot_execution
[5.639s] -- Install configuration: ""
[5.639s] -- Execute custom install script
[5.639s] -- Symlinking: /home/yuxuan/astra_robot_control/skill/ros_ws/install/robot_execution/lib/robot_execution/execution_node
[5.646s] -- Symlinking: /home/yuxuan/astra_robot_control/skill/ros_ws/install/robot_execution/share/ament_index/resource_index/package_run_dependencies/robot_execution
[5.652s] -- Symlinking: /home/yuxuan/astra_robot_control/skill/ros_ws/install/robot_execution/share/ament_index/resource_index/parent_prefix_path/robot_execution
[5.658s] -- Symlinking: /home/yuxuan/astra_robot_control/skill/ros_ws/install/robot_execution/share/robot_execution/environment/ament_prefix_path.sh
[5.664s] -- Symlinking: /home/yuxuan/astra_robot_control/skill/ros_ws/install/robot_execution/share/robot_execution/environment/ament_prefix_path.dsv
[5.671s] -- Symlinking: /home/yuxuan/astra_robot_control/skill/ros_ws/install/robot_execution/share/robot_execution/environment/path.sh
[5.677s] -- Symlinking: /home/yuxuan/astra_robot_control/skill/ros_ws/install/robot_execution/share/robot_execution/environment/path.dsv
[5.682s] -- Symlinking: /home/yuxuan/astra_robot_control/skill/ros_ws/install/robot_execution/share/robot_execution/local_setup.bash
[5.688s] -- Symlinking: /home/yuxuan/astra_robot_control/skill/ros_ws/install/robot_execution/share/robot_execution/local_setup.sh
[5.693s] -- Symlinking: /home/yuxuan/astra_robot_control/skill/ros_ws/install/robot_execution/share/robot_execution/local_setup.zsh
[5.699s] -- Symlinking: /home/yuxuan/astra_robot_control/skill/ros_ws/install/robot_execution/share/robot_execution/local_setup.dsv
[5.706s] -- Symlinking: /home/yuxuan/astra_robot_control/skill/ros_ws/install/robot_execution/share/robot_execution/package.dsv
[5.711s] -- Symlinking: /home/yuxuan/astra_robot_control/skill/ros_ws/install/robot_execution/share/ament_index/resource_index/packages/robot_execution
[5.717s] -- Symlinking: /home/yuxuan/astra_robot_control/skill/ros_ws/install/robot_execution/share/robot_execution/cmake/robot_executionConfig.cmake
[5.723s] -- Symlinking: /home/yuxuan/astra_robot_control/skill/ros_ws/install/robot_execution/share/robot_execution/cmake/robot_executionConfig-version.cmake
[5.728s] -- Symlinking: /home/yuxuan/astra_robot_control/skill/ros_ws/install/robot_execution/share/robot_execution/package.xml
[5.737s] Invoked command in '/home/yuxuan/astra_robot_control/skill/ros_ws/build/robot_execution' returned '0': AMENT_PREFIX_PATH=/home/yuxuan/astra_robot_control/skill/ros_ws/install/robot_interfaces:${AMENT_PREFIX_PATH} CMAKE_PREFIX_PATH=/home/yuxuan/astra_robot_control/skill/ros_ws/install/robot_interfaces:/opt/ros/jazzy/opt/gz_sim_vendor:/opt/ros/jazzy/opt/gz_sensors_vendor:/opt/ros/jazzy/opt/gz_physics_vendor:/opt/ros/jazzy/opt/sdformat_vendor:/opt/ros/jazzy/opt/gz_gui_vendor:/opt/ros/jazzy/opt/gz_transport_vendor:/opt/ros/jazzy/opt/gz_rendering_vendor:/opt/ros/jazzy/opt/gz_plugin_vendor:/opt/ros/jazzy/opt/gz_fuel_tools_vendor:/opt/ros/jazzy/opt/gz_msgs_vendor:/opt/ros/jazzy/opt/gz_common_vendor:/opt/ros/jazzy/opt/gz_math_vendor:/opt/ros/jazzy/opt/gz_utils_vendor:/opt/ros/jazzy/opt/gz_tools_vendor:/opt/ros/jazzy/opt/gz_ogre_next_vendor:/opt/ros/jazzy/opt/gz_dartsim_vendor:/opt/ros/jazzy/opt/gz_cmake_vendor:/opt/ros/jazzy DEBUGINFOD_URLS=https://debuginfod.ubuntu.com LD_LIBRARY_PATH=/home/yuxuan/astra_robot_control/skill/ros_ws/install/robot_interfaces/lib:${LD_LIBRARY_PATH} PYTHONPATH=/home/yuxuan/astra_robot_control/skill/ros_ws/install/robot_interfaces/lib/python3.12/site-packages:${PYTHONPATH} /usr/bin/cmake --install /home/yuxuan/astra_robot_control/skill/ros_ws/build/robot_execution
