[0.107s] DEBUG:colcon:Command line arguments: ['/usr/bin/colcon', 'build', '--base-paths', 'src', '--packages-select', 'robot_interfaces', 'robot_execution', '--symlink-install']
[0.108s] DEBUG:colcon:Parsed command line arguments: Namespace(log_base=None, log_level=None, verb_name='build', build_base='build', install_base='install', merge_install=False, symlink_install=True, test_result_base=None, continue_on_error=False, executor='parallel', parallel_workers=20, event_handlers=None, ignore_user_meta=False, metas=['./colcon.meta'], base_paths=['src'], packages_ignore=None, packages_ignore_regex=None, paths=None, packages_up_to=None, packages_up_to_regex=None, packages_above=None, packages_above_and_dependencies=None, packages_above_depth=None, packages_select_by_dep=None, packages_skip_by_dep=None, packages_skip_up_to=None, packages_select_build_failed=False, packages_skip_build_finished=False, packages_select_test_failures=False, packages_skip_test_passed=False, packages_select=['robot_interfaces', 'robot_execution'], packages_skip=None, packages_select_regex=None, packages_skip_regex=None, packages_start=None, packages_end=None, allow_overriding=[], cmake_args=None, cmake_target=None, cmake_target_skip_unavailable=False, cmake_clean_cache=False, cmake_clean_first=False, cmake_force_configure=False, ament_cmake_args=None, catkin_cmake_args=None, catkin_skip_building_tests=False, mixin_files=None, mixin=None, verb_parser=<colcon_mixin.mixin.mixin_argument.MixinArgumentDecorator object at 0x7bb41c992750>, verb_extension=<colcon_core.verb.build.BuildVerb object at 0x7bb41cadb020>, main=<bound method BuildVerb.main of <colcon_core.verb.build.BuildVerb object at 0x7bb41cadb020>>, mixin_verb=('build',))
[0.142s] Level 1:colcon.colcon_core.package_discovery:discover_packages(colcon_meta) check parameters
[0.143s] Level 1:colcon.colcon_core.package_discovery:discover_packages(recursive) check parameters
[0.143s] Level 1:colcon.colcon_core.package_discovery:discover_packages(ignore) check parameters
[0.143s] Level 1:colcon.colcon_core.package_discovery:discover_packages(path) check parameters
[0.143s] Level 1:colcon.colcon_core.package_discovery:discover_packages(recursive) discover
[0.143s] INFO:colcon.colcon_core.package_discovery:Crawling recursively for packages in '/home/yuxuan/astra_robot_control/skill/ros_ws/src'
[0.143s] Level 1:colcon.colcon_core.package_identification:_identify(src) by extensions ['ignore', 'ignore_ament_install']
[0.143s] Level 1:colcon.colcon_core.package_identification:_identify(src) by extension 'ignore'
[0.143s] Level 1:colcon.colcon_core.package_identification:_identify(src) by extension 'ignore_ament_install'
[0.143s] Level 1:colcon.colcon_core.package_identification:_identify(src) by extensions ['colcon_pkg']
[0.143s] Level 1:colcon.colcon_core.package_identification:_identify(src) by extension 'colcon_pkg'
[0.143s] Level 1:colcon.colcon_core.package_identification:_identify(src) by extensions ['colcon_meta']
[0.143s] Level 1:colcon.colcon_core.package_identification:_identify(src) by extension 'colcon_meta'
[0.143s] Level 1:colcon.colcon_core.package_identification:_identify(src) by extensions ['ros']
[0.143s] Level 1:colcon.colcon_core.package_identification:_identify(src) by extension 'ros'
[0.165s] Level 1:colcon.colcon_core.package_identification:_identify(src) by extensions ['cmake', 'python']
[0.166s] Level 1:colcon.colcon_core.package_identification:_identify(src) by extension 'cmake'
[0.166s] Level 1:colcon.colcon_core.package_identification:_identify(src) by extension 'python'
[0.166s] Level 1:colcon.colcon_core.package_identification:_identify(src) by extensions ['python_setup_py']
[0.166s] Level 1:colcon.colcon_core.package_identification:_identify(src) by extension 'python_setup_py'
[0.166s] Level 1:colcon.colcon_core.package_identification:_identify(src/carm_a3t) by extensions ['ignore', 'ignore_ament_install']
[0.166s] Level 1:colcon.colcon_core.package_identification:_identify(src/carm_a3t) by extension 'ignore'
[0.166s] Level 1:colcon.colcon_core.package_identification:_identify(src/carm_a3t) by extension 'ignore_ament_install'
[0.167s] Level 1:colcon.colcon_core.package_identification:_identify(src/carm_a3t) by extensions ['colcon_pkg']
[0.167s] Level 1:colcon.colcon_core.package_identification:_identify(src/carm_a3t) by extension 'colcon_pkg'
[0.167s] Level 1:colcon.colcon_core.package_identification:_identify(src/carm_a3t) by extensions ['colcon_meta']
[0.167s] Level 1:colcon.colcon_core.package_identification:_identify(src/carm_a3t) by extension 'colcon_meta'
[0.167s] Level 1:colcon.colcon_core.package_identification:_identify(src/carm_a3t) by extensions ['ros']
[0.167s] Level 1:colcon.colcon_core.package_identification:_identify(src/carm_a3t) by extension 'ros'
[0.169s] DEBUG:colcon.colcon_core.package_identification:Package 'src/carm_a3t' with type 'ros.ament_cmake' and name 'carm_a3t'
[0.169s] Level 1:colcon.colcon_core.package_identification:_identify(src/insight_camera) by extensions ['ignore', 'ignore_ament_install']
[0.169s] Level 1:colcon.colcon_core.package_identification:_identify(src/insight_camera) by extension 'ignore'
[0.169s] Level 1:colcon.colcon_core.package_identification:_identify(src/insight_camera) by extension 'ignore_ament_install'
[0.169s] Level 1:colcon.colcon_core.package_identification:_identify(src/insight_camera) by extensions ['colcon_pkg']
[0.169s] Level 1:colcon.colcon_core.package_identification:_identify(src/insight_camera) by extension 'colcon_pkg'
[0.169s] Level 1:colcon.colcon_core.package_identification:_identify(src/insight_camera) by extensions ['colcon_meta']
[0.169s] Level 1:colcon.colcon_core.package_identification:_identify(src/insight_camera) by extension 'colcon_meta'
[0.169s] Level 1:colcon.colcon_core.package_identification:_identify(src/insight_camera) by extensions ['ros']
[0.169s] Level 1:colcon.colcon_core.package_identification:_identify(src/insight_camera) by extension 'ros'
[0.170s] DEBUG:colcon.colcon_core.package_identification:Package 'src/insight_camera' with type 'ros.ament_python' and name 'insight_camera'
[0.170s] Level 1:colcon.colcon_core.package_identification:_identify(src/robot_bringup) by extensions ['ignore', 'ignore_ament_install']
[0.170s] Level 1:colcon.colcon_core.package_identification:_identify(src/robot_bringup) by extension 'ignore'
[0.170s] Level 1:colcon.colcon_core.package_identification:_identify(src/robot_bringup) by extension 'ignore_ament_install'
[0.170s] Level 1:colcon.colcon_core.package_identification:_identify(src/robot_bringup) by extensions ['colcon_pkg']
[0.170s] Level 1:colcon.colcon_core.package_identification:_identify(src/robot_bringup) by extension 'colcon_pkg'
[0.170s] Level 1:colcon.colcon_core.package_identification:_identify(src/robot_bringup) by extensions ['colcon_meta']
[0.170s] Level 1:colcon.colcon_core.package_identification:_identify(src/robot_bringup) by extension 'colcon_meta'
[0.170s] Level 1:colcon.colcon_core.package_identification:_identify(src/robot_bringup) by extensions ['ros']
[0.170s] Level 1:colcon.colcon_core.package_identification:_identify(src/robot_bringup) by extension 'ros'
[0.170s] DEBUG:colcon.colcon_core.package_identification:Package 'src/robot_bringup' with type 'ros.ament_cmake' and name 'robot_bringup'
[0.170s] Level 1:colcon.colcon_core.package_identification:_identify(src/robot_execution) by extensions ['ignore', 'ignore_ament_install']
[0.170s] Level 1:colcon.colcon_core.package_identification:_identify(src/robot_execution) by extension 'ignore'
[0.170s] Level 1:colcon.colcon_core.package_identification:_identify(src/robot_execution) by extension 'ignore_ament_install'
[0.170s] Level 1:colcon.colcon_core.package_identification:_identify(src/robot_execution) by extensions ['colcon_pkg']
[0.170s] Level 1:colcon.colcon_core.package_identification:_identify(src/robot_execution) by extension 'colcon_pkg'
[0.170s] Level 1:colcon.colcon_core.package_identification:_identify(src/robot_execution) by extensions ['colcon_meta']
[0.170s] Level 1:colcon.colcon_core.package_identification:_identify(src/robot_execution) by extension 'colcon_meta'
[0.170s] Level 1:colcon.colcon_core.package_identification:_identify(src/robot_execution) by extensions ['ros']
[0.170s] Level 1:colcon.colcon_core.package_identification:_identify(src/robot_execution) by extension 'ros'
[0.171s] DEBUG:colcon.colcon_core.package_identification:Package 'src/robot_execution' with type 'ros.ament_cmake' and name 'robot_execution'
[0.171s] Level 1:colcon.colcon_core.package_identification:_identify(src/robot_interfaces) by extensions ['ignore', 'ignore_ament_install']
[0.171s] Level 1:colcon.colcon_core.package_identification:_identify(src/robot_interfaces) by extension 'ignore'
[0.171s] Level 1:colcon.colcon_core.package_identification:_identify(src/robot_interfaces) by extension 'ignore_ament_install'
[0.171s] Level 1:colcon.colcon_core.package_identification:_identify(src/robot_interfaces) by extensions ['colcon_pkg']
[0.171s] Level 1:colcon.colcon_core.package_identification:_identify(src/robot_interfaces) by extension 'colcon_pkg'
[0.171s] Level 1:colcon.colcon_core.package_identification:_identify(src/robot_interfaces) by extensions ['colcon_meta']
[0.171s] Level 1:colcon.colcon_core.package_identification:_identify(src/robot_interfaces) by extension 'colcon_meta'
[0.171s] Level 1:colcon.colcon_core.package_identification:_identify(src/robot_interfaces) by extensions ['ros']
[0.171s] Level 1:colcon.colcon_core.package_identification:_identify(src/robot_interfaces) by extension 'ros'
[0.171s] DEBUG:colcon.colcon_core.package_identification:Package 'src/robot_interfaces' with type 'ros.ament_cmake' and name 'robot_interfaces'
[0.171s] Level 1:colcon.colcon_core.package_discovery:discover_packages(recursive) using defaults
[0.187s] INFO:colcon.colcon_core.package_selection:Skipping not selected package 'carm_a3t' in 'src/carm_a3t'
[0.188s] INFO:colcon.colcon_core.package_selection:Skipping not selected package 'insight_camera' in 'src/insight_camera'
[0.188s] INFO:colcon.colcon_core.package_selection:Skipping not selected package 'robot_bringup' in 'src/robot_bringup'
[0.188s] Level 1:colcon.colcon_core.package_discovery:discover_packages(prefix_path) check parameters
[0.188s] Level 1:colcon.colcon_core.package_discovery:discover_packages(prefix_path) discover
[0.191s] DEBUG:colcon.colcon_installed_package_information.package_discovery:Found 491 installed packages in /opt/ros/jazzy
[0.192s] Level 1:colcon.colcon_core.package_discovery:discover_packages(prefix_path) using defaults
[0.232s] Level 5:colcon.colcon_core.verb:set package 'robot_interfaces' build argument 'cmake_args' from command line to 'None'
[0.233s] Level 5:colcon.colcon_core.verb:set package 'robot_interfaces' build argument 'cmake_target' from command line to 'None'
[0.233s] Level 5:colcon.colcon_core.verb:set package 'robot_interfaces' build argument 'cmake_target_skip_unavailable' from command line to 'False'
[0.233s] Level 5:colcon.colcon_core.verb:set package 'robot_interfaces' build argument 'cmake_clean_cache' from command line to 'False'
[0.233s] Level 5:colcon.colcon_core.verb:set package 'robot_interfaces' build argument 'cmake_clean_first' from command line to 'False'
[0.233s] Level 5:colcon.colcon_core.verb:set package 'robot_interfaces' build argument 'cmake_force_configure' from command line to 'False'
[0.233s] Level 5:colcon.colcon_core.verb:set package 'robot_interfaces' build argument 'ament_cmake_args' from command line to 'None'
[0.233s] Level 5:colcon.colcon_core.verb:set package 'robot_interfaces' build argument 'catkin_cmake_args' from command line to 'None'
[0.233s] Level 5:colcon.colcon_core.verb:set package 'robot_interfaces' build argument 'catkin_skip_building_tests' from command line to 'False'
[0.233s] DEBUG:colcon.colcon_core.verb:Building package 'robot_interfaces' with the following arguments: {'ament_cmake_args': None, 'build_base': '/home/yuxuan/astra_robot_control/skill/ros_ws/build/robot_interfaces', 'catkin_cmake_args': None, 'catkin_skip_building_tests': False, 'cmake_args': None, 'cmake_clean_cache': False, 'cmake_clean_first': False, 'cmake_force_configure': False, 'cmake_target': None, 'cmake_target_skip_unavailable': False, 'install_base': '/home/yuxuan/astra_robot_control/skill/ros_ws/install/robot_interfaces', 'merge_install': False, 'path': '/home/yuxuan/astra_robot_control/skill/ros_ws/src/robot_interfaces', 'symlink_install': True, 'test_result_base': None}
[0.234s] Level 5:colcon.colcon_core.verb:set package 'robot_execution' build argument 'cmake_args' from command line to 'None'
[0.234s] Level 5:colcon.colcon_core.verb:set package 'robot_execution' build argument 'cmake_target' from command line to 'None'
[0.234s] Level 5:colcon.colcon_core.verb:set package 'robot_execution' build argument 'cmake_target_skip_unavailable' from command line to 'False'
[0.234s] Level 5:colcon.colcon_core.verb:set package 'robot_execution' build argument 'cmake_clean_cache' from command line to 'False'
[0.234s] Level 5:colcon.colcon_core.verb:set package 'robot_execution' build argument 'cmake_clean_first' from command line to 'False'
[0.234s] Level 5:colcon.colcon_core.verb:set package 'robot_execution' build argument 'cmake_force_configure' from command line to 'False'
[0.234s] Level 5:colcon.colcon_core.verb:set package 'robot_execution' build argument 'ament_cmake_args' from command line to 'None'
[0.234s] Level 5:colcon.colcon_core.verb:set package 'robot_execution' build argument 'catkin_cmake_args' from command line to 'None'
[0.234s] Level 5:colcon.colcon_core.verb:set package 'robot_execution' build argument 'catkin_skip_building_tests' from command line to 'False'
[0.234s] DEBUG:colcon.colcon_core.verb:Building package 'robot_execution' with the following arguments: {'ament_cmake_args': None, 'build_base': '/home/yuxuan/astra_robot_control/skill/ros_ws/build/robot_execution', 'catkin_cmake_args': None, 'catkin_skip_building_tests': False, 'cmake_args': None, 'cmake_clean_cache': False, 'cmake_clean_first': False, 'cmake_force_configure': False, 'cmake_target': None, 'cmake_target_skip_unavailable': False, 'install_base': '/home/yuxuan/astra_robot_control/skill/ros_ws/install/robot_execution', 'merge_install': False, 'path': '/home/yuxuan/astra_robot_control/skill/ros_ws/src/robot_execution', 'symlink_install': True, 'test_result_base': None}
[0.234s] INFO:colcon.colcon_core.executor:Executing jobs using 'parallel' executor
[0.235s] DEBUG:colcon.colcon_parallel_executor.executor.parallel:run_until_complete
[0.235s] INFO:colcon.colcon_ros.task.ament_cmake.build:Building ROS package in '/home/yuxuan/astra_robot_control/skill/ros_ws/src/robot_interfaces' with build type 'ament_cmake'
[0.235s] INFO:colcon.colcon_cmake.task.cmake.build:Building CMake package in '/home/yuxuan/astra_robot_control/skill/ros_ws/src/robot_interfaces'
[0.239s] INFO:colcon.colcon_core.plugin_system:Skipping extension 'colcon_core.shell.bat': Not used on non-Windows systems
[0.239s] INFO:colcon.colcon_core.shell:Skip shell extension 'powershell' for command environment: Not usable outside of PowerShell
[0.239s] DEBUG:colcon.colcon_core.shell:Skip shell extension 'dsv' for command environment
[0.247s] DEBUG:colcon.colcon_core.event_handler.log_command:Invoking command in '/home/yuxuan/astra_robot_control/skill/ros_ws/build/robot_interfaces': CMAKE_PREFIX_PATH=${CMAKE_PREFIX_PATH}:/opt/ros/jazzy DEBUGINFOD_URLS=https://debuginfod.ubuntu.com /usr/bin/cmake --build /home/yuxuan/astra_robot_control/skill/ros_ws/build/robot_interfaces -- -j20 -l20
[5.094s] DEBUG:colcon.colcon_core.event_handler.log_command:Invoked command in '/home/yuxuan/astra_robot_control/skill/ros_ws/build/robot_interfaces' returned '0': CMAKE_PREFIX_PATH=${CMAKE_PREFIX_PATH}:/opt/ros/jazzy DEBUGINFOD_URLS=https://debuginfod.ubuntu.com /usr/bin/cmake --build /home/yuxuan/astra_robot_control/skill/ros_ws/build/robot_interfaces -- -j20 -l20
[5.104s] DEBUG:colcon.colcon_core.event_handler.log_command:Invoking command in '/home/yuxuan/astra_robot_control/skill/ros_ws/build/robot_interfaces': CMAKE_PREFIX_PATH=${CMAKE_PREFIX_PATH}:/opt/ros/jazzy DEBUGINFOD_URLS=https://debuginfod.ubuntu.com /usr/bin/cmake --install /home/yuxuan/astra_robot_control/skill/ros_ws/build/robot_interfaces
[5.178s] Level 1:colcon.colcon_core.environment:create_environment_scripts_only(robot_interfaces)
[5.178s] DEBUG:colcon.colcon_core.event_handler.log_command:Invoked command in '/home/yuxuan/astra_robot_control/skill/ros_ws/build/robot_interfaces' returned '0': CMAKE_PREFIX_PATH=${CMAKE_PREFIX_PATH}:/opt/ros/jazzy DEBUGINFOD_URLS=https://debuginfod.ubuntu.com /usr/bin/cmake --install /home/yuxuan/astra_robot_control/skill/ros_ws/build/robot_interfaces
[5.180s] Level 1:colcon.colcon_core.environment:checking '/home/yuxuan/astra_robot_control/skill/ros_ws/install/robot_interfaces' for CMake module files
[5.180s] Level 1:colcon.colcon_core.environment:checking '/home/yuxuan/astra_robot_control/skill/ros_ws/install/robot_interfaces' for CMake config files
[5.181s] Level 1:colcon.colcon_core.shell:create_environment_hook('robot_interfaces', 'cmake_prefix_path')
[5.181s] INFO:colcon.colcon_core.shell:Creating environment hook '/home/yuxuan/astra_robot_control/skill/ros_ws/install/robot_interfaces/share/robot_interfaces/hook/cmake_prefix_path.ps1'
[5.182s] INFO:colcon.colcon_core.shell:Creating environment descriptor '/home/yuxuan/astra_robot_control/skill/ros_ws/install/robot_interfaces/share/robot_interfaces/hook/cmake_prefix_path.dsv'
[5.182s] INFO:colcon.colcon_core.shell:Creating environment hook '/home/yuxuan/astra_robot_control/skill/ros_ws/install/robot_interfaces/share/robot_interfaces/hook/cmake_prefix_path.sh'
[5.194s] Level 1:colcon.colcon_core.environment:checking '/home/yuxuan/astra_robot_control/skill/ros_ws/install/robot_interfaces/lib'
[5.194s] Level 1:colcon.colcon_core.shell:create_environment_hook('robot_interfaces', 'ld_library_path_lib')
[5.194s] INFO:colcon.colcon_core.shell:Creating environment hook '/home/yuxuan/astra_robot_control/skill/ros_ws/install/robot_interfaces/share/robot_interfaces/hook/ld_library_path_lib.ps1'
[5.195s] INFO:colcon.colcon_core.shell:Creating environment descriptor '/home/yuxuan/astra_robot_control/skill/ros_ws/install/robot_interfaces/share/robot_interfaces/hook/ld_library_path_lib.dsv'
[5.195s] INFO:colcon.colcon_core.shell:Creating environment hook '/home/yuxuan/astra_robot_control/skill/ros_ws/install/robot_interfaces/share/robot_interfaces/hook/ld_library_path_lib.sh'
[5.195s] Level 1:colcon.colcon_core.environment:checking '/home/yuxuan/astra_robot_control/skill/ros_ws/install/robot_interfaces/bin'
[5.195s] Level 1:colcon.colcon_core.environment:checking '/home/yuxuan/astra_robot_control/skill/ros_ws/install/robot_interfaces/lib/pkgconfig/robot_interfaces.pc'
[5.195s] Level 1:colcon.colcon_core.environment:checking '/home/yuxuan/astra_robot_control/skill/ros_ws/install/robot_interfaces/lib/python3.12/site-packages'
[5.195s] Level 1:colcon.colcon_core.shell:create_environment_hook('robot_interfaces', 'pythonpath')
[5.196s] INFO:colcon.colcon_core.shell:Creating environment hook '/home/yuxuan/astra_robot_control/skill/ros_ws/install/robot_interfaces/share/robot_interfaces/hook/pythonpath.ps1'
[5.196s] INFO:colcon.colcon_core.shell:Creating environment descriptor '/home/yuxuan/astra_robot_control/skill/ros_ws/install/robot_interfaces/share/robot_interfaces/hook/pythonpath.dsv'
[5.196s] INFO:colcon.colcon_core.shell:Creating environment hook '/home/yuxuan/astra_robot_control/skill/ros_ws/install/robot_interfaces/share/robot_interfaces/hook/pythonpath.sh'
[5.196s] Level 1:colcon.colcon_core.environment:checking '/home/yuxuan/astra_robot_control/skill/ros_ws/install/robot_interfaces/bin'
[5.197s] INFO:colcon.colcon_core.shell:Creating package script '/home/yuxuan/astra_robot_control/skill/ros_ws/install/robot_interfaces/share/robot_interfaces/package.ps1'
[5.197s] INFO:colcon.colcon_core.shell:Creating package descriptor '/home/yuxuan/astra_robot_control/skill/ros_ws/install/robot_interfaces/share/robot_interfaces/package.dsv'
[5.198s] INFO:colcon.colcon_core.shell:Creating package script '/home/yuxuan/astra_robot_control/skill/ros_ws/install/robot_interfaces/share/robot_interfaces/package.sh'
[5.198s] INFO:colcon.colcon_core.shell:Creating package script '/home/yuxuan/astra_robot_control/skill/ros_ws/install/robot_interfaces/share/robot_interfaces/package.bash'
[5.198s] INFO:colcon.colcon_core.shell:Creating package script '/home/yuxuan/astra_robot_control/skill/ros_ws/install/robot_interfaces/share/robot_interfaces/package.zsh'
[5.199s] Level 1:colcon.colcon_core.environment:create_file_with_runtime_dependencies(/home/yuxuan/astra_robot_control/skill/ros_ws/install/robot_interfaces/share/colcon-core/packages/robot_interfaces)
[5.199s] Level 1:colcon.colcon_core.environment:create_environment_scripts_only(robot_interfaces)
[5.199s] Level 1:colcon.colcon_core.environment:checking '/home/yuxuan/astra_robot_control/skill/ros_ws/install/robot_interfaces' for CMake module files
[5.200s] Level 1:colcon.colcon_core.environment:checking '/home/yuxuan/astra_robot_control/skill/ros_ws/install/robot_interfaces' for CMake config files
[5.200s] Level 1:colcon.colcon_core.shell:create_environment_hook('robot_interfaces', 'cmake_prefix_path')
[5.200s] INFO:colcon.colcon_core.shell:Creating environment hook '/home/yuxuan/astra_robot_control/skill/ros_ws/install/robot_interfaces/share/robot_interfaces/hook/cmake_prefix_path.ps1'
[5.200s] INFO:colcon.colcon_core.shell:Creating environment descriptor '/home/yuxuan/astra_robot_control/skill/ros_ws/install/robot_interfaces/share/robot_interfaces/hook/cmake_prefix_path.dsv'
[5.201s] INFO:colcon.colcon_core.shell:Creating environment hook '/home/yuxuan/astra_robot_control/skill/ros_ws/install/robot_interfaces/share/robot_interfaces/hook/cmake_prefix_path.sh'
[5.201s] Level 1:colcon.colcon_core.environment:checking '/home/yuxuan/astra_robot_control/skill/ros_ws/install/robot_interfaces/lib'
[5.201s] Level 1:colcon.colcon_core.shell:create_environment_hook('robot_interfaces', 'ld_library_path_lib')
[5.201s] INFO:colcon.colcon_core.shell:Creating environment hook '/home/yuxuan/astra_robot_control/skill/ros_ws/install/robot_interfaces/share/robot_interfaces/hook/ld_library_path_lib.ps1'
[5.201s] INFO:colcon.colcon_core.shell:Creating environment descriptor '/home/yuxuan/astra_robot_control/skill/ros_ws/install/robot_interfaces/share/robot_interfaces/hook/ld_library_path_lib.dsv'
[5.201s] INFO:colcon.colcon_core.shell:Creating environment hook '/home/yuxuan/astra_robot_control/skill/ros_ws/install/robot_interfaces/share/robot_interfaces/hook/ld_library_path_lib.sh'
[5.202s] Level 1:colcon.colcon_core.environment:checking '/home/yuxuan/astra_robot_control/skill/ros_ws/install/robot_interfaces/bin'
[5.202s] Level 1:colcon.colcon_core.environment:checking '/home/yuxuan/astra_robot_control/skill/ros_ws/install/robot_interfaces/lib/pkgconfig/robot_interfaces.pc'
[5.202s] Level 1:colcon.colcon_core.environment:checking '/home/yuxuan/astra_robot_control/skill/ros_ws/install/robot_interfaces/lib/python3.12/site-packages'
[5.202s] Level 1:colcon.colcon_core.shell:create_environment_hook('robot_interfaces', 'pythonpath')
[5.202s] INFO:colcon.colcon_core.shell:Creating environment hook '/home/yuxuan/astra_robot_control/skill/ros_ws/install/robot_interfaces/share/robot_interfaces/hook/pythonpath.ps1'
[5.202s] INFO:colcon.colcon_core.shell:Creating environment descriptor '/home/yuxuan/astra_robot_control/skill/ros_ws/install/robot_interfaces/share/robot_interfaces/hook/pythonpath.dsv'
[5.203s] INFO:colcon.colcon_core.shell:Creating environment hook '/home/yuxuan/astra_robot_control/skill/ros_ws/install/robot_interfaces/share/robot_interfaces/hook/pythonpath.sh'
[5.203s] Level 1:colcon.colcon_core.environment:checking '/home/yuxuan/astra_robot_control/skill/ros_ws/install/robot_interfaces/bin'
[5.203s] INFO:colcon.colcon_core.shell:Creating package script '/home/yuxuan/astra_robot_control/skill/ros_ws/install/robot_interfaces/share/robot_interfaces/package.ps1'
[5.204s] INFO:colcon.colcon_core.shell:Creating package descriptor '/home/yuxuan/astra_robot_control/skill/ros_ws/install/robot_interfaces/share/robot_interfaces/package.dsv'
[5.204s] INFO:colcon.colcon_core.shell:Creating package script '/home/yuxuan/astra_robot_control/skill/ros_ws/install/robot_interfaces/share/robot_interfaces/package.sh'
[5.204s] INFO:colcon.colcon_core.shell:Creating package script '/home/yuxuan/astra_robot_control/skill/ros_ws/install/robot_interfaces/share/robot_interfaces/package.bash'
[5.204s] INFO:colcon.colcon_core.shell:Creating package script '/home/yuxuan/astra_robot_control/skill/ros_ws/install/robot_interfaces/share/robot_interfaces/package.zsh'
[5.205s] Level 1:colcon.colcon_core.environment:create_file_with_runtime_dependencies(/home/yuxuan/astra_robot_control/skill/ros_ws/install/robot_interfaces/share/colcon-core/packages/robot_interfaces)
[5.205s] INFO:colcon.colcon_ros.task.ament_cmake.build:Building ROS package in '/home/yuxuan/astra_robot_control/skill/ros_ws/src/robot_execution' with build type 'ament_cmake'
[5.205s] INFO:colcon.colcon_cmake.task.cmake.build:Building CMake package in '/home/yuxuan/astra_robot_control/skill/ros_ws/src/robot_execution'
[5.205s] INFO:colcon.colcon_core.shell:Skip shell extension 'powershell' for command environment: Not usable outside of PowerShell
[5.205s] DEBUG:colcon.colcon_core.shell:Skip shell extension 'dsv' for command environment
[5.214s] DEBUG:colcon.colcon_core.event_handler.log_command:Invoking command in '/home/yuxuan/astra_robot_control/skill/ros_ws/build/robot_execution': AMENT_PREFIX_PATH=/home/yuxuan/astra_robot_control/skill/ros_ws/install/robot_interfaces:${AMENT_PREFIX_PATH} CMAKE_PREFIX_PATH=/home/yuxuan/astra_robot_control/skill/ros_ws/install/robot_interfaces:/opt/ros/jazzy/opt/gz_sim_vendor:/opt/ros/jazzy/opt/gz_sensors_vendor:/opt/ros/jazzy/opt/gz_physics_vendor:/opt/ros/jazzy/opt/sdformat_vendor:/opt/ros/jazzy/opt/gz_gui_vendor:/opt/ros/jazzy/opt/gz_transport_vendor:/opt/ros/jazzy/opt/gz_rendering_vendor:/opt/ros/jazzy/opt/gz_plugin_vendor:/opt/ros/jazzy/opt/gz_fuel_tools_vendor:/opt/ros/jazzy/opt/gz_msgs_vendor:/opt/ros/jazzy/opt/gz_common_vendor:/opt/ros/jazzy/opt/gz_math_vendor:/opt/ros/jazzy/opt/gz_utils_vendor:/opt/ros/jazzy/opt/gz_tools_vendor:/opt/ros/jazzy/opt/gz_ogre_next_vendor:/opt/ros/jazzy/opt/gz_dartsim_vendor:/opt/ros/jazzy/opt/gz_cmake_vendor:/opt/ros/jazzy DEBUGINFOD_URLS=https://debuginfod.ubuntu.com LD_LIBRARY_PATH=/home/yuxuan/astra_robot_control/skill/ros_ws/install/robot_interfaces/lib:${LD_LIBRARY_PATH} PYTHONPATH=/home/yuxuan/astra_robot_control/skill/ros_ws/install/robot_interfaces/lib/python3.12/site-packages:${PYTHONPATH} /usr/bin/cmake --build /home/yuxuan/astra_robot_control/skill/ros_ws/build/robot_execution -- -j20 -l20
[9.775s] DEBUG:colcon.colcon_core.event_handler.log_command:Invoked command in '/home/yuxuan/astra_robot_control/skill/ros_ws/build/robot_execution' returned '0': AMENT_PREFIX_PATH=/home/yuxuan/astra_robot_control/skill/ros_ws/install/robot_interfaces:${AMENT_PREFIX_PATH} CMAKE_PREFIX_PATH=/home/yuxuan/astra_robot_control/skill/ros_ws/install/robot_interfaces:/opt/ros/jazzy/opt/gz_sim_vendor:/opt/ros/jazzy/opt/gz_sensors_vendor:/opt/ros/jazzy/opt/gz_physics_vendor:/opt/ros/jazzy/opt/sdformat_vendor:/opt/ros/jazzy/opt/gz_gui_vendor:/opt/ros/jazzy/opt/gz_transport_vendor:/opt/ros/jazzy/opt/gz_rendering_vendor:/opt/ros/jazzy/opt/gz_plugin_vendor:/opt/ros/jazzy/opt/gz_fuel_tools_vendor:/opt/ros/jazzy/opt/gz_msgs_vendor:/opt/ros/jazzy/opt/gz_common_vendor:/opt/ros/jazzy/opt/gz_math_vendor:/opt/ros/jazzy/opt/gz_utils_vendor:/opt/ros/jazzy/opt/gz_tools_vendor:/opt/ros/jazzy/opt/gz_ogre_next_vendor:/opt/ros/jazzy/opt/gz_dartsim_vendor:/opt/ros/jazzy/opt/gz_cmake_vendor:/opt/ros/jazzy DEBUGINFOD_URLS=https://debuginfod.ubuntu.com LD_LIBRARY_PATH=/home/yuxuan/astra_robot_control/skill/ros_ws/install/robot_interfaces/lib:${LD_LIBRARY_PATH} PYTHONPATH=/home/yuxuan/astra_robot_control/skill/ros_ws/install/robot_interfaces/lib/python3.12/site-packages:${PYTHONPATH} /usr/bin/cmake --build /home/yuxuan/astra_robot_control/skill/ros_ws/build/robot_execution -- -j20 -l20
[9.776s] DEBUG:colcon.colcon_core.event_handler.log_command:Invoking command in '/home/yuxuan/astra_robot_control/skill/ros_ws/build/robot_execution': AMENT_PREFIX_PATH=/home/yuxuan/astra_robot_control/skill/ros_ws/install/robot_interfaces:${AMENT_PREFIX_PATH} CMAKE_PREFIX_PATH=/home/yuxuan/astra_robot_control/skill/ros_ws/install/robot_interfaces:/opt/ros/jazzy/opt/gz_sim_vendor:/opt/ros/jazzy/opt/gz_sensors_vendor:/opt/ros/jazzy/opt/gz_physics_vendor:/opt/ros/jazzy/opt/sdformat_vendor:/opt/ros/jazzy/opt/gz_gui_vendor:/opt/ros/jazzy/opt/gz_transport_vendor:/opt/ros/jazzy/opt/gz_rendering_vendor:/opt/ros/jazzy/opt/gz_plugin_vendor:/opt/ros/jazzy/opt/gz_fuel_tools_vendor:/opt/ros/jazzy/opt/gz_msgs_vendor:/opt/ros/jazzy/opt/gz_common_vendor:/opt/ros/jazzy/opt/gz_math_vendor:/opt/ros/jazzy/opt/gz_utils_vendor:/opt/ros/jazzy/opt/gz_tools_vendor:/opt/ros/jazzy/opt/gz_ogre_next_vendor:/opt/ros/jazzy/opt/gz_dartsim_vendor:/opt/ros/jazzy/opt/gz_cmake_vendor:/opt/ros/jazzy DEBUGINFOD_URLS=https://debuginfod.ubuntu.com LD_LIBRARY_PATH=/home/yuxuan/astra_robot_control/skill/ros_ws/install/robot_interfaces/lib:${LD_LIBRARY_PATH} PYTHONPATH=/home/yuxuan/astra_robot_control/skill/ros_ws/install/robot_interfaces/lib/python3.12/site-packages:${PYTHONPATH} /usr/bin/cmake --install /home/yuxuan/astra_robot_control/skill/ros_ws/build/robot_execution
[9.792s] Level 1:colcon.colcon_core.environment:create_environment_scripts_only(robot_execution)
[9.792s] Level 1:colcon.colcon_core.environment:checking '/home/yuxuan/astra_robot_control/skill/ros_ws/install/robot_execution' for CMake module files
[9.792s] DEBUG:colcon.colcon_core.event_handler.log_command:Invoked command in '/home/yuxuan/astra_robot_control/skill/ros_ws/build/robot_execution' returned '0': AMENT_PREFIX_PATH=/home/yuxuan/astra_robot_control/skill/ros_ws/install/robot_interfaces:${AMENT_PREFIX_PATH} CMAKE_PREFIX_PATH=/home/yuxuan/astra_robot_control/skill/ros_ws/install/robot_interfaces:/opt/ros/jazzy/opt/gz_sim_vendor:/opt/ros/jazzy/opt/gz_sensors_vendor:/opt/ros/jazzy/opt/gz_physics_vendor:/opt/ros/jazzy/opt/sdformat_vendor:/opt/ros/jazzy/opt/gz_gui_vendor:/opt/ros/jazzy/opt/gz_transport_vendor:/opt/ros/jazzy/opt/gz_rendering_vendor:/opt/ros/jazzy/opt/gz_plugin_vendor:/opt/ros/jazzy/opt/gz_fuel_tools_vendor:/opt/ros/jazzy/opt/gz_msgs_vendor:/opt/ros/jazzy/opt/gz_common_vendor:/opt/ros/jazzy/opt/gz_math_vendor:/opt/ros/jazzy/opt/gz_utils_vendor:/opt/ros/jazzy/opt/gz_tools_vendor:/opt/ros/jazzy/opt/gz_ogre_next_vendor:/opt/ros/jazzy/opt/gz_dartsim_vendor:/opt/ros/jazzy/opt/gz_cmake_vendor:/opt/ros/jazzy DEBUGINFOD_URLS=https://debuginfod.ubuntu.com LD_LIBRARY_PATH=/home/yuxuan/astra_robot_control/skill/ros_ws/install/robot_interfaces/lib:${LD_LIBRARY_PATH} PYTHONPATH=/home/yuxuan/astra_robot_control/skill/ros_ws/install/robot_interfaces/lib/python3.12/site-packages:${PYTHONPATH} /usr/bin/cmake --install /home/yuxuan/astra_robot_control/skill/ros_ws/build/robot_execution
[9.793s] Level 1:colcon.colcon_core.environment:checking '/home/yuxuan/astra_robot_control/skill/ros_ws/install/robot_execution' for CMake config files
[9.793s] Level 1:colcon.colcon_core.shell:create_environment_hook('robot_execution', 'cmake_prefix_path')
[9.793s] INFO:colcon.colcon_core.shell:Creating environment hook '/home/yuxuan/astra_robot_control/skill/ros_ws/install/robot_execution/share/robot_execution/hook/cmake_prefix_path.ps1'
[9.793s] INFO:colcon.colcon_core.shell:Creating environment descriptor '/home/yuxuan/astra_robot_control/skill/ros_ws/install/robot_execution/share/robot_execution/hook/cmake_prefix_path.dsv'
[9.794s] INFO:colcon.colcon_core.shell:Creating environment hook '/home/yuxuan/astra_robot_control/skill/ros_ws/install/robot_execution/share/robot_execution/hook/cmake_prefix_path.sh'
[9.794s] Level 1:colcon.colcon_core.environment:checking '/home/yuxuan/astra_robot_control/skill/ros_ws/install/robot_execution/lib'
[9.794s] Level 1:colcon.colcon_core.environment:checking '/home/yuxuan/astra_robot_control/skill/ros_ws/install/robot_execution/bin'
[9.794s] Level 1:colcon.colcon_core.environment:checking '/home/yuxuan/astra_robot_control/skill/ros_ws/install/robot_execution/lib/pkgconfig/robot_execution.pc'
[9.794s] Level 1:colcon.colcon_core.environment:checking '/home/yuxuan/astra_robot_control/skill/ros_ws/install/robot_execution/lib/python3.12/site-packages'
[9.794s] Level 1:colcon.colcon_core.environment:checking '/home/yuxuan/astra_robot_control/skill/ros_ws/install/robot_execution/bin'
[9.794s] INFO:colcon.colcon_core.shell:Creating package script '/home/yuxuan/astra_robot_control/skill/ros_ws/install/robot_execution/share/robot_execution/package.ps1'
[9.795s] INFO:colcon.colcon_core.shell:Creating package descriptor '/home/yuxuan/astra_robot_control/skill/ros_ws/install/robot_execution/share/robot_execution/package.dsv'
[9.795s] INFO:colcon.colcon_core.shell:Creating package script '/home/yuxuan/astra_robot_control/skill/ros_ws/install/robot_execution/share/robot_execution/package.sh'
[9.795s] INFO:colcon.colcon_core.shell:Creating package script '/home/yuxuan/astra_robot_control/skill/ros_ws/install/robot_execution/share/robot_execution/package.bash'
[9.795s] INFO:colcon.colcon_core.shell:Creating package script '/home/yuxuan/astra_robot_control/skill/ros_ws/install/robot_execution/share/robot_execution/package.zsh'
[9.796s] Level 1:colcon.colcon_core.environment:create_file_with_runtime_dependencies(/home/yuxuan/astra_robot_control/skill/ros_ws/install/robot_execution/share/colcon-core/packages/robot_execution)
[9.796s] Level 1:colcon.colcon_core.environment:create_environment_scripts_only(robot_execution)
[9.796s] Level 1:colcon.colcon_core.environment:checking '/home/yuxuan/astra_robot_control/skill/ros_ws/install/robot_execution' for CMake module files
[9.796s] Level 1:colcon.colcon_core.environment:checking '/home/yuxuan/astra_robot_control/skill/ros_ws/install/robot_execution' for CMake config files
[9.796s] Level 1:colcon.colcon_core.shell:create_environment_hook('robot_execution', 'cmake_prefix_path')
[9.797s] INFO:colcon.colcon_core.shell:Creating environment hook '/home/yuxuan/astra_robot_control/skill/ros_ws/install/robot_execution/share/robot_execution/hook/cmake_prefix_path.ps1'
[9.797s] INFO:colcon.colcon_core.shell:Creating environment descriptor '/home/yuxuan/astra_robot_control/skill/ros_ws/install/robot_execution/share/robot_execution/hook/cmake_prefix_path.dsv'
[9.797s] INFO:colcon.colcon_core.shell:Creating environment hook '/home/yuxuan/astra_robot_control/skill/ros_ws/install/robot_execution/share/robot_execution/hook/cmake_prefix_path.sh'
[9.797s] Level 1:colcon.colcon_core.environment:checking '/home/yuxuan/astra_robot_control/skill/ros_ws/install/robot_execution/lib'
[9.797s] Level 1:colcon.colcon_core.environment:checking '/home/yuxuan/astra_robot_control/skill/ros_ws/install/robot_execution/bin'
[9.797s] Level 1:colcon.colcon_core.environment:checking '/home/yuxuan/astra_robot_control/skill/ros_ws/install/robot_execution/lib/pkgconfig/robot_execution.pc'
[9.798s] Level 1:colcon.colcon_core.environment:checking '/home/yuxuan/astra_robot_control/skill/ros_ws/install/robot_execution/lib/python3.12/site-packages'
[9.798s] Level 1:colcon.colcon_core.environment:checking '/home/yuxuan/astra_robot_control/skill/ros_ws/install/robot_execution/bin'
[9.798s] INFO:colcon.colcon_core.shell:Creating package script '/home/yuxuan/astra_robot_control/skill/ros_ws/install/robot_execution/share/robot_execution/package.ps1'
[9.798s] INFO:colcon.colcon_core.shell:Creating package descriptor '/home/yuxuan/astra_robot_control/skill/ros_ws/install/robot_execution/share/robot_execution/package.dsv'
[9.798s] INFO:colcon.colcon_core.shell:Creating package script '/home/yuxuan/astra_robot_control/skill/ros_ws/install/robot_execution/share/robot_execution/package.sh'
[9.799s] INFO:colcon.colcon_core.shell:Creating package script '/home/yuxuan/astra_robot_control/skill/ros_ws/install/robot_execution/share/robot_execution/package.bash'
[9.799s] INFO:colcon.colcon_core.shell:Creating package script '/home/yuxuan/astra_robot_control/skill/ros_ws/install/robot_execution/share/robot_execution/package.zsh'
[9.799s] Level 1:colcon.colcon_core.environment:create_file_with_runtime_dependencies(/home/yuxuan/astra_robot_control/skill/ros_ws/install/robot_execution/share/colcon-core/packages/robot_execution)
[9.799s] DEBUG:colcon.colcon_parallel_executor.executor.parallel:closing loop
[9.800s] DEBUG:colcon.colcon_parallel_executor.executor.parallel:loop closed
[9.800s] DEBUG:colcon.colcon_parallel_executor.executor.parallel:run_until_complete finished with '0'
[9.800s] DEBUG:colcon.colcon_core.event_reactor:joining thread
[9.805s] INFO:colcon.colcon_core.plugin_system:Skipping extension 'colcon_notification.desktop_notification.terminal_notifier': Not used on non-Darwin systems
[9.806s] INFO:colcon.colcon_core.plugin_system:Skipping extension 'colcon_notification.desktop_notification.win32': Not used on non-Windows systems
[9.806s] INFO:colcon.colcon_notification.desktop_notification:Sending desktop notification using 'notify2'
[9.829s] DEBUG:colcon.colcon_core.event_reactor:joined thread
[9.830s] INFO:colcon.colcon_core.shell:Creating prefix script '/home/yuxuan/astra_robot_control/skill/ros_ws/install/local_setup.ps1'
[9.830s] INFO:colcon.colcon_core.shell:Creating prefix util module '/home/yuxuan/astra_robot_control/skill/ros_ws/install/_local_setup_util_ps1.py'
[9.831s] INFO:colcon.colcon_core.shell:Creating prefix chain script '/home/yuxuan/astra_robot_control/skill/ros_ws/install/setup.ps1'
[9.832s] INFO:colcon.colcon_core.shell:Creating prefix script '/home/yuxuan/astra_robot_control/skill/ros_ws/install/local_setup.sh'
[9.832s] INFO:colcon.colcon_core.shell:Creating prefix util module '/home/yuxuan/astra_robot_control/skill/ros_ws/install/_local_setup_util_sh.py'
[9.832s] INFO:colcon.colcon_core.shell:Creating prefix chain script '/home/yuxuan/astra_robot_control/skill/ros_ws/install/setup.sh'
[9.833s] INFO:colcon.colcon_core.shell:Creating prefix script '/home/yuxuan/astra_robot_control/skill/ros_ws/install/local_setup.bash'
[9.833s] INFO:colcon.colcon_core.shell:Creating prefix chain script '/home/yuxuan/astra_robot_control/skill/ros_ws/install/setup.bash'
[9.834s] INFO:colcon.colcon_core.shell:Creating prefix script '/home/yuxuan/astra_robot_control/skill/ros_ws/install/local_setup.zsh'
[9.834s] INFO:colcon.colcon_core.shell:Creating prefix chain script '/home/yuxuan/astra_robot_control/skill/ros_ws/install/setup.zsh'
