-- The C compiler identification is GNU 13.3.0
-- The CXX compiler identification is GNU 13.3.0
-- Detecting C compiler ABI info
-- Detecting C compiler ABI info - done
-- Check for working C compiler: /usr/bin/cc - skipped
-- Detecting C compile features
-- Detecting C compile features - done
-- Detecting CXX compiler ABI info
-- Detecting CXX compiler ABI info - done
-- Check for working CXX compiler: /usr/bin/c++ - skipped
-- Detecting CXX compile features
-- Detecting CXX compile features - done
-- Found ament_cmake: 2.5.6 (/opt/ros/jazzy/share/ament_cmake/cmake)
-- Found Python3: /usr/bin/python3 (found version "3.12.3") found components: Interpreter 
-- Override CMake install command with custom implementation using symlinks instead of copying resources
-- Found rosidl_default_generators: 1.6.1 (/opt/ros/jazzy/share/rosidl_default_generators/cmake)
-- Using all available rosidl_typesupport_c: rosidl_typesupport_fastrtps_c;rosidl_typesupport_introspection_c
-- Using all available rosidl_typesupport_cpp: rosidl_typesupport_fastrtps_cpp;rosidl_typesupport_introspection_cpp
-- Found rosidl_adapter: 4.6.9 (/opt/ros/jazzy/share/rosidl_adapter/cmake)
-- Found std_msgs: 5.3.8 (/opt/ros/jazzy/share/std_msgs/cmake)
-- Found geometry_msgs: 5.3.8 (/opt/ros/jazzy/share/geometry_msgs/cmake)
-- Found ament_cmake_ros: 0.12.1 (/opt/ros/jazzy/share/ament_cmake_ros/cmake)
-- Using all available rosidl_typesupport_c: rosidl_typesupport_fastrtps_c;rosidl_typesupport_introspection_c
-- Using all available rosidl_typesupport_cpp: rosidl_typesupport_fastrtps_cpp;rosidl_typesupport_introspection_cpp
-- Found python_cmake_module: 0.11.1 (/opt/ros/jazzy/share/python_cmake_module/cmake)
-- Found PythonExtra: /usr/bin/python3  
-- Found Python3: /usr/bin/python3 (found version "3.12.3") found components: Interpreter Development NumPy Development.Module Development.Embed 
-- Found Python3: /usr/bin/python3 (found version "3.12.3") found components: Interpreter 
-- Configuring done (2.6s)
-- Generating done (0.0s)
-- Build files have been written to: /home/yuxuan/astra_robot_control/skill/ros_ws/build/robot_interfaces
[  4%] Generating Rust code for ROS interfaces
[  4%] Generating type hashes for ROS interfaces
[  4%] Built target ament_cmake_python_symlink_robot_interfaces
running egg_info
creating robot_interfaces.egg-info
writing robot_interfaces.egg-info/PKG-INFO
writing dependency_links to robot_interfaces.egg-info/dependency_links.txt
writing top-level names to robot_interfaces.egg-info/top_level.txt
writing manifest file 'robot_interfaces.egg-info/SOURCES.txt'
[  4%] Built target robot_interfaces__rosidl_generator_type_description
[  6%] Generating C code for ROS interfaces
[  8%] Generating C++ code for ROS interfaces
[  8%] Built target robot_interfaces__rs
reading manifest file 'robot_interfaces.egg-info/SOURCES.txt'
writing manifest file 'robot_interfaces.egg-info/SOURCES.txt'
[  8%] Built target ament_cmake_python_build_robot_interfaces_egg
[  8%] Built target robot_interfaces__cpp
[ 20%] Building C object CMakeFiles/robot_interfaces__rosidl_generator_c.dir/rosidl_generator_c/robot_interfaces/msg/detail/robot_state__functions.c.o
[ 20%] Building C object CMakeFiles/robot_interfaces__rosidl_generator_c.dir/rosidl_generator_c/robot_interfaces/msg/detail/robot_state__description.c.o
[ 20%] Building C object CMakeFiles/robot_interfaces__rosidl_generator_c.dir/rosidl_generator_c/robot_interfaces/msg/detail/robot_state__type_support.c.o
[ 20%] Building C object CMakeFiles/robot_interfaces__rosidl_generator_c.dir/rosidl_generator_c/robot_interfaces/action/detail/execute_step__functions.c.o
[ 20%] Building C object CMakeFiles/robot_interfaces__rosidl_generator_c.dir/rosidl_generator_c/robot_interfaces/action/detail/execute_step__description.c.o
[ 22%] Building C object CMakeFiles/robot_interfaces__rosidl_generator_c.dir/rosidl_generator_c/robot_interfaces/action/detail/execute_step__type_support.c.o
[ 24%] Linking C shared library librobot_interfaces__rosidl_generator_c.so
[ 24%] Built target robot_interfaces__rosidl_generator_c
[ 31%] Generating C type support dispatch for ROS interfaces
[ 31%] Generating C type support for eProsima Fast-RTPS
[ 37%] Generating C++ type support for eProsima Fast-RTPS
[ 37%] Generating C introspection for ROS interfaces
[ 37%] Generating C++ introspection for ROS interfaces
[ 37%] Generating C++ type support dispatch for ROS interfaces
[ 46%] Building CXX object CMakeFiles/robot_interfaces__rosidl_typesupport_c.dir/rosidl_typesupport_c/robot_interfaces/action/execute_step__type_support.cpp.o
[ 46%] Building CXX object CMakeFiles/robot_interfaces__rosidl_typesupport_c.dir/rosidl_typesupport_c/robot_interfaces/msg/robot_state__type_support.cpp.o
[ 46%] Building CXX object CMakeFiles/robot_interfaces__rosidl_typesupport_cpp.dir/rosidl_typesupport_cpp/robot_interfaces/msg/robot_state__type_support.cpp.o
[ 46%] Building CXX object CMakeFiles/robot_interfaces__rosidl_typesupport_cpp.dir/rosidl_typesupport_cpp/robot_interfaces/action/execute_step__type_support.cpp.o
[ 51%] Building CXX object CMakeFiles/robot_interfaces__rosidl_typesupport_introspection_cpp.dir/rosidl_typesupport_introspection_cpp/robot_interfaces/msg/detail/robot_state__type_support.cpp.o
[ 51%] Building CXX object CMakeFiles/robot_interfaces__rosidl_typesupport_introspection_cpp.dir/rosidl_typesupport_introspection_cpp/robot_interfaces/action/detail/execute_step__type_support.cpp.o
[ 55%] Building C object CMakeFiles/robot_interfaces__rosidl_typesupport_introspection_c.dir/rosidl_typesupport_introspection_c/robot_interfaces/action/detail/execute_step__type_support.c.o
[ 55%] Building C object CMakeFiles/robot_interfaces__rosidl_typesupport_introspection_c.dir/rosidl_typesupport_introspection_c/robot_interfaces/msg/detail/robot_state__type_support.c.o
[ 57%] Linking CXX shared library librobot_interfaces__rosidl_typesupport_c.so
[ 57%] Built target robot_interfaces__rosidl_typesupport_c
[ 60%] Linking C shared library librobot_interfaces__rosidl_typesupport_introspection_c.so
[ 62%] Building CXX object CMakeFiles/robot_interfaces__rosidl_typesupport_fastrtps_cpp.dir/rosidl_typesupport_fastrtps_cpp/robot_interfaces/msg/detail/dds_fastrtps/robot_state__type_support.cpp.o
[ 64%] Building CXX object CMakeFiles/robot_interfaces__rosidl_typesupport_fastrtps_cpp.dir/rosidl_typesupport_fastrtps_cpp/robot_interfaces/action/detail/dds_fastrtps/execute_step__type_support.cpp.o
[ 68%] Building CXX object CMakeFiles/robot_interfaces__rosidl_typesupport_fastrtps_c.dir/rosidl_typesupport_fastrtps_c/robot_interfaces/msg/detail/robot_state__type_support_c.cpp.o
[ 68%] Building CXX object CMakeFiles/robot_interfaces__rosidl_typesupport_fastrtps_c.dir/rosidl_typesupport_fastrtps_c/robot_interfaces/action/detail/execute_step__type_support_c.cpp.o
[ 68%] Built target robot_interfaces__rosidl_typesupport_introspection_c
[ 71%] Linking CXX shared library librobot_interfaces__rosidl_typesupport_cpp.so
[ 73%] Linking CXX shared library librobot_interfaces__rosidl_typesupport_fastrtps_c.so
[ 73%] Built target robot_interfaces__rosidl_typesupport_cpp
[ 75%] Linking CXX shared library librobot_interfaces__rosidl_typesupport_introspection_cpp.so
[ 75%] Built target robot_interfaces__rosidl_typesupport_fastrtps_c
[ 75%] Built target robot_interfaces__rosidl_typesupport_introspection_cpp
[ 77%] Linking CXX shared library librobot_interfaces__rosidl_typesupport_fastrtps_cpp.so
[ 77%] Built target robot_interfaces__rosidl_typesupport_fastrtps_cpp
[ 77%] Built target robot_interfaces
[ 80%] Generating Python code for ROS interfaces
[ 80%] Built target robot_interfaces__py
[ 84%] Building C object CMakeFiles/robot_interfaces__rosidl_generator_py.dir/rosidl_generator_py/robot_interfaces/action/_execute_step_s.c.o
[ 84%] Building C object CMakeFiles/robot_interfaces__rosidl_generator_py.dir/rosidl_generator_py/robot_interfaces/msg/_robot_state_s.c.o
[ 86%] Linking C shared library librobot_interfaces__rosidl_generator_py.so
[ 86%] Built target robot_interfaces__rosidl_generator_py
[ 88%] Building C object CMakeFiles/robot_interfaces_s__rosidl_typesupport_c.dir/rosidl_generator_py/robot_interfaces/_robot_interfaces_s.ep.rosidl_typesupport_c.c.o
[ 93%] Building C object CMakeFiles/robot_interfaces_s__rosidl_typesupport_introspection_c.dir/rosidl_generator_py/robot_interfaces/_robot_interfaces_s.ep.rosidl_typesupport_introspection_c.c.o
[ 93%] Building C object CMakeFiles/robot_interfaces_s__rosidl_typesupport_fastrtps_c.dir/rosidl_generator_py/robot_interfaces/_robot_interfaces_s.ep.rosidl_typesupport_fastrtps_c.c.o
[100%] Linking C shared module rosidl_generator_py/robot_interfaces/robot_interfaces_s__rosidl_typesupport_introspection_c.so
[100%] Linking C shared module rosidl_generator_py/robot_interfaces/robot_interfaces_s__rosidl_typesupport_c.so
[100%] Linking C shared module rosidl_generator_py/robot_interfaces/robot_interfaces_s__rosidl_typesupport_fastrtps_c.so
[100%] Built target robot_interfaces_s__rosidl_typesupport_c
[100%] Built target robot_interfaces_s__rosidl_typesupport_fastrtps_c
[100%] Built target robot_interfaces_s__rosidl_typesupport_introspection_c
-- Install configuration: ""
-- Execute custom install script
-- Symlinking: /home/yuxuan/astra_robot_control/skill/ros_ws/install/robot_interfaces/share/ament_index/resource_index/rosidl_interfaces/robot_interfaces
-- Symlinking: /home/yuxuan/astra_robot_control/skill/ros_ws/install/robot_interfaces/share/robot_interfaces/msg/RobotState.json
-- Symlinking: /home/yuxuan/astra_robot_control/skill/ros_ws/install/robot_interfaces/share/robot_interfaces/action/ExecuteStep.json
-- Symlinking: /home/yuxuan/astra_robot_control/skill/ros_ws/install/robot_interfaces/include/robot_interfaces/robot_interfaces/action/detail/execute_step__functions.h
-- Symlinking: /home/yuxuan/astra_robot_control/skill/ros_ws/install/robot_interfaces/include/robot_interfaces/robot_interfaces/action/detail/execute_step__struct.h
-- Symlinking: /home/yuxuan/astra_robot_control/skill/ros_ws/install/robot_interfaces/include/robot_interfaces/robot_interfaces/action/detail/execute_step__type_support.h
-- Symlinking: /home/yuxuan/astra_robot_control/skill/ros_ws/install/robot_interfaces/include/robot_interfaces/robot_interfaces/action/execute_step.h
-- Symlinking: /home/yuxuan/astra_robot_control/skill/ros_ws/install/robot_interfaces/include/robot_interfaces/robot_interfaces/msg/detail/robot_state__functions.h
-- Symlinking: /home/yuxuan/astra_robot_control/skill/ros_ws/install/robot_interfaces/include/robot_interfaces/robot_interfaces/msg/detail/robot_state__struct.h
-- Symlinking: /home/yuxuan/astra_robot_control/skill/ros_ws/install/robot_interfaces/include/robot_interfaces/robot_interfaces/msg/detail/robot_state__type_support.h
-- Symlinking: /home/yuxuan/astra_robot_control/skill/ros_ws/install/robot_interfaces/include/robot_interfaces/robot_interfaces/msg/robot_state.h
-- Symlinking: /home/yuxuan/astra_robot_control/skill/ros_ws/install/robot_interfaces/include/robot_interfaces/robot_interfaces/msg/rosidl_generator_c__visibility_control.h
-- Symlinking: /home/yuxuan/astra_robot_control/skill/ros_ws/install/robot_interfaces/share/robot_interfaces/environment/library_path.sh
-- Symlinking: /home/yuxuan/astra_robot_control/skill/ros_ws/install/robot_interfaces/share/robot_interfaces/environment/library_path.dsv
-- Symlinking: /home/yuxuan/astra_robot_control/skill/ros_ws/install/robot_interfaces/include/robot_interfaces/robot_interfaces/action/detail/execute_step__rosidl_typesupport_fastrtps_c.h
-- Symlinking: /home/yuxuan/astra_robot_control/skill/ros_ws/install/robot_interfaces/include/robot_interfaces/robot_interfaces/msg/detail/robot_state__rosidl_typesupport_fastrtps_c.h
-- Symlinking: /home/yuxuan/astra_robot_control/skill/ros_ws/install/robot_interfaces/include/robot_interfaces/robot_interfaces/msg/rosidl_typesupport_fastrtps_c__visibility_control.h
-- Symlinking: /home/yuxuan/astra_robot_control/skill/ros_ws/install/robot_interfaces/include/robot_interfaces/robot_interfaces/action/detail/execute_step__rosidl_typesupport_introspection_c.h
-- Symlinking: /home/yuxuan/astra_robot_control/skill/ros_ws/install/robot_interfaces/include/robot_interfaces/robot_interfaces/msg/detail/robot_state__rosidl_typesupport_introspection_c.h
-- Symlinking: /home/yuxuan/astra_robot_control/skill/ros_ws/install/robot_interfaces/include/robot_interfaces/robot_interfaces/msg/rosidl_typesupport_introspection_c__visibility_control.h
-- Symlinking: /home/yuxuan/astra_robot_control/skill/ros_ws/install/robot_interfaces/include/robot_interfaces/robot_interfaces/action/detail/execute_step__builder.hpp
-- Symlinking: /home/yuxuan/astra_robot_control/skill/ros_ws/install/robot_interfaces/include/robot_interfaces/robot_interfaces/action/detail/execute_step__struct.hpp
-- Symlinking: /home/yuxuan/astra_robot_control/skill/ros_ws/install/robot_interfaces/include/robot_interfaces/robot_interfaces/action/detail/execute_step__traits.hpp
-- Symlinking: /home/yuxuan/astra_robot_control/skill/ros_ws/install/robot_interfaces/include/robot_interfaces/robot_interfaces/action/detail/execute_step__type_support.hpp
-- Symlinking: /home/yuxuan/astra_robot_control/skill/ros_ws/install/robot_interfaces/include/robot_interfaces/robot_interfaces/action/execute_step.hpp
-- Symlinking: /home/yuxuan/astra_robot_control/skill/ros_ws/install/robot_interfaces/include/robot_interfaces/robot_interfaces/msg/detail/robot_state__builder.hpp
-- Symlinking: /home/yuxuan/astra_robot_control/skill/ros_ws/install/robot_interfaces/include/robot_interfaces/robot_interfaces/msg/detail/robot_state__struct.hpp
-- Symlinking: /home/yuxuan/astra_robot_control/skill/ros_ws/install/robot_interfaces/include/robot_interfaces/robot_interfaces/msg/detail/robot_state__traits.hpp
-- Symlinking: /home/yuxuan/astra_robot_control/skill/ros_ws/install/robot_interfaces/include/robot_interfaces/robot_interfaces/msg/detail/robot_state__type_support.hpp
-- Symlinking: /home/yuxuan/astra_robot_control/skill/ros_ws/install/robot_interfaces/include/robot_interfaces/robot_interfaces/msg/robot_state.hpp
-- Symlinking: /home/yuxuan/astra_robot_control/skill/ros_ws/install/robot_interfaces/include/robot_interfaces/robot_interfaces/msg/rosidl_generator_cpp__visibility_control.hpp
-- Symlinking: /home/yuxuan/astra_robot_control/skill/ros_ws/install/robot_interfaces/include/robot_interfaces/robot_interfaces/action/detail/execute_step__rosidl_typesupport_fastrtps_cpp.hpp
-- Symlinking: /home/yuxuan/astra_robot_control/skill/ros_ws/install/robot_interfaces/include/robot_interfaces/robot_interfaces/msg/detail/robot_state__rosidl_typesupport_fastrtps_cpp.hpp
-- Symlinking: /home/yuxuan/astra_robot_control/skill/ros_ws/install/robot_interfaces/include/robot_interfaces/robot_interfaces/msg/rosidl_typesupport_fastrtps_cpp__visibility_control.h
-- Symlinking: /home/yuxuan/astra_robot_control/skill/ros_ws/install/robot_interfaces/include/robot_interfaces/robot_interfaces/action/detail/execute_step__rosidl_typesupport_introspection_cpp.hpp
-- Symlinking: /home/yuxuan/astra_robot_control/skill/ros_ws/install/robot_interfaces/include/robot_interfaces/robot_interfaces/msg/detail/robot_state__rosidl_typesupport_introspection_cpp.hpp
-- Symlinking: /home/yuxuan/astra_robot_control/skill/ros_ws/install/robot_interfaces/share/robot_interfaces/environment/pythonpath.sh
-- Symlinking: /home/yuxuan/astra_robot_control/skill/ros_ws/install/robot_interfaces/share/robot_interfaces/environment/pythonpath.dsv
-- Symlinking: /home/yuxuan/astra_robot_control/skill/ros_ws/install/robot_interfaces/lib/python3.12/site-packages/robot_interfaces-0.1.0-py3.12.egg-info/PKG-INFO
-- Symlinking: /home/yuxuan/astra_robot_control/skill/ros_ws/install/robot_interfaces/lib/python3.12/site-packages/robot_interfaces-0.1.0-py3.12.egg-info/SOURCES.txt
-- Symlinking: /home/yuxuan/astra_robot_control/skill/ros_ws/install/robot_interfaces/lib/python3.12/site-packages/robot_interfaces-0.1.0-py3.12.egg-info/dependency_links.txt
-- Symlinking: /home/yuxuan/astra_robot_control/skill/ros_ws/install/robot_interfaces/lib/python3.12/site-packages/robot_interfaces-0.1.0-py3.12.egg-info/top_level.txt
-- Symlinking: /home/yuxuan/astra_robot_control/skill/ros_ws/install/robot_interfaces/lib/python3.12/site-packages/robot_interfaces/__init__.py
-- Symlinking: /home/yuxuan/astra_robot_control/skill/ros_ws/install/robot_interfaces/lib/python3.12/site-packages/robot_interfaces/_robot_interfaces_s.ep.rosidl_typesupport_c.c
-- Symlinking: /home/yuxuan/astra_robot_control/skill/ros_ws/install/robot_interfaces/lib/python3.12/site-packages/robot_interfaces/_robot_interfaces_s.ep.rosidl_typesupport_fastrtps_c.c
-- Symlinking: /home/yuxuan/astra_robot_control/skill/ros_ws/install/robot_interfaces/lib/python3.12/site-packages/robot_interfaces/_robot_interfaces_s.ep.rosidl_typesupport_introspection_c.c
-- Symlinking: /home/yuxuan/astra_robot_control/skill/ros_ws/install/robot_interfaces/lib/python3.12/site-packages/robot_interfaces/action/__init__.py
-- Symlinking: /home/yuxuan/astra_robot_control/skill/ros_ws/install/robot_interfaces/lib/python3.12/site-packages/robot_interfaces/action/_execute_step.py
-- Symlinking: /home/yuxuan/astra_robot_control/skill/ros_ws/install/robot_interfaces/lib/python3.12/site-packages/robot_interfaces/action/_execute_step_s.c
-- Symlinking: /home/yuxuan/astra_robot_control/skill/ros_ws/install/robot_interfaces/lib/python3.12/site-packages/robot_interfaces/msg/__init__.py
-- Symlinking: /home/yuxuan/astra_robot_control/skill/ros_ws/install/robot_interfaces/lib/python3.12/site-packages/robot_interfaces/msg/_robot_state.py
-- Symlinking: /home/yuxuan/astra_robot_control/skill/ros_ws/install/robot_interfaces/lib/python3.12/site-packages/robot_interfaces/msg/_robot_state_s.c
-- Symlinking: /home/yuxuan/astra_robot_control/skill/ros_ws/install/robot_interfaces/lib/python3.12/site-packages/robot_interfaces/robot_interfaces_s__rosidl_typesupport_c.so
-- Symlinking: /home/yuxuan/astra_robot_control/skill/ros_ws/install/robot_interfaces/lib/python3.12/site-packages/robot_interfaces/robot_interfaces_s__rosidl_typesupport_fastrtps_c.so
-- Symlinking: /home/yuxuan/astra_robot_control/skill/ros_ws/install/robot_interfaces/lib/python3.12/site-packages/robot_interfaces/robot_interfaces_s__rosidl_typesupport_introspection_c.so
-- Up-to-date symlink: /home/yuxuan/astra_robot_control/skill/ros_ws/install/robot_interfaces/lib/python3.12/site-packages/robot_interfaces/robot_interfaces_s__rosidl_typesupport_fastrtps_c.so
-- Up-to-date symlink: /home/yuxuan/astra_robot_control/skill/ros_ws/install/robot_interfaces/lib/python3.12/site-packages/robot_interfaces/robot_interfaces_s__rosidl_typesupport_introspection_c.so
-- Up-to-date symlink: /home/yuxuan/astra_robot_control/skill/ros_ws/install/robot_interfaces/lib/python3.12/site-packages/robot_interfaces/robot_interfaces_s__rosidl_typesupport_c.so
-- Symlinking: /home/yuxuan/astra_robot_control/skill/ros_ws/install/robot_interfaces/share/ament_index/resource_index/rust_packages/robot_interfaces
-- Symlinking: /home/yuxuan/astra_robot_control/skill/ros_ws/install/robot_interfaces/share/robot_interfaces/rust/Cargo.toml
-- Symlinking: /home/yuxuan/astra_robot_control/skill/ros_ws/install/robot_interfaces/share/robot_interfaces/rust/build.rs
-- Symlinking: /home/yuxuan/astra_robot_control/skill/ros_ws/install/robot_interfaces/share/robot_interfaces/rust/src/action.rs
-- Symlinking: /home/yuxuan/astra_robot_control/skill/ros_ws/install/robot_interfaces/share/robot_interfaces/rust/src/action/rmw.rs
-- Symlinking: /home/yuxuan/astra_robot_control/skill/ros_ws/install/robot_interfaces/share/robot_interfaces/rust/src/lib.rs
-- Symlinking: /home/yuxuan/astra_robot_control/skill/ros_ws/install/robot_interfaces/share/robot_interfaces/rust/src/msg.rs
-- Symlinking: /home/yuxuan/astra_robot_control/skill/ros_ws/install/robot_interfaces/share/robot_interfaces/rust/src/msg/rmw.rs
-- Symlinking: /home/yuxuan/astra_robot_control/skill/ros_ws/install/robot_interfaces/share/robot_interfaces/msg/RobotState.idl
-- Symlinking: /home/yuxuan/astra_robot_control/skill/ros_ws/install/robot_interfaces/share/robot_interfaces/action/ExecuteStep.idl
-- Symlinking: /home/yuxuan/astra_robot_control/skill/ros_ws/install/robot_interfaces/share/robot_interfaces/msg/RobotState.msg
-- Symlinking: /home/yuxuan/astra_robot_control/skill/ros_ws/install/robot_interfaces/share/robot_interfaces/action/ExecuteStep.action
-- Symlinking: /home/yuxuan/astra_robot_control/skill/ros_ws/install/robot_interfaces/share/ament_index/resource_index/package_run_dependencies/robot_interfaces
-- Symlinking: /home/yuxuan/astra_robot_control/skill/ros_ws/install/robot_interfaces/share/ament_index/resource_index/parent_prefix_path/robot_interfaces
-- Symlinking: /home/yuxuan/astra_robot_control/skill/ros_ws/install/robot_interfaces/share/robot_interfaces/environment/ament_prefix_path.sh
-- Symlinking: /home/yuxuan/astra_robot_control/skill/ros_ws/install/robot_interfaces/share/robot_interfaces/environment/ament_prefix_path.dsv
-- Symlinking: /home/yuxuan/astra_robot_control/skill/ros_ws/install/robot_interfaces/share/robot_interfaces/environment/path.sh
-- Symlinking: /home/yuxuan/astra_robot_control/skill/ros_ws/install/robot_interfaces/share/robot_interfaces/environment/path.dsv
-- Symlinking: /home/yuxuan/astra_robot_control/skill/ros_ws/install/robot_interfaces/share/robot_interfaces/local_setup.bash
-- Symlinking: /home/yuxuan/astra_robot_control/skill/ros_ws/install/robot_interfaces/share/robot_interfaces/local_setup.sh
-- Symlinking: /home/yuxuan/astra_robot_control/skill/ros_ws/install/robot_interfaces/share/robot_interfaces/local_setup.zsh
-- Symlinking: /home/yuxuan/astra_robot_control/skill/ros_ws/install/robot_interfaces/share/robot_interfaces/local_setup.dsv
-- Symlinking: /home/yuxuan/astra_robot_control/skill/ros_ws/install/robot_interfaces/share/robot_interfaces/package.dsv
-- Symlinking: /home/yuxuan/astra_robot_control/skill/ros_ws/install/robot_interfaces/share/ament_index/resource_index/packages/robot_interfaces
-- Symlinking: /home/yuxuan/astra_robot_control/skill/ros_ws/install/robot_interfaces/share/robot_interfaces/cmake/rosidl_cmake-extras.cmake
-- Symlinking: /home/yuxuan/astra_robot_control/skill/ros_ws/install/robot_interfaces/share/robot_interfaces/cmake/ament_cmake_export_dependencies-extras.cmake
-- Symlinking: /home/yuxuan/astra_robot_control/skill/ros_ws/install/robot_interfaces/share/robot_interfaces/cmake/ament_cmake_export_include_directories-extras.cmake
-- Symlinking: /home/yuxuan/astra_robot_control/skill/ros_ws/install/robot_interfaces/share/robot_interfaces/cmake/ament_cmake_export_libraries-extras.cmake
-- Symlinking: /home/yuxuan/astra_robot_control/skill/ros_ws/install/robot_interfaces/share/robot_interfaces/cmake/ament_cmake_export_targets-extras.cmake
-- Symlinking: /home/yuxuan/astra_robot_control/skill/ros_ws/install/robot_interfaces/share/robot_interfaces/cmake/rosidl_cmake_export_typesupport_targets-extras.cmake
-- Symlinking: /home/yuxuan/astra_robot_control/skill/ros_ws/install/robot_interfaces/share/robot_interfaces/cmake/rosidl_cmake_export_typesupport_libraries-extras.cmake
-- Symlinking: /home/yuxuan/astra_robot_control/skill/ros_ws/install/robot_interfaces/share/robot_interfaces/cmake/rosidl_cmake_aggregate_target-extras.cmake
-- Symlinking: /home/yuxuan/astra_robot_control/skill/ros_ws/install/robot_interfaces/share/robot_interfaces/cmake/robot_interfacesConfig.cmake
-- Symlinking: /home/yuxuan/astra_robot_control/skill/ros_ws/install/robot_interfaces/share/robot_interfaces/cmake/robot_interfacesConfig-version.cmake
-- Symlinking: /home/yuxuan/astra_robot_control/skill/ros_ws/install/robot_interfaces/share/robot_interfaces/package.xml
-- Installing: /home/yuxuan/astra_robot_control/skill/ros_ws/install/robot_interfaces/lib/librobot_interfaces__rosidl_generator_c.so
-- Set non-toolchain portion of runtime path of "/home/yuxuan/astra_robot_control/skill/ros_ws/install/robot_interfaces/lib/librobot_interfaces__rosidl_generator_c.so" to ""
-- Installing: /home/yuxuan/astra_robot_control/skill/ros_ws/install/robot_interfaces/lib/librobot_interfaces__rosidl_typesupport_fastrtps_c.so
-- Set non-toolchain portion of runtime path of "/home/yuxuan/astra_robot_control/skill/ros_ws/install/robot_interfaces/lib/librobot_interfaces__rosidl_typesupport_fastrtps_c.so" to ""
-- Installing: /home/yuxuan/astra_robot_control/skill/ros_ws/install/robot_interfaces/lib/librobot_interfaces__rosidl_typesupport_introspection_c.so
-- Set non-toolchain portion of runtime path of "/home/yuxuan/astra_robot_control/skill/ros_ws/install/robot_interfaces/lib/librobot_interfaces__rosidl_typesupport_introspection_c.so" to ""
-- Installing: /home/yuxuan/astra_robot_control/skill/ros_ws/install/robot_interfaces/lib/librobot_interfaces__rosidl_typesupport_c.so
-- Set non-toolchain portion of runtime path of "/home/yuxuan/astra_robot_control/skill/ros_ws/install/robot_interfaces/lib/librobot_interfaces__rosidl_typesupport_c.so" to ""
-- Installing: /home/yuxuan/astra_robot_control/skill/ros_ws/install/robot_interfaces/lib/librobot_interfaces__rosidl_typesupport_fastrtps_cpp.so
-- Set non-toolchain portion of runtime path of "/home/yuxuan/astra_robot_control/skill/ros_ws/install/robot_interfaces/lib/librobot_interfaces__rosidl_typesupport_fastrtps_cpp.so" to ""
-- Installing: /home/yuxuan/astra_robot_control/skill/ros_ws/install/robot_interfaces/lib/librobot_interfaces__rosidl_typesupport_introspection_cpp.so
-- Set non-toolchain portion of runtime path of "/home/yuxuan/astra_robot_control/skill/ros_ws/install/robot_interfaces/lib/librobot_interfaces__rosidl_typesupport_introspection_cpp.so" to ""
-- Installing: /home/yuxuan/astra_robot_control/skill/ros_ws/install/robot_interfaces/lib/librobot_interfaces__rosidl_typesupport_cpp.so
-- Set non-toolchain portion of runtime path of "/home/yuxuan/astra_robot_control/skill/ros_ws/install/robot_interfaces/lib/librobot_interfaces__rosidl_typesupport_cpp.so" to ""
Listing '/home/yuxuan/astra_robot_control/skill/ros_ws/install/robot_interfaces/lib/python3.12/site-packages/robot_interfaces'...
Compiling '/home/yuxuan/astra_robot_control/skill/ros_ws/install/robot_interfaces/lib/python3.12/site-packages/robot_interfaces/__init__.py'...
Listing '/home/yuxuan/astra_robot_control/skill/ros_ws/install/robot_interfaces/lib/python3.12/site-packages/robot_interfaces/action'...
Compiling '/home/yuxuan/astra_robot_control/skill/ros_ws/install/robot_interfaces/lib/python3.12/site-packages/robot_interfaces/action/__init__.py'...
Compiling '/home/yuxuan/astra_robot_control/skill/ros_ws/install/robot_interfaces/lib/python3.12/site-packages/robot_interfaces/action/_execute_step.py'...
Listing '/home/yuxuan/astra_robot_control/skill/ros_ws/install/robot_interfaces/lib/python3.12/site-packages/robot_interfaces/msg'...
Compiling '/home/yuxuan/astra_robot_control/skill/ros_ws/install/robot_interfaces/lib/python3.12/site-packages/robot_interfaces/msg/__init__.py'...
Compiling '/home/yuxuan/astra_robot_control/skill/ros_ws/install/robot_interfaces/lib/python3.12/site-packages/robot_interfaces/msg/_robot_state.py'...
-- Installing: /home/yuxuan/astra_robot_control/skill/ros_ws/install/robot_interfaces/lib/librobot_interfaces__rosidl_generator_py.so
-- Set non-toolchain portion of runtime path of "/home/yuxuan/astra_robot_control/skill/ros_ws/install/robot_interfaces/lib/librobot_interfaces__rosidl_generator_py.so" to ""
-- Installing: /home/yuxuan/astra_robot_control/skill/ros_ws/install/robot_interfaces/share/robot_interfaces/cmake/export_robot_interfaces__rosidl_generator_cExport.cmake
-- Installing: /home/yuxuan/astra_robot_control/skill/ros_ws/install/robot_interfaces/share/robot_interfaces/cmake/export_robot_interfaces__rosidl_generator_cExport-noconfig.cmake
-- Installing: /home/yuxuan/astra_robot_control/skill/ros_ws/install/robot_interfaces/share/robot_interfaces/cmake/export_robot_interfaces__rosidl_typesupport_fastrtps_cExport.cmake
-- Installing: /home/yuxuan/astra_robot_control/skill/ros_ws/install/robot_interfaces/share/robot_interfaces/cmake/export_robot_interfaces__rosidl_typesupport_fastrtps_cExport-noconfig.cmake
-- Installing: /home/yuxuan/astra_robot_control/skill/ros_ws/install/robot_interfaces/share/robot_interfaces/cmake/robot_interfaces__rosidl_typesupport_introspection_cExport.cmake
-- Installing: /home/yuxuan/astra_robot_control/skill/ros_ws/install/robot_interfaces/share/robot_interfaces/cmake/robot_interfaces__rosidl_typesupport_introspection_cExport-noconfig.cmake
-- Installing: /home/yuxuan/astra_robot_control/skill/ros_ws/install/robot_interfaces/share/robot_interfaces/cmake/robot_interfaces__rosidl_typesupport_cExport.cmake
-- Installing: /home/yuxuan/astra_robot_control/skill/ros_ws/install/robot_interfaces/share/robot_interfaces/cmake/robot_interfaces__rosidl_typesupport_cExport-noconfig.cmake
-- Installing: /home/yuxuan/astra_robot_control/skill/ros_ws/install/robot_interfaces/share/robot_interfaces/cmake/export_robot_interfaces__rosidl_generator_cppExport.cmake
-- Installing: /home/yuxuan/astra_robot_control/skill/ros_ws/install/robot_interfaces/share/robot_interfaces/cmake/export_robot_interfaces__rosidl_typesupport_fastrtps_cppExport.cmake
-- Installing: /home/yuxuan/astra_robot_control/skill/ros_ws/install/robot_interfaces/share/robot_interfaces/cmake/export_robot_interfaces__rosidl_typesupport_fastrtps_cppExport-noconfig.cmake
-- Installing: /home/yuxuan/astra_robot_control/skill/ros_ws/install/robot_interfaces/share/robot_interfaces/cmake/robot_interfaces__rosidl_typesupport_introspection_cppExport.cmake
-- Installing: /home/yuxuan/astra_robot_control/skill/ros_ws/install/robot_interfaces/share/robot_interfaces/cmake/robot_interfaces__rosidl_typesupport_introspection_cppExport-noconfig.cmake
-- Installing: /home/yuxuan/astra_robot_control/skill/ros_ws/install/robot_interfaces/share/robot_interfaces/cmake/robot_interfaces__rosidl_typesupport_cppExport.cmake
-- Installing: /home/yuxuan/astra_robot_control/skill/ros_ws/install/robot_interfaces/share/robot_interfaces/cmake/robot_interfaces__rosidl_typesupport_cppExport-noconfig.cmake
-- Installing: /home/yuxuan/astra_robot_control/skill/ros_ws/install/robot_interfaces/share/robot_interfaces/cmake/export_robot_interfaces__rosidl_generator_pyExport.cmake
-- Installing: /home/yuxuan/astra_robot_control/skill/ros_ws/install/robot_interfaces/share/robot_interfaces/cmake/export_robot_interfaces__rosidl_generator_pyExport-noconfig.cmake
