[0.024s] Invoking command in '/home/yuxuan/astra_robot_control/skill/ros_ws/build/robot_interfaces': CMAKE_PREFIX_PATH=${CMAKE_PREFIX_PATH}:/opt/ros/jazzy DEBUGINFOD_URLS=https://debuginfod.ubuntu.com /usr/bin/cmake /home/yuxuan/astra_robot_control/skill/ros_ws/src/robot_interfaces -DAMENT_CMAKE_SYMLINK_INSTALL=1 -DCMAKE_INSTALL_PREFIX=/home/yuxuan/astra_robot_control/skill/ros_ws/install/robot_interfaces
[0.164s] -- The C compiler identification is GNU 13.3.0
[0.164s] -- The CXX compiler identification is GNU 13.3.0
[0.164s] -- Detecting C compiler ABI info
[0.199s] -- Detecting C compiler ABI info - done
[0.206s] -- Check for working C compiler: /usr/bin/cc - skipped
[0.206s] -- Detecting C compile features
[0.207s] -- Detecting C compile features - done
[0.214s] -- Detecting CXX compiler ABI info
[0.301s] -- Detecting CXX compiler ABI info - done
[0.308s] -- Check for working CXX compiler: /usr/bin/c++ - skipped
[0.308s] -- Detecting CXX compile features
[0.309s] -- Detecting CXX compile features - done
[0.313s] -- Found ament_cmake: 2.5.6 (/opt/ros/jazzy/share/ament_cmake/cmake)
[0.447s] -- Found Python3: /usr/bin/python3 (found version "3.12.3") found components: Interpreter 
[0.517s] -- Override CMake install command with custom implementation using symlinks instead of copying resources
[0.568s] -- Found rosidl_default_generators: 1.6.1 (/opt/ros/jazzy/share/rosidl_default_generators/cmake)
[0.576s] -- Using all available rosidl_typesupport_c: rosidl_typesupport_fastrtps_c;rosidl_typesupport_introspection_c
[0.636s] -- Using all available rosidl_typesupport_cpp: rosidl_typesupport_fastrtps_cpp;rosidl_typesupport_introspection_cpp
[0.690s] -- Found rosidl_adapter: 4.6.9 (/opt/ros/jazzy/share/rosidl_adapter/cmake)
[0.695s] -- Found std_msgs: 5.3.8 (/opt/ros/jazzy/share/std_msgs/cmake)
[0.733s] -- Found geometry_msgs: 5.3.8 (/opt/ros/jazzy/share/geometry_msgs/cmake)
[1.290s] -- Found ament_cmake_ros: 0.12.1 (/opt/ros/jazzy/share/ament_cmake_ros/cmake)
[1.665s] -- Using all available rosidl_typesupport_c: rosidl_typesupport_fastrtps_c;rosidl_typesupport_introspection_c
[2.122s] -- Using all available rosidl_typesupport_cpp: rosidl_typesupport_fastrtps_cpp;rosidl_typesupport_introspection_cpp
[2.125s] -- Found python_cmake_module: 0.11.1 (/opt/ros/jazzy/share/python_cmake_module/cmake)
[2.219s] -- Found PythonExtra: /usr/bin/python3  
[2.584s] -- Found Python3: /usr/bin/python3 (found version "3.12.3") found components: Interpreter Development NumPy Development.Module Development.Embed 
[2.665s] -- Found Python3: /usr/bin/python3 (found version "3.12.3") found components: Interpreter 
[2.673s] -- Configuring done (2.6s)
[2.701s] -- Generating done (0.0s)
[2.708s] -- Build files have been written to: /home/yuxuan/astra_robot_control/skill/ros_ws/build/robot_interfaces
[2.720s] Invoked command in '/home/yuxuan/astra_robot_control/skill/ros_ws/build/robot_interfaces' returned '0': CMAKE_PREFIX_PATH=${CMAKE_PREFIX_PATH}:/opt/ros/jazzy DEBUGINFOD_URLS=https://debuginfod.ubuntu.com /usr/bin/cmake /home/yuxuan/astra_robot_control/skill/ros_ws/src/robot_interfaces -DAMENT_CMAKE_SYMLINK_INSTALL=1 -DCMAKE_INSTALL_PREFIX=/home/yuxuan/astra_robot_control/skill/ros_ws/install/robot_interfaces
[2.720s] Invoking command in '/home/yuxuan/astra_robot_control/skill/ros_ws/build/robot_interfaces': CMAKE_PREFIX_PATH=${CMAKE_PREFIX_PATH}:/opt/ros/jazzy DEBUGINFOD_URLS=https://debuginfod.ubuntu.com /usr/bin/cmake --build /home/yuxuan/astra_robot_control/skill/ros_ws/build/robot_interfaces -- -j20 -l20
[2.763s] [  4%] Generating Rust code for ROS interfaces
[2.763s] [  4%] Generating type hashes for ROS interfaces
[2.770s] [  4%] Built target ament_cmake_python_symlink_robot_interfaces
[2.910s] running egg_info
[2.910s] creating robot_interfaces.egg-info
[2.922s] writing robot_interfaces.egg-info/PKG-INFO
[2.922s] writing dependency_links to robot_interfaces.egg-info/dependency_links.txt
[2.922s] writing top-level names to robot_interfaces.egg-info/top_level.txt
[2.922s] writing manifest file 'robot_interfaces.egg-info/SOURCES.txt'
[2.922s] [  4%] Built target robot_interfaces__rosidl_generator_type_description
[2.933s] [  6%] Generating C code for ROS interfaces
[2.944s] [  8%] Generating C++ code for ROS interfaces
[2.949s] [  8%] Built target robot_interfaces__rs
[2.959s] reading manifest file 'robot_interfaces.egg-info/SOURCES.txt'
[2.959s] writing manifest file 'robot_interfaces.egg-info/SOURCES.txt'
[2.982s] [  8%] Built target ament_cmake_python_build_robot_interfaces_egg
[3.223s] [  8%] Built target robot_interfaces__cpp
[3.254s] [ 20%] Building C object CMakeFiles/robot_interfaces__rosidl_generator_c.dir/rosidl_generator_c/robot_interfaces/msg/detail/robot_state__functions.c.o
[3.254s] [ 20%] Building C object CMakeFiles/robot_interfaces__rosidl_generator_c.dir/rosidl_generator_c/robot_interfaces/msg/detail/robot_state__description.c.o
[3.254s] [ 20%] Building C object CMakeFiles/robot_interfaces__rosidl_generator_c.dir/rosidl_generator_c/robot_interfaces/msg/detail/robot_state__type_support.c.o
[3.254s] [ 20%] Building C object CMakeFiles/robot_interfaces__rosidl_generator_c.dir/rosidl_generator_c/robot_interfaces/action/detail/execute_step__functions.c.o
[3.254s] [ 20%] Building C object CMakeFiles/robot_interfaces__rosidl_generator_c.dir/rosidl_generator_c/robot_interfaces/action/detail/execute_step__description.c.o
[3.254s] [ 22%] Building C object CMakeFiles/robot_interfaces__rosidl_generator_c.dir/rosidl_generator_c/robot_interfaces/action/detail/execute_step__type_support.c.o
[3.364s] [ 24%] Linking C shared library librobot_interfaces__rosidl_generator_c.so
[3.405s] [ 24%] Built target robot_interfaces__rosidl_generator_c
[3.417s] [ 31%] Generating C type support dispatch for ROS interfaces
[3.417s] [ 31%] Generating C type support for eProsima Fast-RTPS
[3.417s] [ 37%] Generating C++ type support for eProsima Fast-RTPS
[3.417s] [ 37%] Generating C introspection for ROS interfaces
[3.417s] [ 37%] Generating C++ introspection for ROS interfaces
[3.417s] [ 37%] Generating C++ type support dispatch for ROS interfaces
[3.718s] [ 46%] Building CXX object CMakeFiles/robot_interfaces__rosidl_typesupport_c.dir/rosidl_typesupport_c/robot_interfaces/action/execute_step__type_support.cpp.o
[3.718s] [ 46%] Building CXX object CMakeFiles/robot_interfaces__rosidl_typesupport_c.dir/rosidl_typesupport_c/robot_interfaces/msg/robot_state__type_support.cpp.o
[3.718s] [ 46%] Building CXX object CMakeFiles/robot_interfaces__rosidl_typesupport_cpp.dir/rosidl_typesupport_cpp/robot_interfaces/msg/robot_state__type_support.cpp.o
[3.718s] [ 46%] Building CXX object CMakeFiles/robot_interfaces__rosidl_typesupport_cpp.dir/rosidl_typesupport_cpp/robot_interfaces/action/execute_step__type_support.cpp.o
[3.750s] [ 51%] Building CXX object CMakeFiles/robot_interfaces__rosidl_typesupport_introspection_cpp.dir/rosidl_typesupport_introspection_cpp/robot_interfaces/msg/detail/robot_state__type_support.cpp.o
[3.750s] [ 51%] Building CXX object CMakeFiles/robot_interfaces__rosidl_typesupport_introspection_cpp.dir/rosidl_typesupport_introspection_cpp/robot_interfaces/action/detail/execute_step__type_support.cpp.o
[3.783s] [ 55%] Building C object CMakeFiles/robot_interfaces__rosidl_typesupport_introspection_c.dir/rosidl_typesupport_introspection_c/robot_interfaces/action/detail/execute_step__type_support.c.o
[3.783s] [ 55%] Building C object CMakeFiles/robot_interfaces__rosidl_typesupport_introspection_c.dir/rosidl_typesupport_introspection_c/robot_interfaces/msg/detail/robot_state__type_support.c.o
[3.790s] [ 57%] Linking CXX shared library librobot_interfaces__rosidl_typesupport_c.so
[3.857s] [ 57%] Built target robot_interfaces__rosidl_typesupport_c
[3.866s] [ 60%] Linking C shared library librobot_interfaces__rosidl_typesupport_introspection_c.so
[3.870s] [ 62%] Building CXX object CMakeFiles/robot_interfaces__rosidl_typesupport_fastrtps_cpp.dir/rosidl_typesupport_fastrtps_cpp/robot_interfaces/msg/detail/dds_fastrtps/robot_state__type_support.cpp.o
[3.871s] [ 64%] Building CXX object CMakeFiles/robot_interfaces__rosidl_typesupport_fastrtps_cpp.dir/rosidl_typesupport_fastrtps_cpp/robot_interfaces/action/detail/dds_fastrtps/execute_step__type_support.cpp.o
[3.899s] [ 68%] Building CXX object CMakeFiles/robot_interfaces__rosidl_typesupport_fastrtps_c.dir/rosidl_typesupport_fastrtps_c/robot_interfaces/msg/detail/robot_state__type_support_c.cpp.o
[3.899s] [ 68%] Building CXX object CMakeFiles/robot_interfaces__rosidl_typesupport_fastrtps_c.dir/rosidl_typesupport_fastrtps_c/robot_interfaces/action/detail/execute_step__type_support_c.cpp.o
[3.918s] [ 68%] Built target robot_interfaces__rosidl_typesupport_introspection_c
[4.366s] [ 71%] Linking CXX shared library librobot_interfaces__rosidl_typesupport_cpp.so
[4.437s] [ 73%] Linking CXX shared library librobot_interfaces__rosidl_typesupport_fastrtps_c.so
[4.456s] [ 73%] Built target robot_interfaces__rosidl_typesupport_cpp
[4.468s] [ 75%] Linking CXX shared library librobot_interfaces__rosidl_typesupport_introspection_cpp.so
[4.516s] [ 75%] Built target robot_interfaces__rosidl_typesupport_fastrtps_c
[4.547s] [ 75%] Built target robot_interfaces__rosidl_typesupport_introspection_cpp
[4.665s] [ 77%] Linking CXX shared library librobot_interfaces__rosidl_typesupport_fastrtps_cpp.so
[4.727s] [ 77%] Built target robot_interfaces__rosidl_typesupport_fastrtps_cpp
[4.744s] [ 77%] Built target robot_interfaces
[4.761s] [ 80%] Generating Python code for ROS interfaces
[5.149s] [ 80%] Built target robot_interfaces__py
[5.166s] [ 84%] Building C object CMakeFiles/robot_interfaces__rosidl_generator_py.dir/rosidl_generator_py/robot_interfaces/action/_execute_step_s.c.o
[5.166s] [ 84%] Building C object CMakeFiles/robot_interfaces__rosidl_generator_py.dir/rosidl_generator_py/robot_interfaces/msg/_robot_state_s.c.o
[5.308s] [ 86%] Linking C shared library librobot_interfaces__rosidl_generator_py.so
[5.345s] [ 86%] Built target robot_interfaces__rosidl_generator_py
[5.364s] [ 88%] Building C object CMakeFiles/robot_interfaces_s__rosidl_typesupport_c.dir/rosidl_generator_py/robot_interfaces/_robot_interfaces_s.ep.rosidl_typesupport_c.c.o
[5.365s] [ 93%] Building C object CMakeFiles/robot_interfaces_s__rosidl_typesupport_introspection_c.dir/rosidl_generator_py/robot_interfaces/_robot_interfaces_s.ep.rosidl_typesupport_introspection_c.c.o
[5.365s] [ 93%] Building C object CMakeFiles/robot_interfaces_s__rosidl_typesupport_fastrtps_c.dir/rosidl_generator_py/robot_interfaces/_robot_interfaces_s.ep.rosidl_typesupport_fastrtps_c.c.o
[5.466s] [100%] Linking C shared module rosidl_generator_py/robot_interfaces/robot_interfaces_s__rosidl_typesupport_introspection_c.so
[5.466s] [100%] Linking C shared module rosidl_generator_py/robot_interfaces/robot_interfaces_s__rosidl_typesupport_c.so
[5.466s] [100%] Linking C shared module rosidl_generator_py/robot_interfaces/robot_interfaces_s__rosidl_typesupport_fastrtps_c.so
[5.499s] [100%] Built target robot_interfaces_s__rosidl_typesupport_c
[5.499s] [100%] Built target robot_interfaces_s__rosidl_typesupport_fastrtps_c
[5.499s] [100%] Built target robot_interfaces_s__rosidl_typesupport_introspection_c
[5.509s] Invoked command in '/home/yuxuan/astra_robot_control/skill/ros_ws/build/robot_interfaces' returned '0': CMAKE_PREFIX_PATH=${CMAKE_PREFIX_PATH}:/opt/ros/jazzy DEBUGINFOD_URLS=https://debuginfod.ubuntu.com /usr/bin/cmake --build /home/yuxuan/astra_robot_control/skill/ros_ws/build/robot_interfaces -- -j20 -l20
[5.509s] Invoking command in '/home/yuxuan/astra_robot_control/skill/ros_ws/build/robot_interfaces': CMAKE_PREFIX_PATH=${CMAKE_PREFIX_PATH}:/opt/ros/jazzy DEBUGINFOD_URLS=https://debuginfod.ubuntu.com /usr/bin/cmake --install /home/yuxuan/astra_robot_control/skill/ros_ws/build/robot_interfaces
[5.515s] -- Install configuration: ""
[5.515s] -- Execute custom install script
[5.515s] -- Symlinking: /home/yuxuan/astra_robot_control/skill/ros_ws/install/robot_interfaces/share/ament_index/resource_index/rosidl_interfaces/robot_interfaces
[5.522s] -- Symlinking: /home/yuxuan/astra_robot_control/skill/ros_ws/install/robot_interfaces/share/robot_interfaces/msg/RobotState.json
[5.528s] -- Symlinking: /home/yuxuan/astra_robot_control/skill/ros_ws/install/robot_interfaces/share/robot_interfaces/action/ExecuteStep.json
[5.534s] -- Symlinking: /home/yuxuan/astra_robot_control/skill/ros_ws/install/robot_interfaces/include/robot_interfaces/robot_interfaces/action/detail/execute_step__functions.h
[5.540s] -- Symlinking: /home/yuxuan/astra_robot_control/skill/ros_ws/install/robot_interfaces/include/robot_interfaces/robot_interfaces/action/detail/execute_step__struct.h
[5.545s] -- Symlinking: /home/yuxuan/astra_robot_control/skill/ros_ws/install/robot_interfaces/include/robot_interfaces/robot_interfaces/action/detail/execute_step__type_support.h
[5.552s] -- Symlinking: /home/yuxuan/astra_robot_control/skill/ros_ws/install/robot_interfaces/include/robot_interfaces/robot_interfaces/action/execute_step.h
[5.558s] -- Symlinking: /home/yuxuan/astra_robot_control/skill/ros_ws/install/robot_interfaces/include/robot_interfaces/robot_interfaces/msg/detail/robot_state__functions.h
[5.565s] -- Symlinking: /home/yuxuan/astra_robot_control/skill/ros_ws/install/robot_interfaces/include/robot_interfaces/robot_interfaces/msg/detail/robot_state__struct.h
[5.572s] -- Symlinking: /home/yuxuan/astra_robot_control/skill/ros_ws/install/robot_interfaces/include/robot_interfaces/robot_interfaces/msg/detail/robot_state__type_support.h
[5.579s] -- Symlinking: /home/yuxuan/astra_robot_control/skill/ros_ws/install/robot_interfaces/include/robot_interfaces/robot_interfaces/msg/robot_state.h
[5.585s] -- Symlinking: /home/yuxuan/astra_robot_control/skill/ros_ws/install/robot_interfaces/include/robot_interfaces/robot_interfaces/msg/rosidl_generator_c__visibility_control.h
[5.591s] -- Symlinking: /home/yuxuan/astra_robot_control/skill/ros_ws/install/robot_interfaces/share/robot_interfaces/environment/library_path.sh
[5.597s] -- Symlinking: /home/yuxuan/astra_robot_control/skill/ros_ws/install/robot_interfaces/share/robot_interfaces/environment/library_path.dsv
[5.603s] -- Symlinking: /home/yuxuan/astra_robot_control/skill/ros_ws/install/robot_interfaces/include/robot_interfaces/robot_interfaces/action/detail/execute_step__rosidl_typesupport_fastrtps_c.h
[5.609s] -- Symlinking: /home/yuxuan/astra_robot_control/skill/ros_ws/install/robot_interfaces/include/robot_interfaces/robot_interfaces/msg/detail/robot_state__rosidl_typesupport_fastrtps_c.h
[5.614s] -- Symlinking: /home/yuxuan/astra_robot_control/skill/ros_ws/install/robot_interfaces/include/robot_interfaces/robot_interfaces/msg/rosidl_typesupport_fastrtps_c__visibility_control.h
[5.620s] -- Symlinking: /home/yuxuan/astra_robot_control/skill/ros_ws/install/robot_interfaces/include/robot_interfaces/robot_interfaces/action/detail/execute_step__rosidl_typesupport_introspection_c.h
[5.627s] -- Symlinking: /home/yuxuan/astra_robot_control/skill/ros_ws/install/robot_interfaces/include/robot_interfaces/robot_interfaces/msg/detail/robot_state__rosidl_typesupport_introspection_c.h
[5.633s] -- Symlinking: /home/yuxuan/astra_robot_control/skill/ros_ws/install/robot_interfaces/include/robot_interfaces/robot_interfaces/msg/rosidl_typesupport_introspection_c__visibility_control.h
[5.639s] -- Symlinking: /home/yuxuan/astra_robot_control/skill/ros_ws/install/robot_interfaces/include/robot_interfaces/robot_interfaces/action/detail/execute_step__builder.hpp
[5.645s] -- Symlinking: /home/yuxuan/astra_robot_control/skill/ros_ws/install/robot_interfaces/include/robot_interfaces/robot_interfaces/action/detail/execute_step__struct.hpp
[5.651s] -- Symlinking: /home/yuxuan/astra_robot_control/skill/ros_ws/install/robot_interfaces/include/robot_interfaces/robot_interfaces/action/detail/execute_step__traits.hpp
[5.657s] -- Symlinking: /home/yuxuan/astra_robot_control/skill/ros_ws/install/robot_interfaces/include/robot_interfaces/robot_interfaces/action/detail/execute_step__type_support.hpp
[5.662s] -- Symlinking: /home/yuxuan/astra_robot_control/skill/ros_ws/install/robot_interfaces/include/robot_interfaces/robot_interfaces/action/execute_step.hpp
[5.668s] -- Symlinking: /home/yuxuan/astra_robot_control/skill/ros_ws/install/robot_interfaces/include/robot_interfaces/robot_interfaces/msg/detail/robot_state__builder.hpp
[5.673s] -- Symlinking: /home/yuxuan/astra_robot_control/skill/ros_ws/install/robot_interfaces/include/robot_interfaces/robot_interfaces/msg/detail/robot_state__struct.hpp
[5.679s] -- Symlinking: /home/yuxuan/astra_robot_control/skill/ros_ws/install/robot_interfaces/include/robot_interfaces/robot_interfaces/msg/detail/robot_state__traits.hpp
[5.684s] -- Symlinking: /home/yuxuan/astra_robot_control/skill/ros_ws/install/robot_interfaces/include/robot_interfaces/robot_interfaces/msg/detail/robot_state__type_support.hpp
[5.689s] -- Symlinking: /home/yuxuan/astra_robot_control/skill/ros_ws/install/robot_interfaces/include/robot_interfaces/robot_interfaces/msg/robot_state.hpp
[5.695s] -- Symlinking: /home/yuxuan/astra_robot_control/skill/ros_ws/install/robot_interfaces/include/robot_interfaces/robot_interfaces/msg/rosidl_generator_cpp__visibility_control.hpp
[5.701s] -- Symlinking: /home/yuxuan/astra_robot_control/skill/ros_ws/install/robot_interfaces/include/robot_interfaces/robot_interfaces/action/detail/execute_step__rosidl_typesupport_fastrtps_cpp.hpp
[5.707s] -- Symlinking: /home/yuxuan/astra_robot_control/skill/ros_ws/install/robot_interfaces/include/robot_interfaces/robot_interfaces/msg/detail/robot_state__rosidl_typesupport_fastrtps_cpp.hpp
[5.712s] -- Symlinking: /home/yuxuan/astra_robot_control/skill/ros_ws/install/robot_interfaces/include/robot_interfaces/robot_interfaces/msg/rosidl_typesupport_fastrtps_cpp__visibility_control.h
[5.718s] -- Symlinking: /home/yuxuan/astra_robot_control/skill/ros_ws/install/robot_interfaces/include/robot_interfaces/robot_interfaces/action/detail/execute_step__rosidl_typesupport_introspection_cpp.hpp
[5.725s] -- Symlinking: /home/yuxuan/astra_robot_control/skill/ros_ws/install/robot_interfaces/include/robot_interfaces/robot_interfaces/msg/detail/robot_state__rosidl_typesupport_introspection_cpp.hpp
[5.731s] -- Symlinking: /home/yuxuan/astra_robot_control/skill/ros_ws/install/robot_interfaces/share/robot_interfaces/environment/pythonpath.sh
[5.738s] -- Symlinking: /home/yuxuan/astra_robot_control/skill/ros_ws/install/robot_interfaces/share/robot_interfaces/environment/pythonpath.dsv
[5.746s] -- Symlinking: /home/yuxuan/astra_robot_control/skill/ros_ws/install/robot_interfaces/lib/python3.12/site-packages/robot_interfaces-0.1.0-py3.12.egg-info/PKG-INFO
[5.753s] -- Symlinking: /home/yuxuan/astra_robot_control/skill/ros_ws/install/robot_interfaces/lib/python3.12/site-packages/robot_interfaces-0.1.0-py3.12.egg-info/SOURCES.txt
[5.759s] -- Symlinking: /home/yuxuan/astra_robot_control/skill/ros_ws/install/robot_interfaces/lib/python3.12/site-packages/robot_interfaces-0.1.0-py3.12.egg-info/dependency_links.txt
[5.765s] -- Symlinking: /home/yuxuan/astra_robot_control/skill/ros_ws/install/robot_interfaces/lib/python3.12/site-packages/robot_interfaces-0.1.0-py3.12.egg-info/top_level.txt
[5.771s] -- Symlinking: /home/yuxuan/astra_robot_control/skill/ros_ws/install/robot_interfaces/lib/python3.12/site-packages/robot_interfaces/__init__.py
[5.777s] -- Symlinking: /home/yuxuan/astra_robot_control/skill/ros_ws/install/robot_interfaces/lib/python3.12/site-packages/robot_interfaces/_robot_interfaces_s.ep.rosidl_typesupport_c.c
[5.783s] -- Symlinking: /home/yuxuan/astra_robot_control/skill/ros_ws/install/robot_interfaces/lib/python3.12/site-packages/robot_interfaces/_robot_interfaces_s.ep.rosidl_typesupport_fastrtps_c.c
[5.788s] -- Symlinking: /home/yuxuan/astra_robot_control/skill/ros_ws/install/robot_interfaces/lib/python3.12/site-packages/robot_interfaces/_robot_interfaces_s.ep.rosidl_typesupport_introspection_c.c
[5.794s] -- Symlinking: /home/yuxuan/astra_robot_control/skill/ros_ws/install/robot_interfaces/lib/python3.12/site-packages/robot_interfaces/action/__init__.py
[5.800s] -- Symlinking: /home/yuxuan/astra_robot_control/skill/ros_ws/install/robot_interfaces/lib/python3.12/site-packages/robot_interfaces/action/_execute_step.py
[5.806s] -- Symlinking: /home/yuxuan/astra_robot_control/skill/ros_ws/install/robot_interfaces/lib/python3.12/site-packages/robot_interfaces/action/_execute_step_s.c
[5.813s] -- Symlinking: /home/yuxuan/astra_robot_control/skill/ros_ws/install/robot_interfaces/lib/python3.12/site-packages/robot_interfaces/msg/__init__.py
[5.819s] -- Symlinking: /home/yuxuan/astra_robot_control/skill/ros_ws/install/robot_interfaces/lib/python3.12/site-packages/robot_interfaces/msg/_robot_state.py
[5.826s] -- Symlinking: /home/yuxuan/astra_robot_control/skill/ros_ws/install/robot_interfaces/lib/python3.12/site-packages/robot_interfaces/msg/_robot_state_s.c
[5.832s] -- Symlinking: /home/yuxuan/astra_robot_control/skill/ros_ws/install/robot_interfaces/lib/python3.12/site-packages/robot_interfaces/robot_interfaces_s__rosidl_typesupport_c.so
[5.837s] -- Symlinking: /home/yuxuan/astra_robot_control/skill/ros_ws/install/robot_interfaces/lib/python3.12/site-packages/robot_interfaces/robot_interfaces_s__rosidl_typesupport_fastrtps_c.so
[5.843s] -- Symlinking: /home/yuxuan/astra_robot_control/skill/ros_ws/install/robot_interfaces/lib/python3.12/site-packages/robot_interfaces/robot_interfaces_s__rosidl_typesupport_introspection_c.so
[5.849s] -- Up-to-date symlink: /home/yuxuan/astra_robot_control/skill/ros_ws/install/robot_interfaces/lib/python3.12/site-packages/robot_interfaces/robot_interfaces_s__rosidl_typesupport_fastrtps_c.so
[5.849s] -- Up-to-date symlink: /home/yuxuan/astra_robot_control/skill/ros_ws/install/robot_interfaces/lib/python3.12/site-packages/robot_interfaces/robot_interfaces_s__rosidl_typesupport_introspection_c.so
[5.850s] -- Up-to-date symlink: /home/yuxuan/astra_robot_control/skill/ros_ws/install/robot_interfaces/lib/python3.12/site-packages/robot_interfaces/robot_interfaces_s__rosidl_typesupport_c.so
[5.850s] -- Symlinking: /home/yuxuan/astra_robot_control/skill/ros_ws/install/robot_interfaces/share/ament_index/resource_index/rust_packages/robot_interfaces
[5.855s] -- Symlinking: /home/yuxuan/astra_robot_control/skill/ros_ws/install/robot_interfaces/share/robot_interfaces/rust/Cargo.toml
[5.861s] -- Symlinking: /home/yuxuan/astra_robot_control/skill/ros_ws/install/robot_interfaces/share/robot_interfaces/rust/build.rs
[5.867s] -- Symlinking: /home/yuxuan/astra_robot_control/skill/ros_ws/install/robot_interfaces/share/robot_interfaces/rust/src/action.rs
[5.872s] -- Symlinking: /home/yuxuan/astra_robot_control/skill/ros_ws/install/robot_interfaces/share/robot_interfaces/rust/src/action/rmw.rs
[5.878s] -- Symlinking: /home/yuxuan/astra_robot_control/skill/ros_ws/install/robot_interfaces/share/robot_interfaces/rust/src/lib.rs
[5.884s] -- Symlinking: /home/yuxuan/astra_robot_control/skill/ros_ws/install/robot_interfaces/share/robot_interfaces/rust/src/msg.rs
[5.890s] -- Symlinking: /home/yuxuan/astra_robot_control/skill/ros_ws/install/robot_interfaces/share/robot_interfaces/rust/src/msg/rmw.rs
[5.896s] -- Symlinking: /home/yuxuan/astra_robot_control/skill/ros_ws/install/robot_interfaces/share/robot_interfaces/msg/RobotState.idl
[5.902s] -- Symlinking: /home/yuxuan/astra_robot_control/skill/ros_ws/install/robot_interfaces/share/robot_interfaces/action/ExecuteStep.idl
[5.908s] -- Symlinking: /home/yuxuan/astra_robot_control/skill/ros_ws/install/robot_interfaces/share/robot_interfaces/msg/RobotState.msg
[5.914s] -- Symlinking: /home/yuxuan/astra_robot_control/skill/ros_ws/install/robot_interfaces/share/robot_interfaces/action/ExecuteStep.action
[5.921s] -- Symlinking: /home/yuxuan/astra_robot_control/skill/ros_ws/install/robot_interfaces/share/ament_index/resource_index/package_run_dependencies/robot_interfaces
[5.928s] -- Symlinking: /home/yuxuan/astra_robot_control/skill/ros_ws/install/robot_interfaces/share/ament_index/resource_index/parent_prefix_path/robot_interfaces
[5.935s] -- Symlinking: /home/yuxuan/astra_robot_control/skill/ros_ws/install/robot_interfaces/share/robot_interfaces/environment/ament_prefix_path.sh
[5.943s] -- Symlinking: /home/yuxuan/astra_robot_control/skill/ros_ws/install/robot_interfaces/share/robot_interfaces/environment/ament_prefix_path.dsv
[5.950s] -- Symlinking: /home/yuxuan/astra_robot_control/skill/ros_ws/install/robot_interfaces/share/robot_interfaces/environment/path.sh
[5.955s] -- Symlinking: /home/yuxuan/astra_robot_control/skill/ros_ws/install/robot_interfaces/share/robot_interfaces/environment/path.dsv
[5.963s] -- Symlinking: /home/yuxuan/astra_robot_control/skill/ros_ws/install/robot_interfaces/share/robot_interfaces/local_setup.bash
[5.970s] -- Symlinking: /home/yuxuan/astra_robot_control/skill/ros_ws/install/robot_interfaces/share/robot_interfaces/local_setup.sh
[5.976s] -- Symlinking: /home/yuxuan/astra_robot_control/skill/ros_ws/install/robot_interfaces/share/robot_interfaces/local_setup.zsh
[5.983s] -- Symlinking: /home/yuxuan/astra_robot_control/skill/ros_ws/install/robot_interfaces/share/robot_interfaces/local_setup.dsv
[5.990s] -- Symlinking: /home/yuxuan/astra_robot_control/skill/ros_ws/install/robot_interfaces/share/robot_interfaces/package.dsv
[5.995s] -- Symlinking: /home/yuxuan/astra_robot_control/skill/ros_ws/install/robot_interfaces/share/ament_index/resource_index/packages/robot_interfaces
[6.001s] -- Symlinking: /home/yuxuan/astra_robot_control/skill/ros_ws/install/robot_interfaces/share/robot_interfaces/cmake/rosidl_cmake-extras.cmake
[6.008s] -- Symlinking: /home/yuxuan/astra_robot_control/skill/ros_ws/install/robot_interfaces/share/robot_interfaces/cmake/ament_cmake_export_dependencies-extras.cmake
[6.014s] -- Symlinking: /home/yuxuan/astra_robot_control/skill/ros_ws/install/robot_interfaces/share/robot_interfaces/cmake/ament_cmake_export_include_directories-extras.cmake
[6.020s] -- Symlinking: /home/yuxuan/astra_robot_control/skill/ros_ws/install/robot_interfaces/share/robot_interfaces/cmake/ament_cmake_export_libraries-extras.cmake
[6.027s] -- Symlinking: /home/yuxuan/astra_robot_control/skill/ros_ws/install/robot_interfaces/share/robot_interfaces/cmake/ament_cmake_export_targets-extras.cmake
[6.037s] -- Symlinking: /home/yuxuan/astra_robot_control/skill/ros_ws/install/robot_interfaces/share/robot_interfaces/cmake/rosidl_cmake_export_typesupport_targets-extras.cmake
[6.043s] -- Symlinking: /home/yuxuan/astra_robot_control/skill/ros_ws/install/robot_interfaces/share/robot_interfaces/cmake/rosidl_cmake_export_typesupport_libraries-extras.cmake
[6.048s] -- Symlinking: /home/yuxuan/astra_robot_control/skill/ros_ws/install/robot_interfaces/share/robot_interfaces/cmake/rosidl_cmake_aggregate_target-extras.cmake
[6.055s] -- Symlinking: /home/yuxuan/astra_robot_control/skill/ros_ws/install/robot_interfaces/share/robot_interfaces/cmake/robot_interfacesConfig.cmake
[6.062s] -- Symlinking: /home/yuxuan/astra_robot_control/skill/ros_ws/install/robot_interfaces/share/robot_interfaces/cmake/robot_interfacesConfig-version.cmake
[6.068s] -- Symlinking: /home/yuxuan/astra_robot_control/skill/ros_ws/install/robot_interfaces/share/robot_interfaces/package.xml
[6.074s] -- Installing: /home/yuxuan/astra_robot_control/skill/ros_ws/install/robot_interfaces/lib/librobot_interfaces__rosidl_generator_c.so
[6.074s] -- Set non-toolchain portion of runtime path of "/home/yuxuan/astra_robot_control/skill/ros_ws/install/robot_interfaces/lib/librobot_interfaces__rosidl_generator_c.so" to ""
[6.074s] -- Installing: /home/yuxuan/astra_robot_control/skill/ros_ws/install/robot_interfaces/lib/librobot_interfaces__rosidl_typesupport_fastrtps_c.so
[6.074s] -- Set non-toolchain portion of runtime path of "/home/yuxuan/astra_robot_control/skill/ros_ws/install/robot_interfaces/lib/librobot_interfaces__rosidl_typesupport_fastrtps_c.so" to ""
[6.074s] -- Installing: /home/yuxuan/astra_robot_control/skill/ros_ws/install/robot_interfaces/lib/librobot_interfaces__rosidl_typesupport_introspection_c.so
[6.074s] -- Set non-toolchain portion of runtime path of "/home/yuxuan/astra_robot_control/skill/ros_ws/install/robot_interfaces/lib/librobot_interfaces__rosidl_typesupport_introspection_c.so" to ""
[6.075s] -- Installing: /home/yuxuan/astra_robot_control/skill/ros_ws/install/robot_interfaces/lib/librobot_interfaces__rosidl_typesupport_c.so
[6.075s] -- Set non-toolchain portion of runtime path of "/home/yuxuan/astra_robot_control/skill/ros_ws/install/robot_interfaces/lib/librobot_interfaces__rosidl_typesupport_c.so" to ""
[6.075s] -- Installing: /home/yuxuan/astra_robot_control/skill/ros_ws/install/robot_interfaces/lib/librobot_interfaces__rosidl_typesupport_fastrtps_cpp.so
[6.075s] -- Set non-toolchain portion of runtime path of "/home/yuxuan/astra_robot_control/skill/ros_ws/install/robot_interfaces/lib/librobot_interfaces__rosidl_typesupport_fastrtps_cpp.so" to ""
[6.075s] -- Installing: /home/yuxuan/astra_robot_control/skill/ros_ws/install/robot_interfaces/lib/librobot_interfaces__rosidl_typesupport_introspection_cpp.so
[6.076s] -- Set non-toolchain portion of runtime path of "/home/yuxuan/astra_robot_control/skill/ros_ws/install/robot_interfaces/lib/librobot_interfaces__rosidl_typesupport_introspection_cpp.so" to ""
[6.076s] -- Installing: /home/yuxuan/astra_robot_control/skill/ros_ws/install/robot_interfaces/lib/librobot_interfaces__rosidl_typesupport_cpp.so
[6.076s] -- Set non-toolchain portion of runtime path of "/home/yuxuan/astra_robot_control/skill/ros_ws/install/robot_interfaces/lib/librobot_interfaces__rosidl_typesupport_cpp.so" to ""
[6.114s] Listing '/home/yuxuan/astra_robot_control/skill/ros_ws/install/robot_interfaces/lib/python3.12/site-packages/robot_interfaces'...
[6.114s] Compiling '/home/yuxuan/astra_robot_control/skill/ros_ws/install/robot_interfaces/lib/python3.12/site-packages/robot_interfaces/__init__.py'...
[6.114s] Listing '/home/yuxuan/astra_robot_control/skill/ros_ws/install/robot_interfaces/lib/python3.12/site-packages/robot_interfaces/action'...
[6.114s] Compiling '/home/yuxuan/astra_robot_control/skill/ros_ws/install/robot_interfaces/lib/python3.12/site-packages/robot_interfaces/action/__init__.py'...
[6.114s] Compiling '/home/yuxuan/astra_robot_control/skill/ros_ws/install/robot_interfaces/lib/python3.12/site-packages/robot_interfaces/action/_execute_step.py'...
[6.114s] Listing '/home/yuxuan/astra_robot_control/skill/ros_ws/install/robot_interfaces/lib/python3.12/site-packages/robot_interfaces/msg'...
[6.114s] Compiling '/home/yuxuan/astra_robot_control/skill/ros_ws/install/robot_interfaces/lib/python3.12/site-packages/robot_interfaces/msg/__init__.py'...
[6.114s] Compiling '/home/yuxuan/astra_robot_control/skill/ros_ws/install/robot_interfaces/lib/python3.12/site-packages/robot_interfaces/msg/_robot_state.py'...
[6.121s] -- Installing: /home/yuxuan/astra_robot_control/skill/ros_ws/install/robot_interfaces/lib/librobot_interfaces__rosidl_generator_py.so
[6.121s] -- Set non-toolchain portion of runtime path of "/home/yuxuan/astra_robot_control/skill/ros_ws/install/robot_interfaces/lib/librobot_interfaces__rosidl_generator_py.so" to ""
[6.121s] -- Installing: /home/yuxuan/astra_robot_control/skill/ros_ws/install/robot_interfaces/share/robot_interfaces/cmake/export_robot_interfaces__rosidl_generator_cExport.cmake
[6.121s] -- Installing: /home/yuxuan/astra_robot_control/skill/ros_ws/install/robot_interfaces/share/robot_interfaces/cmake/export_robot_interfaces__rosidl_generator_cExport-noconfig.cmake
[6.121s] -- Installing: /home/yuxuan/astra_robot_control/skill/ros_ws/install/robot_interfaces/share/robot_interfaces/cmake/export_robot_interfaces__rosidl_typesupport_fastrtps_cExport.cmake
[6.121s] -- Installing: /home/yuxuan/astra_robot_control/skill/ros_ws/install/robot_interfaces/share/robot_interfaces/cmake/export_robot_interfaces__rosidl_typesupport_fastrtps_cExport-noconfig.cmake
[6.121s] -- Installing: /home/yuxuan/astra_robot_control/skill/ros_ws/install/robot_interfaces/share/robot_interfaces/cmake/robot_interfaces__rosidl_typesupport_introspection_cExport.cmake
[6.121s] -- Installing: /home/yuxuan/astra_robot_control/skill/ros_ws/install/robot_interfaces/share/robot_interfaces/cmake/robot_interfaces__rosidl_typesupport_introspection_cExport-noconfig.cmake
[6.122s] -- Installing: /home/yuxuan/astra_robot_control/skill/ros_ws/install/robot_interfaces/share/robot_interfaces/cmake/robot_interfaces__rosidl_typesupport_cExport.cmake
[6.122s] -- Installing: /home/yuxuan/astra_robot_control/skill/ros_ws/install/robot_interfaces/share/robot_interfaces/cmake/robot_interfaces__rosidl_typesupport_cExport-noconfig.cmake
[6.122s] -- Installing: /home/yuxuan/astra_robot_control/skill/ros_ws/install/robot_interfaces/share/robot_interfaces/cmake/export_robot_interfaces__rosidl_generator_cppExport.cmake
[6.122s] -- Installing: /home/yuxuan/astra_robot_control/skill/ros_ws/install/robot_interfaces/share/robot_interfaces/cmake/export_robot_interfaces__rosidl_typesupport_fastrtps_cppExport.cmake
[6.122s] -- Installing: /home/yuxuan/astra_robot_control/skill/ros_ws/install/robot_interfaces/share/robot_interfaces/cmake/export_robot_interfaces__rosidl_typesupport_fastrtps_cppExport-noconfig.cmake
[6.122s] -- Installing: /home/yuxuan/astra_robot_control/skill/ros_ws/install/robot_interfaces/share/robot_interfaces/cmake/robot_interfaces__rosidl_typesupport_introspection_cppExport.cmake
[6.122s] -- Installing: /home/yuxuan/astra_robot_control/skill/ros_ws/install/robot_interfaces/share/robot_interfaces/cmake/robot_interfaces__rosidl_typesupport_introspection_cppExport-noconfig.cmake
[6.122s] -- Installing: /home/yuxuan/astra_robot_control/skill/ros_ws/install/robot_interfaces/share/robot_interfaces/cmake/robot_interfaces__rosidl_typesupport_cppExport.cmake
[6.122s] -- Installing: /home/yuxuan/astra_robot_control/skill/ros_ws/install/robot_interfaces/share/robot_interfaces/cmake/robot_interfaces__rosidl_typesupport_cppExport-noconfig.cmake
[6.122s] -- Installing: /home/yuxuan/astra_robot_control/skill/ros_ws/install/robot_interfaces/share/robot_interfaces/cmake/export_robot_interfaces__rosidl_generator_pyExport.cmake
[6.122s] -- Installing: /home/yuxuan/astra_robot_control/skill/ros_ws/install/robot_interfaces/share/robot_interfaces/cmake/export_robot_interfaces__rosidl_generator_pyExport-noconfig.cmake
[6.124s] Invoked command in '/home/yuxuan/astra_robot_control/skill/ros_ws/build/robot_interfaces' returned '0': CMAKE_PREFIX_PATH=${CMAKE_PREFIX_PATH}:/opt/ros/jazzy DEBUGINFOD_URLS=https://debuginfod.ubuntu.com /usr/bin/cmake --install /home/yuxuan/astra_robot_control/skill/ros_ws/build/robot_interfaces
