running develop
running egg_info
creating insight_camera.egg-info
writing insight_camera.egg-info/PKG-INFO
writing dependency_links to insight_camera.egg-info/dependency_links.txt
writing entry points to insight_camera.egg-info/entry_points.txt
writing requirements to insight_camera.egg-info/requires.txt
writing top-level names to insight_camera.egg-info/top_level.txt
writing manifest file 'insight_camera.egg-info/SOURCES.txt'
reading manifest file 'insight_camera.egg-info/SOURCES.txt'
writing manifest file 'insight_camera.egg-info/SOURCES.txt'
running build_ext
Creating /home/yuxuan/astra_robot_control/skill/ros_ws/install/insight_camera/lib/python3.12/site-packages/insight-camera.egg-link (link to .)
Installing observation_node script to /home/yuxuan/astra_robot_control/skill/ros_ws/install/insight_camera/lib/insight_camera

Installed /home/yuxuan/astra_robot_control/skill/ros_ws/build/insight_camera
running symlink_data
creating /home/yuxuan/astra_robot_control/skill/ros_ws/install/insight_camera/share/ament_index
creating /home/yuxuan/astra_robot_control/skill/ros_ws/install/insight_camera/share/ament_index/resource_index
creating /home/yuxuan/astra_robot_control/skill/ros_ws/install/insight_camera/share/ament_index/resource_index/packages
symbolically linking /home/yuxuan/astra_robot_control/skill/ros_ws/build/insight_camera/resource/insight_camera -> /home/yuxuan/astra_robot_control/skill/ros_ws/install/insight_camera/share/ament_index/resource_index/packages
symbolically linking /home/yuxuan/astra_robot_control/skill/ros_ws/build/insight_camera/package.xml -> /home/yuxuan/astra_robot_control/skill/ros_ws/install/insight_camera/share/insight_camera
symbolically linking /home/yuxuan/astra_robot_control/skill/ros_ws/build/insight_camera/README.md -> /home/yuxuan/astra_robot_control/skill/ros_ws/install/insight_camera/share/insight_camera
creating /home/yuxuan/astra_robot_control/skill/ros_ws/install/insight_camera/share/insight_camera/launch
symbolically linking /home/yuxuan/astra_robot_control/skill/ros_ws/build/insight_camera/launch/camera.launch.py -> /home/yuxuan/astra_robot_control/skill/ros_ws/install/insight_camera/share/insight_camera/launch
creating /home/yuxuan/astra_robot_control/skill/ros_ws/install/insight_camera/share/insight_camera/config
symbolically linking /home/yuxuan/astra_robot_control/skill/ros_ws/build/insight_camera/config/camera.yaml -> /home/yuxuan/astra_robot_control/skill/ros_ws/install/insight_camera/share/insight_camera/config
