[0.793s] Invoking command in '/home/yuxuan/astra_robot_control/skill/ros_ws/build/insight_camera': DEBUGINFOD_URLS=https://debuginfod.ubuntu.com PYTHONPATH=/home/yuxuan/astra_robot_control/skill/ros_ws/build/insight_camera/prefix_override:/usr/lib/python3/dist-packages/colcon_core/task/python/colcon_distutils_commands:/home/yuxuan/astra_robot_control/skill/ros_ws/install/insight_camera/lib/python3.12/site-packages:${PYTHONPATH} /usr/bin/python3 -W ignore:setup.py install is deprecated -W ignore:easy_install command is deprecated setup.py develop --editable --build-directory /home/yuxuan/astra_robot_control/skill/ros_ws/build/insight_camera/build --no-deps symlink_data
[1.003s] running develop
[1.130s] running egg_info
[1.130s] creating insight_camera.egg-info
[1.144s] writing insight_camera.egg-info/PKG-INFO
[1.144s] writing dependency_links to insight_camera.egg-info/dependency_links.txt
[1.144s] writing entry points to insight_camera.egg-info/entry_points.txt
[1.144s] writing requirements to insight_camera.egg-info/requires.txt
[1.144s] writing top-level names to insight_camera.egg-info/top_level.txt
[1.144s] writing manifest file 'insight_camera.egg-info/SOURCES.txt'
[1.168s] reading manifest file 'insight_camera.egg-info/SOURCES.txt'
[1.168s] writing manifest file 'insight_camera.egg-info/SOURCES.txt'
[1.182s] running build_ext
[1.182s] Creating /home/yuxuan/astra_robot_control/skill/ros_ws/install/insight_camera/lib/python3.12/site-packages/insight-camera.egg-link (link to .)
[1.183s] Installing observation_node script to /home/yuxuan/astra_robot_control/skill/ros_ws/install/insight_camera/lib/insight_camera
[1.183s] 
[1.183s] Installed /home/yuxuan/astra_robot_control/skill/ros_ws/build/insight_camera
[1.183s] running symlink_data
[1.183s] creating /home/yuxuan/astra_robot_control/skill/ros_ws/install/insight_camera/share/ament_index
[1.183s] creating /home/yuxuan/astra_robot_control/skill/ros_ws/install/insight_camera/share/ament_index/resource_index
[1.183s] creating /home/yuxuan/astra_robot_control/skill/ros_ws/install/insight_camera/share/ament_index/resource_index/packages
[1.183s] symbolically linking /home/yuxuan/astra_robot_control/skill/ros_ws/build/insight_camera/resource/insight_camera -> /home/yuxuan/astra_robot_control/skill/ros_ws/install/insight_camera/share/ament_index/resource_index/packages
[1.183s] symbolically linking /home/yuxuan/astra_robot_control/skill/ros_ws/build/insight_camera/package.xml -> /home/yuxuan/astra_robot_control/skill/ros_ws/install/insight_camera/share/insight_camera
[1.183s] symbolically linking /home/yuxuan/astra_robot_control/skill/ros_ws/build/insight_camera/README.md -> /home/yuxuan/astra_robot_control/skill/ros_ws/install/insight_camera/share/insight_camera
[1.183s] creating /home/yuxuan/astra_robot_control/skill/ros_ws/install/insight_camera/share/insight_camera/launch
[1.183s] symbolically linking /home/yuxuan/astra_robot_control/skill/ros_ws/build/insight_camera/launch/camera.launch.py -> /home/yuxuan/astra_robot_control/skill/ros_ws/install/insight_camera/share/insight_camera/launch
[1.183s] creating /home/yuxuan/astra_robot_control/skill/ros_ws/install/insight_camera/share/insight_camera/config
[1.183s] symbolically linking /home/yuxuan/astra_robot_control/skill/ros_ws/build/insight_camera/config/camera.yaml -> /home/yuxuan/astra_robot_control/skill/ros_ws/install/insight_camera/share/insight_camera/config
[1.234s] Invoked command in '/home/yuxuan/astra_robot_control/skill/ros_ws/build/insight_camera' returned '0': DEBUGINFOD_URLS=https://debuginfod.ubuntu.com PYTHONPATH=/home/yuxuan/astra_robot_control/skill/ros_ws/build/insight_camera/prefix_override:/usr/lib/python3/dist-packages/colcon_core/task/python/colcon_distutils_commands:/home/yuxuan/astra_robot_control/skill/ros_ws/install/insight_camera/lib/python3.12/site-packages:${PYTHONPATH} /usr/bin/python3 -W ignore:setup.py install is deprecated -W ignore:easy_install command is deprecated setup.py develop --editable --build-directory /home/yuxuan/astra_robot_control/skill/ros_ws/build/insight_camera/build --no-deps symlink_data
