[0.011s] Invoking command in '/home/yuxuan/astra_robot_control/skill/ros_ws/build/robot_interfaces': CMAKE_PREFIX_PATH=${CMAKE_PREFIX_PATH}:/opt/ros/jazzy DEBUGINFOD_URLS=https://debuginfod.ubuntu.com /usr/bin/cmake --build /home/yuxuan/astra_robot_control/skill/ros_ws/build/robot_interfaces -- -j20 -l20
[0.052s] -- Found ament_cmake: 2.5.6 (/opt/ros/jazzy/share/ament_cmake/cmake)
[0.140s] -- Override CMake install command with custom implementation using symlinks instead of copying resources
[0.152s] -- Found rosidl_default_generators: 1.6.1 (/opt/ros/jazzy/share/rosidl_default_generators/cmake)
[0.154s] -- Using all available rosidl_typesupport_c: rosidl_typesupport_fastrtps_c;rosidl_typesupport_introspection_c
[0.194s] -- Using all available rosidl_typesupport_cpp: rosidl_typesupport_fastrtps_cpp;rosidl_typesupport_introspection_cpp
[0.255s] -- Found rosidl_adapter: 4.6.9 (/opt/ros/jazzy/share/rosidl_adapter/cmake)
[0.261s] -- Found std_msgs: 5.3.8 (/opt/ros/jazzy/share/std_msgs/cmake)
[0.307s] -- Found geometry_msgs: 5.3.8 (/opt/ros/jazzy/share/geometry_msgs/cmake)
[0.664s] -- Found ament_cmake_ros: 0.12.1 (/opt/ros/jazzy/share/ament_cmake_ros/cmake)
[0.817s] -- Using all available rosidl_typesupport_c: rosidl_typesupport_fastrtps_c;rosidl_typesupport_introspection_c
[0.975s] -- Using all available rosidl_typesupport_cpp: rosidl_typesupport_fastrtps_cpp;rosidl_typesupport_introspection_cpp
[0.976s] -- Found python_cmake_module: 0.11.1 (/opt/ros/jazzy/share/python_cmake_module/cmake)
[1.309s] -- Found Python3: /usr/bin/python3 (found version "3.12.3") found components: Interpreter Development NumPy Development.Module Development.Embed 
[1.374s] -- Found Python3: /usr/bin/python3 (found version "3.12.3") found components: Interpreter 
[1.384s] -- Configuring done (1.3s)
[1.423s] -- Generating done (0.0s)
[1.433s] -- Build files have been written to: /home/yuxuan/astra_robot_control/skill/ros_ws/build/robot_interfaces
[1.467s] [  4%] Generating type hashes for ROS interfaces
[1.467s] [  4%] Generating Rust code for ROS interfaces
[1.475s] [  4%] Built target ament_cmake_python_symlink_robot_interfaces
[1.640s] running egg_info
[1.653s] writing robot_interfaces.egg-info/PKG-INFO
[1.654s] writing dependency_links to robot_interfaces.egg-info/dependency_links.txt
[1.654s] writing top-level names to robot_interfaces.egg-info/top_level.txt
[1.692s] reading manifest file 'robot_interfaces.egg-info/SOURCES.txt'
[1.693s] writing manifest file 'robot_interfaces.egg-info/SOURCES.txt'
[1.705s] [  4%] Built target robot_interfaces__rosidl_generator_type_description
[1.716s] [  6%] Built target ament_cmake_python_build_robot_interfaces_egg
[1.716s] [  6%] Generating C code for ROS interfaces
[1.725s] [  8%] Generating C++ code for ROS interfaces
[1.732s] [  8%] Built target robot_interfaces__rs
[2.057s] [  8%] Built target robot_interfaces__cpp
[2.085s] [ 20%] Building C object CMakeFiles/robot_interfaces__rosidl_generator_c.dir/rosidl_generator_c/robot_interfaces/action/detail/execute_step__description.c.o
[2.085s] [ 20%] Building C object CMakeFiles/robot_interfaces__rosidl_generator_c.dir/rosidl_generator_c/robot_interfaces/action/detail/execute_step__functions.c.o
[2.085s] [ 20%] Building C object CMakeFiles/robot_interfaces__rosidl_generator_c.dir/rosidl_generator_c/robot_interfaces/msg/detail/robot_state__description.c.o
[2.085s] [ 20%] Building C object CMakeFiles/robot_interfaces__rosidl_generator_c.dir/rosidl_generator_c/robot_interfaces/msg/detail/robot_state__functions.c.o
[2.085s] [ 20%] Building C object CMakeFiles/robot_interfaces__rosidl_generator_c.dir/rosidl_generator_c/robot_interfaces/msg/detail/robot_state__type_support.c.o
[2.085s] [ 22%] Building C object CMakeFiles/robot_interfaces__rosidl_generator_c.dir/rosidl_generator_c/robot_interfaces/action/detail/execute_step__type_support.c.o
[2.216s] [ 24%] Linking C shared library librobot_interfaces__rosidl_generator_c.so
[2.261s] [ 24%] Built target robot_interfaces__rosidl_generator_c
[2.273s] [ 37%] Generating C type support dispatch for ROS interfaces
[2.273s] [ 37%] Generating C introspection for ROS interfaces
[2.273s] [ 37%] Generating C++ introspection for ROS interfaces
[2.273s] [ 37%] Generating C++ type support dispatch for ROS interfaces
[2.273s] [ 37%] Generating C++ type support for eProsima Fast-RTPS
[2.273s] [ 37%] Generating C type support for eProsima Fast-RTPS
[2.652s] [ 42%] Building CXX object CMakeFiles/robot_interfaces__rosidl_typesupport_c.dir/rosidl_typesupport_c/robot_interfaces/msg/robot_state__type_support.cpp.o
[2.652s] [ 42%] Building CXX object CMakeFiles/robot_interfaces__rosidl_typesupport_c.dir/rosidl_typesupport_c/robot_interfaces/action/execute_step__type_support.cpp.o
[2.654s] [ 44%] Building CXX object CMakeFiles/robot_interfaces__rosidl_typesupport_cpp.dir/rosidl_typesupport_cpp/robot_interfaces/msg/robot_state__type_support.cpp.o
[2.654s] [ 46%] Building CXX object CMakeFiles/robot_interfaces__rosidl_typesupport_cpp.dir/rosidl_typesupport_cpp/robot_interfaces/action/execute_step__type_support.cpp.o
[2.713s] [ 51%] Building C object CMakeFiles/robot_interfaces__rosidl_typesupport_introspection_c.dir/rosidl_typesupport_introspection_c/robot_interfaces/action/detail/execute_step__type_support.c.o
[2.713s] [ 51%] Building C object CMakeFiles/robot_interfaces__rosidl_typesupport_introspection_c.dir/rosidl_typesupport_introspection_c/robot_interfaces/msg/detail/robot_state__type_support.c.o
[2.713s] [ 53%] Building CXX object CMakeFiles/robot_interfaces__rosidl_typesupport_introspection_cpp.dir/rosidl_typesupport_introspection_cpp/robot_interfaces/msg/detail/robot_state__type_support.cpp.o
[2.713s] [ 55%] Building CXX object CMakeFiles/robot_interfaces__rosidl_typesupport_introspection_cpp.dir/rosidl_typesupport_introspection_cpp/robot_interfaces/action/detail/execute_step__type_support.cpp.o
[2.717s] [ 57%] Linking CXX shared library librobot_interfaces__rosidl_typesupport_c.so
[2.768s] [ 57%] Built target robot_interfaces__rosidl_typesupport_c
[2.787s] [ 60%] Linking C shared library librobot_interfaces__rosidl_typesupport_introspection_c.so
[2.829s] [ 60%] Built target robot_interfaces__rosidl_typesupport_introspection_c
[2.833s] [ 62%] Building CXX object CMakeFiles/robot_interfaces__rosidl_typesupport_fastrtps_cpp.dir/rosidl_typesupport_fastrtps_cpp/robot_interfaces/msg/detail/dds_fastrtps/robot_state__type_support.cpp.o
[2.833s] [ 64%] Building CXX object CMakeFiles/robot_interfaces__rosidl_typesupport_fastrtps_cpp.dir/rosidl_typesupport_fastrtps_cpp/robot_interfaces/action/detail/dds_fastrtps/execute_step__type_support.cpp.o
[2.858s] [ 66%] Building CXX object CMakeFiles/robot_interfaces__rosidl_typesupport_fastrtps_c.dir/rosidl_typesupport_fastrtps_c/robot_interfaces/msg/detail/robot_state__type_support_c.cpp.o
[2.858s] [ 68%] Building CXX object CMakeFiles/robot_interfaces__rosidl_typesupport_fastrtps_c.dir/rosidl_typesupport_fastrtps_c/robot_interfaces/action/detail/execute_step__type_support_c.cpp.o
[3.345s] [ 71%] Linking CXX shared library librobot_interfaces__rosidl_typesupport_cpp.so
[3.426s] [ 73%] Linking CXX shared library librobot_interfaces__rosidl_typesupport_fastrtps_c.so
[3.435s] [ 73%] Built target robot_interfaces__rosidl_typesupport_cpp
[3.504s] [ 75%] Linking CXX shared library librobot_interfaces__rosidl_typesupport_introspection_cpp.so
[3.512s] [ 75%] Built target robot_interfaces__rosidl_typesupport_fastrtps_c
[3.591s] [ 75%] Built target robot_interfaces__rosidl_typesupport_introspection_cpp
[3.768s] [ 77%] Linking CXX shared library librobot_interfaces__rosidl_typesupport_fastrtps_cpp.so
[3.831s] [ 77%] Built target robot_interfaces__rosidl_typesupport_fastrtps_cpp
[3.848s] [ 77%] Built target robot_interfaces
[3.867s] [ 80%] Generating Python code for ROS interfaces
[4.483s] [ 80%] Built target robot_interfaces__py
[4.504s] [ 84%] Building C object CMakeFiles/robot_interfaces__rosidl_generator_py.dir/rosidl_generator_py/robot_interfaces/msg/_robot_state_s.c.o
[4.504s] [ 84%] Building C object CMakeFiles/robot_interfaces__rosidl_generator_py.dir/rosidl_generator_py/robot_interfaces/action/_execute_step_s.c.o
[4.664s] [ 86%] Linking C shared library librobot_interfaces__rosidl_generator_py.so
[4.702s] [ 86%] Built target robot_interfaces__rosidl_generator_py
[4.723s] [ 93%] Building C object CMakeFiles/robot_interfaces_s__rosidl_typesupport_fastrtps_c.dir/rosidl_generator_py/robot_interfaces/_robot_interfaces_s.ep.rosidl_typesupport_fastrtps_c.c.o
[4.723s] [ 93%] Building C object CMakeFiles/robot_interfaces_s__rosidl_typesupport_introspection_c.dir/rosidl_generator_py/robot_interfaces/_robot_interfaces_s.ep.rosidl_typesupport_introspection_c.c.o
[4.723s] [ 93%] Building C object CMakeFiles/robot_interfaces_s__rosidl_typesupport_c.dir/rosidl_generator_py/robot_interfaces/_robot_interfaces_s.ep.rosidl_typesupport_c.c.o
[4.819s] [100%] Linking C shared module rosidl_generator_py/robot_interfaces/robot_interfaces_s__rosidl_typesupport_introspection_c.so
[4.819s] [100%] Linking C shared module rosidl_generator_py/robot_interfaces/robot_interfaces_s__rosidl_typesupport_c.so
[4.819s] [100%] Linking C shared module rosidl_generator_py/robot_interfaces/robot_interfaces_s__rosidl_typesupport_fastrtps_c.so
[4.849s] [100%] Built target robot_interfaces_s__rosidl_typesupport_introspection_c
[4.849s] [100%] Built target robot_interfaces_s__rosidl_typesupport_fastrtps_c
[4.849s] [100%] Built target robot_interfaces_s__rosidl_typesupport_c
[4.859s] Invoked command in '/home/yuxuan/astra_robot_control/skill/ros_ws/build/robot_interfaces' returned '0': CMAKE_PREFIX_PATH=${CMAKE_PREFIX_PATH}:/opt/ros/jazzy DEBUGINFOD_URLS=https://debuginfod.ubuntu.com /usr/bin/cmake --build /home/yuxuan/astra_robot_control/skill/ros_ws/build/robot_interfaces -- -j20 -l20
[4.868s] Invoking command in '/home/yuxuan/astra_robot_control/skill/ros_ws/build/robot_interfaces': CMAKE_PREFIX_PATH=${CMAKE_PREFIX_PATH}:/opt/ros/jazzy DEBUGINFOD_URLS=https://debuginfod.ubuntu.com /usr/bin/cmake --install /home/yuxuan/astra_robot_control/skill/ros_ws/build/robot_interfaces
[4.876s] -- Install configuration: ""
[4.876s] -- Execute custom install script
[4.877s] -- Up-to-date symlink: /home/yuxuan/astra_robot_control/skill/ros_ws/install/robot_interfaces/share/ament_index/resource_index/rosidl_interfaces/robot_interfaces
[4.877s] -- Up-to-date symlink: /home/yuxuan/astra_robot_control/skill/ros_ws/install/robot_interfaces/share/robot_interfaces/msg/RobotState.json
[4.877s] -- Up-to-date symlink: /home/yuxuan/astra_robot_control/skill/ros_ws/install/robot_interfaces/share/robot_interfaces/action/ExecuteStep.json
[4.877s] -- Up-to-date symlink: /home/yuxuan/astra_robot_control/skill/ros_ws/install/robot_interfaces/include/robot_interfaces/robot_interfaces/action/detail/execute_step__functions.h
[4.877s] -- Up-to-date symlink: /home/yuxuan/astra_robot_control/skill/ros_ws/install/robot_interfaces/include/robot_interfaces/robot_interfaces/action/detail/execute_step__struct.h
[4.877s] -- Up-to-date symlink: /home/yuxuan/astra_robot_control/skill/ros_ws/install/robot_interfaces/include/robot_interfaces/robot_interfaces/action/detail/execute_step__type_support.h
[4.877s] -- Up-to-date symlink: /home/yuxuan/astra_robot_control/skill/ros_ws/install/robot_interfaces/include/robot_interfaces/robot_interfaces/action/execute_step.h
[4.877s] -- Up-to-date symlink: /home/yuxuan/astra_robot_control/skill/ros_ws/install/robot_interfaces/include/robot_interfaces/robot_interfaces/msg/detail/robot_state__functions.h
[4.877s] -- Up-to-date symlink: /home/yuxuan/astra_robot_control/skill/ros_ws/install/robot_interfaces/include/robot_interfaces/robot_interfaces/msg/detail/robot_state__struct.h
[4.877s] -- Up-to-date symlink: /home/yuxuan/astra_robot_control/skill/ros_ws/install/robot_interfaces/include/robot_interfaces/robot_interfaces/msg/detail/robot_state__type_support.h
[4.878s] -- Up-to-date symlink: /home/yuxuan/astra_robot_control/skill/ros_ws/install/robot_interfaces/include/robot_interfaces/robot_interfaces/msg/robot_state.h
[4.878s] -- Up-to-date symlink: /home/yuxuan/astra_robot_control/skill/ros_ws/install/robot_interfaces/include/robot_interfaces/robot_interfaces/msg/rosidl_generator_c__visibility_control.h
[4.878s] -- Up-to-date symlink: /home/yuxuan/astra_robot_control/skill/ros_ws/install/robot_interfaces/share/robot_interfaces/environment/library_path.sh
[4.878s] -- Up-to-date symlink: /home/yuxuan/astra_robot_control/skill/ros_ws/install/robot_interfaces/share/robot_interfaces/environment/library_path.dsv
[4.878s] -- Up-to-date symlink: /home/yuxuan/astra_robot_control/skill/ros_ws/install/robot_interfaces/include/robot_interfaces/robot_interfaces/action/detail/execute_step__rosidl_typesupport_fastrtps_c.h
[4.878s] -- Up-to-date symlink: /home/yuxuan/astra_robot_control/skill/ros_ws/install/robot_interfaces/include/robot_interfaces/robot_interfaces/msg/detail/robot_state__rosidl_typesupport_fastrtps_c.h
[4.878s] -- Up-to-date symlink: /home/yuxuan/astra_robot_control/skill/ros_ws/install/robot_interfaces/include/robot_interfaces/robot_interfaces/msg/rosidl_typesupport_fastrtps_c__visibility_control.h
[4.878s] -- Up-to-date symlink: /home/yuxuan/astra_robot_control/skill/ros_ws/install/robot_interfaces/include/robot_interfaces/robot_interfaces/action/detail/execute_step__rosidl_typesupport_introspection_c.h
[4.879s] -- Up-to-date symlink: /home/yuxuan/astra_robot_control/skill/ros_ws/install/robot_interfaces/include/robot_interfaces/robot_interfaces/msg/detail/robot_state__rosidl_typesupport_introspection_c.h
[4.879s] -- Up-to-date symlink: /home/yuxuan/astra_robot_control/skill/ros_ws/install/robot_interfaces/include/robot_interfaces/robot_interfaces/msg/rosidl_typesupport_introspection_c__visibility_control.h
[4.879s] -- Up-to-date symlink: /home/yuxuan/astra_robot_control/skill/ros_ws/install/robot_interfaces/include/robot_interfaces/robot_interfaces/action/detail/execute_step__builder.hpp
[4.879s] -- Up-to-date symlink: /home/yuxuan/astra_robot_control/skill/ros_ws/install/robot_interfaces/include/robot_interfaces/robot_interfaces/action/detail/execute_step__struct.hpp
[4.879s] -- Up-to-date symlink: /home/yuxuan/astra_robot_control/skill/ros_ws/install/robot_interfaces/include/robot_interfaces/robot_interfaces/action/detail/execute_step__traits.hpp
[4.879s] -- Up-to-date symlink: /home/yuxuan/astra_robot_control/skill/ros_ws/install/robot_interfaces/include/robot_interfaces/robot_interfaces/action/detail/execute_step__type_support.hpp
[4.879s] -- Up-to-date symlink: /home/yuxuan/astra_robot_control/skill/ros_ws/install/robot_interfaces/include/robot_interfaces/robot_interfaces/action/execute_step.hpp
[4.879s] -- Up-to-date symlink: /home/yuxuan/astra_robot_control/skill/ros_ws/install/robot_interfaces/include/robot_interfaces/robot_interfaces/msg/detail/robot_state__builder.hpp
[4.879s] -- Up-to-date symlink: /home/yuxuan/astra_robot_control/skill/ros_ws/install/robot_interfaces/include/robot_interfaces/robot_interfaces/msg/detail/robot_state__struct.hpp
[4.880s] -- Up-to-date symlink: /home/yuxuan/astra_robot_control/skill/ros_ws/install/robot_interfaces/include/robot_interfaces/robot_interfaces/msg/detail/robot_state__traits.hpp
[4.880s] -- Up-to-date symlink: /home/yuxuan/astra_robot_control/skill/ros_ws/install/robot_interfaces/include/robot_interfaces/robot_interfaces/msg/detail/robot_state__type_support.hpp
[4.880s] -- Up-to-date symlink: /home/yuxuan/astra_robot_control/skill/ros_ws/install/robot_interfaces/include/robot_interfaces/robot_interfaces/msg/robot_state.hpp
[4.880s] -- Up-to-date symlink: /home/yuxuan/astra_robot_control/skill/ros_ws/install/robot_interfaces/include/robot_interfaces/robot_interfaces/msg/rosidl_generator_cpp__visibility_control.hpp
[4.880s] -- Up-to-date symlink: /home/yuxuan/astra_robot_control/skill/ros_ws/install/robot_interfaces/include/robot_interfaces/robot_interfaces/action/detail/execute_step__rosidl_typesupport_fastrtps_cpp.hpp
[4.880s] -- Up-to-date symlink: /home/yuxuan/astra_robot_control/skill/ros_ws/install/robot_interfaces/include/robot_interfaces/robot_interfaces/msg/detail/robot_state__rosidl_typesupport_fastrtps_cpp.hpp
[4.880s] -- Up-to-date symlink: /home/yuxuan/astra_robot_control/skill/ros_ws/install/robot_interfaces/include/robot_interfaces/robot_interfaces/msg/rosidl_typesupport_fastrtps_cpp__visibility_control.h
[4.881s] -- Up-to-date symlink: /home/yuxuan/astra_robot_control/skill/ros_ws/install/robot_interfaces/include/robot_interfaces/robot_interfaces/action/detail/execute_step__rosidl_typesupport_introspection_cpp.hpp
[4.881s] -- Up-to-date symlink: /home/yuxuan/astra_robot_control/skill/ros_ws/install/robot_interfaces/include/robot_interfaces/robot_interfaces/msg/detail/robot_state__rosidl_typesupport_introspection_cpp.hpp
[4.881s] -- Up-to-date symlink: /home/yuxuan/astra_robot_control/skill/ros_ws/install/robot_interfaces/share/robot_interfaces/environment/pythonpath.sh
[4.881s] -- Up-to-date symlink: /home/yuxuan/astra_robot_control/skill/ros_ws/install/robot_interfaces/share/robot_interfaces/environment/pythonpath.dsv
[4.881s] -- Up-to-date symlink: /home/yuxuan/astra_robot_control/skill/ros_ws/install/robot_interfaces/lib/python3.12/site-packages/robot_interfaces-0.1.0-py3.12.egg-info/PKG-INFO
[4.881s] -- Up-to-date symlink: /home/yuxuan/astra_robot_control/skill/ros_ws/install/robot_interfaces/lib/python3.12/site-packages/robot_interfaces-0.1.0-py3.12.egg-info/SOURCES.txt
[4.881s] -- Up-to-date symlink: /home/yuxuan/astra_robot_control/skill/ros_ws/install/robot_interfaces/lib/python3.12/site-packages/robot_interfaces-0.1.0-py3.12.egg-info/dependency_links.txt
[4.881s] -- Up-to-date symlink: /home/yuxuan/astra_robot_control/skill/ros_ws/install/robot_interfaces/lib/python3.12/site-packages/robot_interfaces-0.1.0-py3.12.egg-info/top_level.txt
[4.882s] -- Up-to-date symlink: /home/yuxuan/astra_robot_control/skill/ros_ws/install/robot_interfaces/lib/python3.12/site-packages/robot_interfaces/__init__.py
[4.882s] -- Up-to-date symlink: /home/yuxuan/astra_robot_control/skill/ros_ws/install/robot_interfaces/lib/python3.12/site-packages/robot_interfaces/_robot_interfaces_s.ep.rosidl_typesupport_c.c
[4.882s] -- Up-to-date symlink: /home/yuxuan/astra_robot_control/skill/ros_ws/install/robot_interfaces/lib/python3.12/site-packages/robot_interfaces/_robot_interfaces_s.ep.rosidl_typesupport_fastrtps_c.c
[4.882s] -- Up-to-date symlink: /home/yuxuan/astra_robot_control/skill/ros_ws/install/robot_interfaces/lib/python3.12/site-packages/robot_interfaces/_robot_interfaces_s.ep.rosidl_typesupport_introspection_c.c
[4.882s] -- Up-to-date symlink: /home/yuxuan/astra_robot_control/skill/ros_ws/install/robot_interfaces/lib/python3.12/site-packages/robot_interfaces/action/__init__.py
[4.882s] -- Up-to-date symlink: /home/yuxuan/astra_robot_control/skill/ros_ws/install/robot_interfaces/lib/python3.12/site-packages/robot_interfaces/action/_execute_step.py
[4.882s] -- Up-to-date symlink: /home/yuxuan/astra_robot_control/skill/ros_ws/install/robot_interfaces/lib/python3.12/site-packages/robot_interfaces/action/_execute_step_s.c
[4.882s] -- Up-to-date symlink: /home/yuxuan/astra_robot_control/skill/ros_ws/install/robot_interfaces/lib/python3.12/site-packages/robot_interfaces/msg/__init__.py
[4.882s] -- Up-to-date symlink: /home/yuxuan/astra_robot_control/skill/ros_ws/install/robot_interfaces/lib/python3.12/site-packages/robot_interfaces/msg/_robot_state.py
[4.883s] -- Up-to-date symlink: /home/yuxuan/astra_robot_control/skill/ros_ws/install/robot_interfaces/lib/python3.12/site-packages/robot_interfaces/msg/_robot_state_s.c
[4.883s] -- Up-to-date symlink: /home/yuxuan/astra_robot_control/skill/ros_ws/install/robot_interfaces/lib/python3.12/site-packages/robot_interfaces/robot_interfaces_s__rosidl_typesupport_c.so
[4.883s] -- Up-to-date symlink: /home/yuxuan/astra_robot_control/skill/ros_ws/install/robot_interfaces/lib/python3.12/site-packages/robot_interfaces/robot_interfaces_s__rosidl_typesupport_fastrtps_c.so
[4.883s] -- Up-to-date symlink: /home/yuxuan/astra_robot_control/skill/ros_ws/install/robot_interfaces/lib/python3.12/site-packages/robot_interfaces/robot_interfaces_s__rosidl_typesupport_introspection_c.so
[4.883s] -- Up-to-date symlink: /home/yuxuan/astra_robot_control/skill/ros_ws/install/robot_interfaces/lib/python3.12/site-packages/robot_interfaces/robot_interfaces_s__rosidl_typesupport_fastrtps_c.so
[4.883s] -- Up-to-date symlink: /home/yuxuan/astra_robot_control/skill/ros_ws/install/robot_interfaces/lib/python3.12/site-packages/robot_interfaces/robot_interfaces_s__rosidl_typesupport_introspection_c.so
[4.883s] -- Up-to-date symlink: /home/yuxuan/astra_robot_control/skill/ros_ws/install/robot_interfaces/lib/python3.12/site-packages/robot_interfaces/robot_interfaces_s__rosidl_typesupport_c.so
[4.883s] -- Up-to-date symlink: /home/yuxuan/astra_robot_control/skill/ros_ws/install/robot_interfaces/share/ament_index/resource_index/rust_packages/robot_interfaces
[4.883s] -- Up-to-date symlink: /home/yuxuan/astra_robot_control/skill/ros_ws/install/robot_interfaces/share/robot_interfaces/rust/Cargo.toml
[4.884s] -- Up-to-date symlink: /home/yuxuan/astra_robot_control/skill/ros_ws/install/robot_interfaces/share/robot_interfaces/rust/build.rs
[4.884s] -- Up-to-date symlink: /home/yuxuan/astra_robot_control/skill/ros_ws/install/robot_interfaces/share/robot_interfaces/rust/src/action.rs
[4.884s] -- Up-to-date symlink: /home/yuxuan/astra_robot_control/skill/ros_ws/install/robot_interfaces/share/robot_interfaces/rust/src/action/rmw.rs
[4.884s] -- Up-to-date symlink: /home/yuxuan/astra_robot_control/skill/ros_ws/install/robot_interfaces/share/robot_interfaces/rust/src/lib.rs
[4.884s] -- Up-to-date symlink: /home/yuxuan/astra_robot_control/skill/ros_ws/install/robot_interfaces/share/robot_interfaces/rust/src/msg.rs
[4.884s] -- Up-to-date symlink: /home/yuxuan/astra_robot_control/skill/ros_ws/install/robot_interfaces/share/robot_interfaces/rust/src/msg/rmw.rs
[4.884s] -- Up-to-date symlink: /home/yuxuan/astra_robot_control/skill/ros_ws/install/robot_interfaces/share/robot_interfaces/msg/RobotState.idl
[4.884s] -- Up-to-date symlink: /home/yuxuan/astra_robot_control/skill/ros_ws/install/robot_interfaces/share/robot_interfaces/action/ExecuteStep.idl
[4.884s] -- Up-to-date symlink: /home/yuxuan/astra_robot_control/skill/ros_ws/install/robot_interfaces/share/robot_interfaces/msg/RobotState.msg
[4.884s] -- Up-to-date symlink: /home/yuxuan/astra_robot_control/skill/ros_ws/install/robot_interfaces/share/robot_interfaces/action/ExecuteStep.action
[4.884s] -- Up-to-date symlink: /home/yuxuan/astra_robot_control/skill/ros_ws/install/robot_interfaces/share/ament_index/resource_index/package_run_dependencies/robot_interfaces
[4.885s] -- Up-to-date symlink: /home/yuxuan/astra_robot_control/skill/ros_ws/install/robot_interfaces/share/ament_index/resource_index/parent_prefix_path/robot_interfaces
[4.885s] -- Up-to-date symlink: /home/yuxuan/astra_robot_control/skill/ros_ws/install/robot_interfaces/share/robot_interfaces/environment/ament_prefix_path.sh
[4.885s] -- Up-to-date symlink: /home/yuxuan/astra_robot_control/skill/ros_ws/install/robot_interfaces/share/robot_interfaces/environment/ament_prefix_path.dsv
[4.885s] -- Up-to-date symlink: /home/yuxuan/astra_robot_control/skill/ros_ws/install/robot_interfaces/share/robot_interfaces/environment/path.sh
[4.885s] -- Up-to-date symlink: /home/yuxuan/astra_robot_control/skill/ros_ws/install/robot_interfaces/share/robot_interfaces/environment/path.dsv
[4.885s] -- Up-to-date symlink: /home/yuxuan/astra_robot_control/skill/ros_ws/install/robot_interfaces/share/robot_interfaces/local_setup.bash
[4.885s] -- Up-to-date symlink: /home/yuxuan/astra_robot_control/skill/ros_ws/install/robot_interfaces/share/robot_interfaces/local_setup.sh
[4.885s] -- Up-to-date symlink: /home/yuxuan/astra_robot_control/skill/ros_ws/install/robot_interfaces/share/robot_interfaces/local_setup.zsh
[4.885s] -- Up-to-date symlink: /home/yuxuan/astra_robot_control/skill/ros_ws/install/robot_interfaces/share/robot_interfaces/local_setup.dsv
[4.886s] -- Symlinking: /home/yuxuan/astra_robot_control/skill/ros_ws/install/robot_interfaces/share/robot_interfaces/package.dsv
[4.893s] -- Up-to-date symlink: /home/yuxuan/astra_robot_control/skill/ros_ws/install/robot_interfaces/share/ament_index/resource_index/packages/robot_interfaces
[4.893s] -- Up-to-date symlink: /home/yuxuan/astra_robot_control/skill/ros_ws/install/robot_interfaces/share/robot_interfaces/cmake/rosidl_cmake-extras.cmake
[4.893s] -- Up-to-date symlink: /home/yuxuan/astra_robot_control/skill/ros_ws/install/robot_interfaces/share/robot_interfaces/cmake/ament_cmake_export_dependencies-extras.cmake
[4.893s] -- Up-to-date symlink: /home/yuxuan/astra_robot_control/skill/ros_ws/install/robot_interfaces/share/robot_interfaces/cmake/ament_cmake_export_include_directories-extras.cmake
[4.893s] -- Up-to-date symlink: /home/yuxuan/astra_robot_control/skill/ros_ws/install/robot_interfaces/share/robot_interfaces/cmake/ament_cmake_export_libraries-extras.cmake
[4.893s] -- Up-to-date symlink: /home/yuxuan/astra_robot_control/skill/ros_ws/install/robot_interfaces/share/robot_interfaces/cmake/ament_cmake_export_targets-extras.cmake
[4.894s] -- Up-to-date symlink: /home/yuxuan/astra_robot_control/skill/ros_ws/install/robot_interfaces/share/robot_interfaces/cmake/rosidl_cmake_export_typesupport_targets-extras.cmake
[4.894s] -- Up-to-date symlink: /home/yuxuan/astra_robot_control/skill/ros_ws/install/robot_interfaces/share/robot_interfaces/cmake/rosidl_cmake_export_typesupport_libraries-extras.cmake
[4.894s] -- Up-to-date symlink: /home/yuxuan/astra_robot_control/skill/ros_ws/install/robot_interfaces/share/robot_interfaces/cmake/rosidl_cmake_aggregate_target-extras.cmake
[4.894s] -- Up-to-date symlink: /home/yuxuan/astra_robot_control/skill/ros_ws/install/robot_interfaces/share/robot_interfaces/cmake/robot_interfacesConfig.cmake
[4.894s] -- Up-to-date symlink: /home/yuxuan/astra_robot_control/skill/ros_ws/install/robot_interfaces/share/robot_interfaces/cmake/robot_interfacesConfig-version.cmake
[4.894s] -- Up-to-date symlink: /home/yuxuan/astra_robot_control/skill/ros_ws/install/robot_interfaces/share/robot_interfaces/package.xml
[4.894s] -- Installing: /home/yuxuan/astra_robot_control/skill/ros_ws/install/robot_interfaces/lib/librobot_interfaces__rosidl_generator_c.so
[4.895s] -- Set non-toolchain portion of runtime path of "/home/yuxuan/astra_robot_control/skill/ros_ws/install/robot_interfaces/lib/librobot_interfaces__rosidl_generator_c.so" to ""
[4.895s] -- Installing: /home/yuxuan/astra_robot_control/skill/ros_ws/install/robot_interfaces/lib/librobot_interfaces__rosidl_typesupport_fastrtps_c.so
[4.895s] -- Set non-toolchain portion of runtime path of "/home/yuxuan/astra_robot_control/skill/ros_ws/install/robot_interfaces/lib/librobot_interfaces__rosidl_typesupport_fastrtps_c.so" to ""
[4.896s] -- Installing: /home/yuxuan/astra_robot_control/skill/ros_ws/install/robot_interfaces/lib/librobot_interfaces__rosidl_typesupport_introspection_c.so
[4.896s] -- Set non-toolchain portion of runtime path of "/home/yuxuan/astra_robot_control/skill/ros_ws/install/robot_interfaces/lib/librobot_interfaces__rosidl_typesupport_introspection_c.so" to ""
[4.896s] -- Installing: /home/yuxuan/astra_robot_control/skill/ros_ws/install/robot_interfaces/lib/librobot_interfaces__rosidl_typesupport_c.so
[4.896s] -- Set non-toolchain portion of runtime path of "/home/yuxuan/astra_robot_control/skill/ros_ws/install/robot_interfaces/lib/librobot_interfaces__rosidl_typesupport_c.so" to ""
[4.897s] -- Installing: /home/yuxuan/astra_robot_control/skill/ros_ws/install/robot_interfaces/lib/librobot_interfaces__rosidl_typesupport_fastrtps_cpp.so
[4.897s] -- Set non-toolchain portion of runtime path of "/home/yuxuan/astra_robot_control/skill/ros_ws/install/robot_interfaces/lib/librobot_interfaces__rosidl_typesupport_fastrtps_cpp.so" to ""
[4.898s] -- Installing: /home/yuxuan/astra_robot_control/skill/ros_ws/install/robot_interfaces/lib/librobot_interfaces__rosidl_typesupport_introspection_cpp.so
[4.898s] -- Set non-toolchain portion of runtime path of "/home/yuxuan/astra_robot_control/skill/ros_ws/install/robot_interfaces/lib/librobot_interfaces__rosidl_typesupport_introspection_cpp.so" to ""
[4.898s] -- Installing: /home/yuxuan/astra_robot_control/skill/ros_ws/install/robot_interfaces/lib/librobot_interfaces__rosidl_typesupport_cpp.so
[4.898s] -- Set non-toolchain portion of runtime path of "/home/yuxuan/astra_robot_control/skill/ros_ws/install/robot_interfaces/lib/librobot_interfaces__rosidl_typesupport_cpp.so" to ""
[4.935s] Listing '/home/yuxuan/astra_robot_control/skill/ros_ws/install/robot_interfaces/lib/python3.12/site-packages/robot_interfaces'...
[4.935s] Compiling '/home/yuxuan/astra_robot_control/skill/ros_ws/install/robot_interfaces/lib/python3.12/site-packages/robot_interfaces/__init__.py'...
[4.935s] Listing '/home/yuxuan/astra_robot_control/skill/ros_ws/install/robot_interfaces/lib/python3.12/site-packages/robot_interfaces/action'...
[4.935s] Compiling '/home/yuxuan/astra_robot_control/skill/ros_ws/install/robot_interfaces/lib/python3.12/site-packages/robot_interfaces/action/__init__.py'...
[4.935s] Compiling '/home/yuxuan/astra_robot_control/skill/ros_ws/install/robot_interfaces/lib/python3.12/site-packages/robot_interfaces/action/_execute_step.py'...
[4.935s] Listing '/home/yuxuan/astra_robot_control/skill/ros_ws/install/robot_interfaces/lib/python3.12/site-packages/robot_interfaces/msg'...
[4.935s] Compiling '/home/yuxuan/astra_robot_control/skill/ros_ws/install/robot_interfaces/lib/python3.12/site-packages/robot_interfaces/msg/__init__.py'...
[4.935s] Compiling '/home/yuxuan/astra_robot_control/skill/ros_ws/install/robot_interfaces/lib/python3.12/site-packages/robot_interfaces/msg/_robot_state.py'...
[4.939s] -- Installing: /home/yuxuan/astra_robot_control/skill/ros_ws/install/robot_interfaces/lib/librobot_interfaces__rosidl_generator_py.so
[4.939s] -- Set non-toolchain portion of runtime path of "/home/yuxuan/astra_robot_control/skill/ros_ws/install/robot_interfaces/lib/librobot_interfaces__rosidl_generator_py.so" to ""
[4.939s] -- Up-to-date: /home/yuxuan/astra_robot_control/skill/ros_ws/install/robot_interfaces/share/robot_interfaces/cmake/export_robot_interfaces__rosidl_generator_cExport.cmake
[4.940s] -- Up-to-date: /home/yuxuan/astra_robot_control/skill/ros_ws/install/robot_interfaces/share/robot_interfaces/cmake/export_robot_interfaces__rosidl_generator_cExport-noconfig.cmake
[4.940s] -- Up-to-date: /home/yuxuan/astra_robot_control/skill/ros_ws/install/robot_interfaces/share/robot_interfaces/cmake/export_robot_interfaces__rosidl_typesupport_fastrtps_cExport.cmake
[4.940s] -- Up-to-date: /home/yuxuan/astra_robot_control/skill/ros_ws/install/robot_interfaces/share/robot_interfaces/cmake/export_robot_interfaces__rosidl_typesupport_fastrtps_cExport-noconfig.cmake
[4.940s] -- Up-to-date: /home/yuxuan/astra_robot_control/skill/ros_ws/install/robot_interfaces/share/robot_interfaces/cmake/robot_interfaces__rosidl_typesupport_introspection_cExport.cmake
[4.940s] -- Up-to-date: /home/yuxuan/astra_robot_control/skill/ros_ws/install/robot_interfaces/share/robot_interfaces/cmake/robot_interfaces__rosidl_typesupport_introspection_cExport-noconfig.cmake
[4.940s] -- Up-to-date: /home/yuxuan/astra_robot_control/skill/ros_ws/install/robot_interfaces/share/robot_interfaces/cmake/robot_interfaces__rosidl_typesupport_cExport.cmake
[4.940s] -- Up-to-date: /home/yuxuan/astra_robot_control/skill/ros_ws/install/robot_interfaces/share/robot_interfaces/cmake/robot_interfaces__rosidl_typesupport_cExport-noconfig.cmake
[4.940s] -- Up-to-date: /home/yuxuan/astra_robot_control/skill/ros_ws/install/robot_interfaces/share/robot_interfaces/cmake/export_robot_interfaces__rosidl_generator_cppExport.cmake
[4.940s] -- Up-to-date: /home/yuxuan/astra_robot_control/skill/ros_ws/install/robot_interfaces/share/robot_interfaces/cmake/export_robot_interfaces__rosidl_typesupport_fastrtps_cppExport.cmake
[4.940s] -- Up-to-date: /home/yuxuan/astra_robot_control/skill/ros_ws/install/robot_interfaces/share/robot_interfaces/cmake/export_robot_interfaces__rosidl_typesupport_fastrtps_cppExport-noconfig.cmake
[4.940s] -- Up-to-date: /home/yuxuan/astra_robot_control/skill/ros_ws/install/robot_interfaces/share/robot_interfaces/cmake/robot_interfaces__rosidl_typesupport_introspection_cppExport.cmake
[4.940s] -- Up-to-date: /home/yuxuan/astra_robot_control/skill/ros_ws/install/robot_interfaces/share/robot_interfaces/cmake/robot_interfaces__rosidl_typesupport_introspection_cppExport-noconfig.cmake
[4.940s] -- Up-to-date: /home/yuxuan/astra_robot_control/skill/ros_ws/install/robot_interfaces/share/robot_interfaces/cmake/robot_interfaces__rosidl_typesupport_cppExport.cmake
[4.941s] -- Up-to-date: /home/yuxuan/astra_robot_control/skill/ros_ws/install/robot_interfaces/share/robot_interfaces/cmake/robot_interfaces__rosidl_typesupport_cppExport-noconfig.cmake
[4.941s] -- Up-to-date: /home/yuxuan/astra_robot_control/skill/ros_ws/install/robot_interfaces/share/robot_interfaces/cmake/export_robot_interfaces__rosidl_generator_pyExport.cmake
[4.941s] -- Up-to-date: /home/yuxuan/astra_robot_control/skill/ros_ws/install/robot_interfaces/share/robot_interfaces/cmake/export_robot_interfaces__rosidl_generator_pyExport-noconfig.cmake
[4.943s] Invoked command in '/home/yuxuan/astra_robot_control/skill/ros_ws/build/robot_interfaces' returned '0': CMAKE_PREFIX_PATH=${CMAKE_PREFIX_PATH}:/opt/ros/jazzy DEBUGINFOD_URLS=https://debuginfod.ubuntu.com /usr/bin/cmake --install /home/yuxuan/astra_robot_control/skill/ros_ws/build/robot_interfaces
