-- The C compiler identification is GNU 13.3.0
-- The CXX compiler identification is GNU 13.3.0
-- Detecting C compiler ABI info
-- Detecting C compiler ABI info - done
-- Check for working C compiler: /usr/bin/cc - skipped
-- Detecting C compile features
-- Detecting C compile features - done
-- Detecting CXX compiler ABI info
-- Detecting CXX compiler ABI info - done
-- Check for working CXX compiler: /usr/bin/c++ - skipped
-- Detecting CXX compile features
-- Detecting CXX compile features - done
-- Found ament_cmake: 2.5.6 (/opt/ros/jazzy/share/ament_cmake/cmake)
-- Found Python3: /usr/bin/python3 (found version "3.12.3") found components: Interpreter 
-- Override CMake install command with custom implementation using symlinks instead of copying resources
-- Configuring done (0.5s)
-- Generating done (0.0s)
-- Build files have been written to: /home/yuxuan/astra_robot_control/skill/ros_ws/build/robot_bringup
-- Install configuration: ""
-- Execute custom install script
-- Symlinking: /home/yuxuan/astra_robot_control/skill/ros_ws/install/robot_bringup/share/robot_bringup/launch/system.launch.py
-- Symlinking: /home/yuxuan/astra_robot_control/skill/ros_ws/install/robot_bringup/share/robot_bringup/config/system.yaml
-- Symlinking: /home/yuxuan/astra_robot_control/skill/ros_ws/install/robot_bringup/share/ament_index/resource_index/package_run_dependencies/robot_bringup
-- Symlinking: /home/yuxuan/astra_robot_control/skill/ros_ws/install/robot_bringup/share/ament_index/resource_index/parent_prefix_path/robot_bringup
-- Symlinking: /home/yuxuan/astra_robot_control/skill/ros_ws/install/robot_bringup/share/robot_bringup/environment/ament_prefix_path.sh
-- Symlinking: /home/yuxuan/astra_robot_control/skill/ros_ws/install/robot_bringup/share/robot_bringup/environment/ament_prefix_path.dsv
-- Symlinking: /home/yuxuan/astra_robot_control/skill/ros_ws/install/robot_bringup/share/robot_bringup/environment/path.sh
-- Symlinking: /home/yuxuan/astra_robot_control/skill/ros_ws/install/robot_bringup/share/robot_bringup/environment/path.dsv
-- Symlinking: /home/yuxuan/astra_robot_control/skill/ros_ws/install/robot_bringup/share/robot_bringup/local_setup.bash
-- Symlinking: /home/yuxuan/astra_robot_control/skill/ros_ws/install/robot_bringup/share/robot_bringup/local_setup.sh
-- Symlinking: /home/yuxuan/astra_robot_control/skill/ros_ws/install/robot_bringup/share/robot_bringup/local_setup.zsh
-- Symlinking: /home/yuxuan/astra_robot_control/skill/ros_ws/install/robot_bringup/share/robot_bringup/local_setup.dsv
-- Symlinking: /home/yuxuan/astra_robot_control/skill/ros_ws/install/robot_bringup/share/robot_bringup/package.dsv
-- Symlinking: /home/yuxuan/astra_robot_control/skill/ros_ws/install/robot_bringup/share/ament_index/resource_index/packages/robot_bringup
-- Symlinking: /home/yuxuan/astra_robot_control/skill/ros_ws/install/robot_bringup/share/robot_bringup/cmake/robot_bringupConfig.cmake
-- Symlinking: /home/yuxuan/astra_robot_control/skill/ros_ws/install/robot_bringup/share/robot_bringup/cmake/robot_bringupConfig-version.cmake
-- Symlinking: /home/yuxuan/astra_robot_control/skill/ros_ws/install/robot_bringup/share/robot_bringup/package.xml
