[0.008s] Invoking command in '/home/yuxuan/astra_robot_control/skill/ros_ws/build/robot_execution': AMENT_PREFIX_PATH=/home/yuxuan/astra_robot_control/skill/ros_ws/install/robot_interfaces:${AMENT_PREFIX_PATH} CMAKE_PREFIX_PATH=/home/yuxuan/astra_robot_control/skill/ros_ws/install/robot_interfaces:/opt/ros/jazzy/opt/gz_sim_vendor:/opt/ros/jazzy/opt/gz_sensors_vendor:/opt/ros/jazzy/opt/gz_physics_vendor:/opt/ros/jazzy/opt/sdformat_vendor:/opt/ros/jazzy/opt/gz_gui_vendor:/opt/ros/jazzy/opt/gz_transport_vendor:/opt/ros/jazzy/opt/gz_rendering_vendor:/opt/ros/jazzy/opt/gz_plugin_vendor:/opt/ros/jazzy/opt/gz_fuel_tools_vendor:/opt/ros/jazzy/opt/gz_msgs_vendor:/opt/ros/jazzy/opt/gz_common_vendor:/opt/ros/jazzy/opt/gz_math_vendor:/opt/ros/jazzy/opt/gz_utils_vendor:/opt/ros/jazzy/opt/gz_tools_vendor:/opt/ros/jazzy/opt/gz_ogre_next_vendor:/opt/ros/jazzy/opt/gz_dartsim_vendor:/opt/ros/jazzy/opt/gz_cmake_vendor:/opt/ros/jazzy DEBUGINFOD_URLS=https://debuginfod.ubuntu.com LD_LIBRARY_PATH=/home/yuxuan/astra_robot_control/skill/ros_ws/install/robot_interfaces/lib:${LD_LIBRARY_PATH} PYTHONPATH=/home/yuxuan/astra_robot_control/skill/ros_ws/install/robot_interfaces/lib/python3.12/site-packages:${PYTHONPATH} /usr/bin/cmake --build /home/yuxuan/astra_robot_control/skill/ros_ws/build/robot_execution -- -j20 -l20
[0.057s] [ 50%] Built target gtest_main
[0.057s] [ 50%] Built target gtest
[0.063s] [ 62%] Building CXX object CMakeFiles/execution_node.dir/src/execution_node.cpp.o
[0.075s] [ 75%] Building CXX object CMakeFiles/test_validation.dir/test/test_validation.cpp.o
[0.671s] [ 87%] Linking CXX executable test_validation
[0.764s] [ 87%] Built target test_validation
[4.310s] [100%] Linking CXX executable execution_node
[4.560s] [100%] Built target execution_node
[4.569s] Invoked command in '/home/yuxuan/astra_robot_control/skill/ros_ws/build/robot_execution' returned '0': AMENT_PREFIX_PATH=/home/yuxuan/astra_robot_control/skill/ros_ws/install/robot_interfaces:${AMENT_PREFIX_PATH} CMAKE_PREFIX_PATH=/home/yuxuan/astra_robot_control/skill/ros_ws/install/robot_interfaces:/opt/ros/jazzy/opt/gz_sim_vendor:/opt/ros/jazzy/opt/gz_sensors_vendor:/opt/ros/jazzy/opt/gz_physics_vendor:/opt/ros/jazzy/opt/sdformat_vendor:/opt/ros/jazzy/opt/gz_gui_vendor:/opt/ros/jazzy/opt/gz_transport_vendor:/opt/ros/jazzy/opt/gz_rendering_vendor:/opt/ros/jazzy/opt/gz_plugin_vendor:/opt/ros/jazzy/opt/gz_fuel_tools_vendor:/opt/ros/jazzy/opt/gz_msgs_vendor:/opt/ros/jazzy/opt/gz_common_vendor:/opt/ros/jazzy/opt/gz_math_vendor:/opt/ros/jazzy/opt/gz_utils_vendor:/opt/ros/jazzy/opt/gz_tools_vendor:/opt/ros/jazzy/opt/gz_ogre_next_vendor:/opt/ros/jazzy/opt/gz_dartsim_vendor:/opt/ros/jazzy/opt/gz_cmake_vendor:/opt/ros/jazzy DEBUGINFOD_URLS=https://debuginfod.ubuntu.com LD_LIBRARY_PATH=/home/yuxuan/astra_robot_control/skill/ros_ws/install/robot_interfaces/lib:${LD_LIBRARY_PATH} PYTHONPATH=/home/yuxuan/astra_robot_control/skill/ros_ws/install/robot_interfaces/lib/python3.12/site-packages:${PYTHONPATH} /usr/bin/cmake --build /home/yuxuan/astra_robot_control/skill/ros_ws/build/robot_execution -- -j20 -l20
[4.570s] Invoking command in '/home/yuxuan/astra_robot_control/skill/ros_ws/build/robot_execution': AMENT_PREFIX_PATH=/home/yuxuan/astra_robot_control/skill/ros_ws/install/robot_interfaces:${AMENT_PREFIX_PATH} CMAKE_PREFIX_PATH=/home/yuxuan/astra_robot_control/skill/ros_ws/install/robot_interfaces:/opt/ros/jazzy/opt/gz_sim_vendor:/opt/ros/jazzy/opt/gz_sensors_vendor:/opt/ros/jazzy/opt/gz_physics_vendor:/opt/ros/jazzy/opt/sdformat_vendor:/opt/ros/jazzy/opt/gz_gui_vendor:/opt/ros/jazzy/opt/gz_transport_vendor:/opt/ros/jazzy/opt/gz_rendering_vendor:/opt/ros/jazzy/opt/gz_plugin_vendor:/opt/ros/jazzy/opt/gz_fuel_tools_vendor:/opt/ros/jazzy/opt/gz_msgs_vendor:/opt/ros/jazzy/opt/gz_common_vendor:/opt/ros/jazzy/opt/gz_math_vendor:/opt/ros/jazzy/opt/gz_utils_vendor:/opt/ros/jazzy/opt/gz_tools_vendor:/opt/ros/jazzy/opt/gz_ogre_next_vendor:/opt/ros/jazzy/opt/gz_dartsim_vendor:/opt/ros/jazzy/opt/gz_cmake_vendor:/opt/ros/jazzy DEBUGINFOD_URLS=https://debuginfod.ubuntu.com LD_LIBRARY_PATH=/home/yuxuan/astra_robot_control/skill/ros_ws/install/robot_interfaces/lib:${LD_LIBRARY_PATH} PYTHONPATH=/home/yuxuan/astra_robot_control/skill/ros_ws/install/robot_interfaces/lib/python3.12/site-packages:${PYTHONPATH} /usr/bin/cmake --install /home/yuxuan/astra_robot_control/skill/ros_ws/build/robot_execution
[4.576s] -- Install configuration: ""
[4.576s] -- Execute custom install script
[4.577s] -- Up-to-date symlink: /home/yuxuan/astra_robot_control/skill/ros_ws/install/robot_execution/lib/robot_execution/execution_node
[4.577s] -- Up-to-date symlink: /home/yuxuan/astra_robot_control/skill/ros_ws/install/robot_execution/share/ament_index/resource_index/package_run_dependencies/robot_execution
[4.577s] -- Up-to-date symlink: /home/yuxuan/astra_robot_control/skill/ros_ws/install/robot_execution/share/ament_index/resource_index/parent_prefix_path/robot_execution
[4.577s] -- Up-to-date symlink: /home/yuxuan/astra_robot_control/skill/ros_ws/install/robot_execution/share/robot_execution/environment/ament_prefix_path.sh
[4.577s] -- Up-to-date symlink: /home/yuxuan/astra_robot_control/skill/ros_ws/install/robot_execution/share/robot_execution/environment/ament_prefix_path.dsv
[4.577s] -- Up-to-date symlink: /home/yuxuan/astra_robot_control/skill/ros_ws/install/robot_execution/share/robot_execution/environment/path.sh
[4.577s] -- Up-to-date symlink: /home/yuxuan/astra_robot_control/skill/ros_ws/install/robot_execution/share/robot_execution/environment/path.dsv
[4.577s] -- Up-to-date symlink: /home/yuxuan/astra_robot_control/skill/ros_ws/install/robot_execution/share/robot_execution/local_setup.bash
[4.577s] -- Up-to-date symlink: /home/yuxuan/astra_robot_control/skill/ros_ws/install/robot_execution/share/robot_execution/local_setup.sh
[4.577s] -- Up-to-date symlink: /home/yuxuan/astra_robot_control/skill/ros_ws/install/robot_execution/share/robot_execution/local_setup.zsh
[4.577s] -- Up-to-date symlink: /home/yuxuan/astra_robot_control/skill/ros_ws/install/robot_execution/share/robot_execution/local_setup.dsv
[4.577s] -- Symlinking: /home/yuxuan/astra_robot_control/skill/ros_ws/install/robot_execution/share/robot_execution/package.dsv
[4.584s] -- Up-to-date symlink: /home/yuxuan/astra_robot_control/skill/ros_ws/install/robot_execution/share/ament_index/resource_index/packages/robot_execution
[4.584s] -- Up-to-date symlink: /home/yuxuan/astra_robot_control/skill/ros_ws/install/robot_execution/share/robot_execution/cmake/robot_executionConfig.cmake
[4.585s] -- Up-to-date symlink: /home/yuxuan/astra_robot_control/skill/ros_ws/install/robot_execution/share/robot_execution/cmake/robot_executionConfig-version.cmake
[4.585s] -- Up-to-date symlink: /home/yuxuan/astra_robot_control/skill/ros_ws/install/robot_execution/share/robot_execution/package.xml
[4.586s] Invoked command in '/home/yuxuan/astra_robot_control/skill/ros_ws/build/robot_execution' returned '0': AMENT_PREFIX_PATH=/home/yuxuan/astra_robot_control/skill/ros_ws/install/robot_interfaces:${AMENT_PREFIX_PATH} CMAKE_PREFIX_PATH=/home/yuxuan/astra_robot_control/skill/ros_ws/install/robot_interfaces:/opt/ros/jazzy/opt/gz_sim_vendor:/opt/ros/jazzy/opt/gz_sensors_vendor:/opt/ros/jazzy/opt/gz_physics_vendor:/opt/ros/jazzy/opt/sdformat_vendor:/opt/ros/jazzy/opt/gz_gui_vendor:/opt/ros/jazzy/opt/gz_transport_vendor:/opt/ros/jazzy/opt/gz_rendering_vendor:/opt/ros/jazzy/opt/gz_plugin_vendor:/opt/ros/jazzy/opt/gz_fuel_tools_vendor:/opt/ros/jazzy/opt/gz_msgs_vendor:/opt/ros/jazzy/opt/gz_common_vendor:/opt/ros/jazzy/opt/gz_math_vendor:/opt/ros/jazzy/opt/gz_utils_vendor:/opt/ros/jazzy/opt/gz_tools_vendor:/opt/ros/jazzy/opt/gz_ogre_next_vendor:/opt/ros/jazzy/opt/gz_dartsim_vendor:/opt/ros/jazzy/opt/gz_cmake_vendor:/opt/ros/jazzy DEBUGINFOD_URLS=https://debuginfod.ubuntu.com LD_LIBRARY_PATH=/home/yuxuan/astra_robot_control/skill/ros_ws/install/robot_interfaces/lib:${LD_LIBRARY_PATH} PYTHONPATH=/home/yuxuan/astra_robot_control/skill/ros_ws/install/robot_interfaces/lib/python3.12/site-packages:${PYTHONPATH} /usr/bin/cmake --install /home/yuxuan/astra_robot_control/skill/ros_ws/build/robot_execution
