[0.157s] Invoking command in '/home/yuxuan/astra_robot_control/skill/ros_ws/build/carm_a3t': CMAKE_PREFIX_PATH=${CMAKE_PREFIX_PATH}:/opt/ros/jazzy DEBUGINFOD_URLS=https://debuginfod.ubuntu.com /usr/bin/cmake /home/yuxuan/astra_robot_control/skill/ros_ws/src/carm_a3t -DAMENT_CMAKE_SYMLINK_INSTALL=1 -DCMAKE_INSTALL_PREFIX=/home/yuxuan/astra_robot_control/skill/ros_ws/install/carm_a3t
[0.201s] -- The C compiler identification is GNU 13.3.0
[0.244s] -- The CXX compiler identification is GNU 13.3.0
[0.257s] -- Detecting C compiler ABI info
[0.340s] -- Detecting C compiler ABI info - done
[0.348s] -- Check for working C compiler: /usr/bin/cc - skipped
[0.348s] -- Detecting C compile features
[0.348s] -- Detecting C compile features - done
[0.357s] -- Detecting CXX compiler ABI info
[0.446s] -- Detecting CXX compiler ABI info - done
[0.454s] -- Check for working CXX compiler: /usr/bin/c++ - skipped
[0.454s] -- Detecting CXX compile features
[0.454s] -- Detecting CXX compile features - done
[0.458s] -- Found ament_cmake: 2.5.6 (/opt/ros/jazzy/share/ament_cmake/cmake)
[0.590s] -- Found Python3: /usr/bin/python3 (found version "3.12.3") found components: Interpreter 
[0.652s] -- Override CMake install command with custom implementation using symlinks instead of copying resources
[0.693s] -- Found rclcpp: 28.1.21 (/opt/ros/jazzy/share/rclcpp/cmake)
[0.736s] -- Found rosidl_generator_c: 4.6.9 (/opt/ros/jazzy/share/rosidl_generator_c/cmake)
[0.747s] -- Found rosidl_generator_cpp: 4.6.9 (/opt/ros/jazzy/share/rosidl_generator_cpp/cmake)
[0.760s] -- Using all available rosidl_typesupport_c: rosidl_typesupport_fastrtps_c;rosidl_typesupport_introspection_c
[0.773s] -- Using all available rosidl_typesupport_cpp: rosidl_typesupport_fastrtps_cpp;rosidl_typesupport_introspection_cpp
[0.833s] -- Found rmw_implementation_cmake: 7.3.3 (/opt/ros/jazzy/share/rmw_implementation_cmake/cmake)
[0.836s] -- Found rmw_fastrtps_cpp: 8.4.4 (/opt/ros/jazzy/share/rmw_fastrtps_cpp/cmake)
[0.901s] -- Found OpenSSL: /usr/lib/x86_64-linux-gnu/libcrypto.so (found version "3.0.13")  
[0.922s] -- Found FastRTPS: /opt/ros/jazzy/include (Required is at least version "2.13") 
[0.941s] -- Using RMW implementation 'rmw_fastrtps_cpp' as default
[1.007s] -- Found ament_lint_auto: 0.17.5 (/opt/ros/jazzy/share/ament_lint_auto/cmake)
[1.094s] -- Added test 'copyright' to check source files copyright and LICENSE
[1.096s] -- Added test 'flake8' to check Python code syntax and style conventions
[1.096s] -- Configured 'flake8' exclude dirs and/or files: 
[1.097s] -- Added test 'lint_cmake' to check CMake code style
[1.097s] -- Added test 'pep257' to check Python code against some of the docstring style conventions in PEP 257
[1.098s] -- Added test 'xmllint' to check XML markup files
[1.100s] -- Configuring done (0.9s)
[1.103s] -- Generating done (0.0s)
[1.104s] -- Build files have been written to: /home/yuxuan/astra_robot_control/skill/ros_ws/build/carm_a3t
[1.113s] Invoked command in '/home/yuxuan/astra_robot_control/skill/ros_ws/build/carm_a3t' returned '0': CMAKE_PREFIX_PATH=${CMAKE_PREFIX_PATH}:/opt/ros/jazzy DEBUGINFOD_URLS=https://debuginfod.ubuntu.com /usr/bin/cmake /home/yuxuan/astra_robot_control/skill/ros_ws/src/carm_a3t -DAMENT_CMAKE_SYMLINK_INSTALL=1 -DCMAKE_INSTALL_PREFIX=/home/yuxuan/astra_robot_control/skill/ros_ws/install/carm_a3t
[1.113s] Invoking command in '/home/yuxuan/astra_robot_control/skill/ros_ws/build/carm_a3t': CMAKE_PREFIX_PATH=${CMAKE_PREFIX_PATH}:/opt/ros/jazzy DEBUGINFOD_URLS=https://debuginfod.ubuntu.com /usr/bin/cmake --build /home/yuxuan/astra_robot_control/skill/ros_ws/build/carm_a3t -- -j20 -l20
[1.149s] Invoked command in '/home/yuxuan/astra_robot_control/skill/ros_ws/build/carm_a3t' returned '0': CMAKE_PREFIX_PATH=${CMAKE_PREFIX_PATH}:/opt/ros/jazzy DEBUGINFOD_URLS=https://debuginfod.ubuntu.com /usr/bin/cmake --build /home/yuxuan/astra_robot_control/skill/ros_ws/build/carm_a3t -- -j20 -l20
[1.157s] Invoking command in '/home/yuxuan/astra_robot_control/skill/ros_ws/build/carm_a3t': CMAKE_PREFIX_PATH=${CMAKE_PREFIX_PATH}:/opt/ros/jazzy DEBUGINFOD_URLS=https://debuginfod.ubuntu.com /usr/bin/cmake --install /home/yuxuan/astra_robot_control/skill/ros_ws/build/carm_a3t
[1.163s] -- Install configuration: ""
[1.163s] -- Execute custom install script
[1.163s] -- Symlinking: /home/yuxuan/astra_robot_control/skill/ros_ws/install/carm_a3t/share/carm_a3t//launch/display.launch.py
[1.171s] -- Symlinking: /home/yuxuan/astra_robot_control/skill/ros_ws/install/carm_a3t/share/carm_a3t//meshes/base_link.STL
[1.178s] -- Symlinking: /home/yuxuan/astra_robot_control/skill/ros_ws/install/carm_a3t/share/carm_a3t//meshes/gripper.STL
[1.186s] -- Symlinking: /home/yuxuan/astra_robot_control/skill/ros_ws/install/carm_a3t/share/carm_a3t//meshes/gripper_base.STL
[1.197s] -- Symlinking: /home/yuxuan/astra_robot_control/skill/ros_ws/install/carm_a3t/share/carm_a3t//meshes/gripper_left.STL
[1.208s] -- Symlinking: /home/yuxuan/astra_robot_control/skill/ros_ws/install/carm_a3t/share/carm_a3t//meshes/gripper_right.STL
[1.218s] -- Symlinking: /home/yuxuan/astra_robot_control/skill/ros_ws/install/carm_a3t/share/carm_a3t//meshes/link1.STL
[1.226s] -- Symlinking: /home/yuxuan/astra_robot_control/skill/ros_ws/install/carm_a3t/share/carm_a3t//meshes/link2.STL
[1.239s] -- Symlinking: /home/yuxuan/astra_robot_control/skill/ros_ws/install/carm_a3t/share/carm_a3t//meshes/link3.STL
[1.241s] -- Symlinking: /home/yuxuan/astra_robot_control/skill/ros_ws/install/carm_a3t/share/carm_a3t//meshes/link4.STL
[1.249s] -- Symlinking: /home/yuxuan/astra_robot_control/skill/ros_ws/install/carm_a3t/share/carm_a3t//meshes/link5.STL
[1.255s] -- Symlinking: /home/yuxuan/astra_robot_control/skill/ros_ws/install/carm_a3t/share/carm_a3t//meshes/link6.STL
[1.262s] -- Symlinking: /home/yuxuan/astra_robot_control/skill/ros_ws/install/carm_a3t/share/carm_a3t//meshes/payload.STL
[1.269s] -- Symlinking: /home/yuxuan/astra_robot_control/skill/ros_ws/install/carm_a3t/share/carm_a3t//urdf/carm_a3t.csv
[1.276s] -- Symlinking: /home/yuxuan/astra_robot_control/skill/ros_ws/install/carm_a3t/share/carm_a3t//urdf/carm_a3t.urdf
[1.283s] -- Symlinking: /home/yuxuan/astra_robot_control/skill/ros_ws/install/carm_a3t/share/carm_a3t//urdf/default.rviz
[1.291s] -- Symlinking: /home/yuxuan/astra_robot_control/skill/ros_ws/install/carm_a3t/share/ament_index/resource_index/package_run_dependencies/carm_a3t
[1.298s] -- Symlinking: /home/yuxuan/astra_robot_control/skill/ros_ws/install/carm_a3t/share/ament_index/resource_index/parent_prefix_path/carm_a3t
[1.306s] -- Symlinking: /home/yuxuan/astra_robot_control/skill/ros_ws/install/carm_a3t/share/carm_a3t/environment/ament_prefix_path.sh
[1.313s] -- Symlinking: /home/yuxuan/astra_robot_control/skill/ros_ws/install/carm_a3t/share/carm_a3t/environment/ament_prefix_path.dsv
[1.321s] -- Symlinking: /home/yuxuan/astra_robot_control/skill/ros_ws/install/carm_a3t/share/carm_a3t/environment/path.sh
[1.329s] -- Symlinking: /home/yuxuan/astra_robot_control/skill/ros_ws/install/carm_a3t/share/carm_a3t/environment/path.dsv
[1.335s] -- Symlinking: /home/yuxuan/astra_robot_control/skill/ros_ws/install/carm_a3t/share/carm_a3t/local_setup.bash
[1.344s] -- Symlinking: /home/yuxuan/astra_robot_control/skill/ros_ws/install/carm_a3t/share/carm_a3t/local_setup.sh
[1.350s] -- Symlinking: /home/yuxuan/astra_robot_control/skill/ros_ws/install/carm_a3t/share/carm_a3t/local_setup.zsh
[1.359s] -- Symlinking: /home/yuxuan/astra_robot_control/skill/ros_ws/install/carm_a3t/share/carm_a3t/local_setup.dsv
[1.365s] -- Symlinking: /home/yuxuan/astra_robot_control/skill/ros_ws/install/carm_a3t/share/carm_a3t/package.dsv
[1.373s] -- Symlinking: /home/yuxuan/astra_robot_control/skill/ros_ws/install/carm_a3t/share/ament_index/resource_index/packages/carm_a3t
[1.379s] -- Symlinking: /home/yuxuan/astra_robot_control/skill/ros_ws/install/carm_a3t/share/carm_a3t/cmake/carm_a3tConfig.cmake
[1.386s] -- Symlinking: /home/yuxuan/astra_robot_control/skill/ros_ws/install/carm_a3t/share/carm_a3t/cmake/carm_a3tConfig-version.cmake
[1.393s] -- Symlinking: /home/yuxuan/astra_robot_control/skill/ros_ws/install/carm_a3t/share/carm_a3t/package.xml
[1.401s] Invoked command in '/home/yuxuan/astra_robot_control/skill/ros_ws/build/carm_a3t' returned '0': CMAKE_PREFIX_PATH=${CMAKE_PREFIX_PATH}:/opt/ros/jazzy DEBUGINFOD_URLS=https://debuginfod.ubuntu.com /usr/bin/cmake --install /home/yuxuan/astra_robot_control/skill/ros_ws/build/carm_a3t
